#
# There is insufficient memory for the Java Runtime Environment to continue.
# Native memory allocation (mmap) failed to map 1233125376 bytes. Error detail: G1 virtual space
# Possible reasons:
#   The system is out of physical RAM or swap space
#   This process is running with CompressedOops enabled, and the Java Heap may be blocking the growth of the native heap
# Possible solutions:
#   Reduce memory load on the system
#   Increase physical memory or swap space
#   Check if swap backing store is full
#   Decrease Java heap size (-Xmx/-Xms)
#   Decrease number of Java threads
#   Decrease Java thread stack sizes (-Xss)
#   Set larger code cache with -XX:ReservedCodeCacheSize=
#   JVM is running with Zero Based Compressed Oops mode in which the Java heap is
#     placed in the first 32GB address space. The Java Heap base address is the
#     maximum limit for the native heap growth. Please use -XX:HeapBaseMinAddress
#     to set the Java Heap base and to place the Java Heap above 32GB virtual address.
# This output file may be truncated or incomplete.
#
#  Out of Memory Error (os_windows.cpp:3583), pid=1652, tid=8736
#
# JRE version: Java(TM) SE Runtime Environment (26.0.2.1+1) (build 26.0.2.1+1-7)
# Java VM: Java HotSpot(TM) 64-Bit Server VM (26.0.2.1+1-7, mixed mode, sharing, tiered, compressed oops, compressed class ptrs, g1 gc, windows-amd64)
# No core dump will be written. Minidumps are not enabled by default on client versions of Windows
#

---------------  S U M M A R Y ------------

Command Line: --add-opens=java.base/java.lang=ALL-UNNAMED --add-opens=java.base/java.lang.invoke=ALL-UNNAMED --add-opens=java.base/java.util=ALL-UNNAMED --add-opens=java.prefs/java.util.prefs=ALL-UNNAMED --add-exports=jdk.compiler/com.sun.tools.javac.api=ALL-UNNAMED --add-exports=jdk.compiler/com.sun.tools.javac.util=ALL-UNNAMED --add-opens=java.base/java.util=ALL-UNNAMED --add-opens=java.prefs/java.util.prefs=ALL-UNNAMED --add-opens=java.base/java.nio.charset=ALL-UNNAMED --add-opens=java.base/java.net=ALL-UNNAMED --add-opens=java.base/java.util.concurrent=ALL-UNNAMED --add-opens=java.base/java.util.concurrent.atomic=ALL-UNNAMED --add-opens=java.xml/javax.xml.namespace=ALL-UNNAMED --add-opens=java.base/java.time=ALL-UNNAMED --enable-native-access=ALL-UNNAMED -XX:MaxMetaspaceSize=4G -XX:ReservedCodeCacheSize=512m -XX:+HeapDumpOnOutOfMemoryError -Xmx8G -Dfile.encoding=UTF-8 -Duser.country=US -Duser.language=en -Duser.variant -javaagent:C:\Users\amang\.gradle\wrapper\dists\gradle-9.3.1-all\9ot9r568e8zfvvd4mn8rbu1j0\gradle-9.3.1\lib\agents\gradle-instrumentation-agent-9.3.1.jar org.gradle.launcher.daemon.bootstrap.GradleDaemon 9.3.1

Host: 12th Gen Intel(R) Core(TM) i5-12450H, 12 cores, 15G,  Windows 11 , 64 bit Build 26100 (10.0.26100.9549)
Time: Fri Sep 25 13:03:36 2026 India Standard Time elapsed time: 211.304310 seconds (0d 0h 3m 31s)

---------------  T H R E A D  ---------------

Current thread (0x0000021cfc0dab80):  VMThread "VM Thread"          [id=8736, stack(0x000000da9a700000,0x000000da9a800000) (1024K)]

Stack: [0x000000da9a700000,0x000000da9a800000]
Native frames: (J=compiled Java code, j=interpreted, Vv=VM code, C=native code)
V  [jvm.dll+0x7d6ea9]  (no source info available)
V  [jvm.dll+0x7a4dcd]  (no source info available)
V  [jvm.dll+0x9b2390]  (no source info available)
V  [jvm.dll+0x9b47e1]  (no source info available)
V  [jvm.dll+0x9b4ef3]  (no source info available)
V  [jvm.dll+0x30f4d6]  (no source info available)
V  [jvm.dll+0x7d6375]  (no source info available)
V  [jvm.dll+0x7c9517]  (no source info available)
V  [jvm.dll+0x40a228]  (no source info available)
V  [jvm.dll+0x412596]  (no source info available)
V  [jvm.dll+0x3fe934]  (no source info available)
V  [jvm.dll+0x3fec25]  (no source info available)
V  [jvm.dll+0x3d55af]  (no source info available)
V  [jvm.dll+0x3d881c]  (no source info available)
V  [jvm.dll+0x423e2c]  (no source info available)
V  [jvm.dll+0x422773]  (no source info available)
V  [jvm.dll+0x3d4d48]  (no source info available)
V  [jvm.dll+0x421b33]  (no source info available)
V  [jvm.dll+0x9bb3a1]  (no source info available)
V  [jvm.dll+0x9bc36b]  (no source info available)
V  [jvm.dll+0x9bc87c]  (no source info available)
V  [jvm.dll+0x9bccf9]  (no source info available)
V  [jvm.dll+0x9bcfa3]  (no source info available)
V  [jvm.dll+0x950d59]  (no source info available)
V  [jvm.dll+0x7d8988]  (no source info available)
C  [ucrtbase.dll+0x2cd30]  (no source info available)
C  [KERNEL32.DLL+0x2cdf7]  (no source info available)
C  [ntdll.dll+0x7ee4c]  (no source info available)

VM_Operation (0x000000da9cbfe988): G1CollectForAllocation, mode: safepoint, requested by thread 0x0000021ca5076b50


---------------  P R O C E S S  ---------------

Threads class SMR info:
_java_thread_list=0x0000021cab3d4ac0, length=83, elements={
0x0000021ce79ea720, 0x0000021cfc0eda60, 0x0000021cfc0ee4b0, 0x0000021cfc0f9f60,
0x0000021cfc0fbc70, 0x0000021cfc0fe830, 0x0000021cfc0f4b40, 0x0000021cfc1181a0,
0x0000021cfc11d140, 0x0000021cfc0f7250, 0x0000021cfc0f7a20, 0x0000021ca510e680,
0x0000021ca510b7a0, 0x0000021ca5111560, 0x0000021ca510f620, 0x0000021ca506fdf0,
0x0000021ca5070d90, 0x0000021ca5076b50, 0x0000021ca5074c10, 0x0000021ca66d7f70,
0x0000021ca66d5090, 0x0000021ca66d48c0, 0x0000021ca66dae50, 0x0000021ca66db620,
0x0000021ca510c740, 0x0000021ca5c366a0, 0x0000021ca5c35700, 0x0000021ca5c385e0,
0x0000021ca42e1650, 0x0000021ca42e3d60, 0x0000021ca42e06b0, 0x0000021ca42e0e80,
0x0000021ca42e54d0, 0x0000021ca42e5ca0, 0x0000021cff0b31e0, 0x0000021ca5b87380,
0x0000021ca7f76b20, 0x0000021ca5b72710, 0x0000021ca9663be0, 0x0000021ca96643b0,
0x0000021ca54ff6b0, 0x0000021caa241f20, 0x0000021cb0c6f2d0, 0x0000021cb0c6cbc0,
0x0000021cb0c5e930, 0x0000021cb0c5d1c0, 0x0000021cb0c5c9f0, 0x0000021cb0c5e160,
0x0000021cb0c62f80, 0x0000021cb0c60870, 0x0000021cb0c627b0, 0x0000021cb0c61040,
0x0000021cb0c65690, 0x0000021cb0c61fe0, 0x0000021cb0c69510, 0x0000021cb0c68570,
0x0000021cb0c69ce0, 0x0000021cb0c6a4b0, 0x0000021cb0c6db60, 0x0000021cb0c6b450,
0x0000021cb0c72980, 0x0000021cb0c6faa0, 0x0000021cb0c76800, 0x0000021cb0c73150,
0x0000021cb0c777a0, 0x0000021cb0c79eb0, 0x0000021ca5b5c780, 0x0000021ca5b590d0,
0x0000021ca5b5b7e0, 0x0000021ca5b5def0, 0x0000021ca5b5b010, 0x0000021ca5b60600,
0x0000021ca5b5e6c0, 0x0000021ca5b60dd0, 0x0000021ca5b62540, 0x0000021ca5b5ee90,
0x0000021ca5b5f660, 0x0000021ca5b663c0, 0x0000021ca5b65bf0, 0x0000021ca5b634e0,
0x0000021ca5b67360, 0x0000021ca5b63cb0, 0x0000021ca5b68ad0
}

Java Threads: ( => current thread )
  0x0000021ce79ea720 JavaThread "main"                              [_thread_blocked, id=13792, stack(0x000000da99f00000,0x000000da9a000000) (1024K)]
  0x0000021cfc0eda60 JavaThread "Reference Handler"          daemon [_thread_blocked, id=33296, stack(0x000000da9a800000,0x000000da9a900000) (1024K)]
  0x0000021cfc0ee4b0 JavaThread "Finalizer"                  daemon [_thread_blocked, id=24460, stack(0x000000da9a900000,0x000000da9aa00000) (1024K)]
  0x0000021cfc0f9f60 JavaThread "Signal Dispatcher"          daemon [_thread_blocked, id=23892, stack(0x000000da9aa00000,0x000000da9ab00000) (1024K)]
  0x0000021cfc0fbc70 JavaThread "Attach Listener"            daemon [_thread_blocked, id=29832, stack(0x000000da9ab00000,0x000000da9ac00000) (1024K)]
  0x0000021cfc0fe830 JavaThread "Service Thread"             daemon [_thread_blocked, id=23064, stack(0x000000da9ac00000,0x000000da9ad00000) (1024K)]
  0x0000021cfc0f4b40 JavaThread "Monitor Deflation Thread"   daemon [_thread_blocked, id=33820, stack(0x000000da9ad00000,0x000000da9ae00000) (1024K)]
  0x0000021cfc1181a0 JavaThread "C2 CompilerThread0"         daemon [_thread_blocked, id=3696, stack(0x000000da9ae00000,0x000000da9af00000) (1024K)]
  0x0000021cfc11d140 JavaThread "C1 CompilerThread0"         daemon [_thread_blocked, id=26564, stack(0x000000da9af00000,0x000000da9b000000) (1024K)]
  0x0000021cfc0f7250 JavaThread "Common-Cleaner"             daemon [_thread_blocked, id=16932, stack(0x000000da9b100000,0x000000da9b200000) (1024K)]
  0x0000021cfc0f7a20 JavaThread "Notification Thread"        daemon [_thread_blocked, id=31144, stack(0x000000da9b200000,0x000000da9b300000) (1024K)]
  0x0000021ca510e680 JavaThread "Daemon health stats"               [_thread_blocked, id=31928, stack(0x000000da9b600000,0x000000da9b700000) (1024K)]
  0x0000021ca510b7a0 JavaThread "Incoming local TCP Connector on port 52023"        [_thread_in_native, id=13624, stack(0x000000da9b900000,0x000000da9ba00000) (1024K)]
  0x0000021ca5111560 JavaThread "Daemon periodic checks"            [_thread_blocked, id=692, stack(0x000000da9ba00000,0x000000da9bb00000) (1024K)]
  0x0000021ca510f620 JavaThread "InnocuousThread-1"          daemon [_thread_blocked, id=30268, stack(0x000000da9bb00000,0x000000da9bc00000) (1024K)]
  0x0000021ca506fdf0 JavaThread "Cache worker for journal cache (C:\Users\amang\.gradle\caches\journal-1)"        [_thread_blocked, id=26872, stack(0x000000da9b000000,0x000000da9b100000) (1024K)]
  0x0000021ca5070d90 JavaThread "File lock request listener"        [_thread_blocked, id=16020, stack(0x000000da9c900000,0x000000da9ca00000) (1024K)]
  0x0000021ca5076b50 JavaThread "Cache worker for file hash cache (C:\Users\amang\.gradle\caches\9.3.1\fileHashes)"        [_thread_blocked, id=34800, stack(0x000000da9cb00000,0x000000da9cc00000) (1024K)]
  0x0000021ca5074c10 JavaThread "File lock release action executor"        [_thread_blocked, id=23680, stack(0x000000da9cc00000,0x000000da9cd00000) (1024K)]
  0x0000021ca66d7f70 JavaThread "File watcher server"        daemon [_thread_in_native, id=1356, stack(0x000000da9cf00000,0x000000da9d000000) (1024K)]
  0x0000021ca66d5090 JavaThread "File watcher consumer"      daemon [_thread_blocked, id=26160, stack(0x000000da9d000000,0x000000da9d100000) (1024K)]
  0x0000021ca66d48c0 JavaThread "jar transforms"                    [_thread_blocked, id=14832, stack(0x000000da9d100000,0x000000da9d200000) (1024K)]
  0x0000021ca66dae50 JavaThread "jar transforms Thread 2"           [_thread_blocked, id=20064, stack(0x000000da9d200000,0x000000da9d300000) (1024K)]
  0x0000021ca66db620 JavaThread "jar transforms Thread 3"           [_thread_blocked, id=14520, stack(0x000000da9d300000,0x000000da9d400000) (1024K)]
  0x0000021ca510c740 JavaThread "Cache worker for file content cache (C:\Users\amang\.gradle\caches\9.3.1\fileContent)"        [_thread_blocked, id=33744, stack(0x000000da9ca00000,0x000000da9cb00000) (1024K)]
  0x0000021ca5c366a0 JavaThread "jar transforms Thread 4"           [_thread_blocked, id=34400, stack(0x000000da9d700000,0x000000da9d800000) (1024K)]
  0x0000021ca5c35700 JavaThread "jar transforms Thread 5"           [_thread_blocked, id=17464, stack(0x000000da9d800000,0x000000da9d900000) (1024K)]
  0x0000021ca5c385e0 JavaThread "jar transforms Thread 6"           [_thread_blocked, id=22812, stack(0x000000da9d900000,0x000000da9da00000) (1024K)]
  0x0000021ca42e1650 JavaThread "jar transforms Thread 7"           [_thread_blocked, id=31756, stack(0x000000da9da00000,0x000000da9db00000) (1024K)]
  0x0000021ca42e3d60 JavaThread "jar transforms Thread 8"           [_thread_blocked, id=13796, stack(0x000000da9db00000,0x000000da9dc00000) (1024K)]
  0x0000021ca42e06b0 JavaThread "jar transforms Thread 9"           [_thread_blocked, id=28616, stack(0x000000da9dc00000,0x000000da9dd00000) (1024K)]
  0x0000021ca42e0e80 JavaThread "jar transforms Thread 10"          [_thread_blocked, id=28192, stack(0x000000da9dd00000,0x000000da9de00000) (1024K)]
  0x0000021ca42e54d0 JavaThread "jar transforms Thread 11"          [_thread_blocked, id=26432, stack(0x000000da9de00000,0x000000da9df00000) (1024K)]
  0x0000021ca42e5ca0 JavaThread "jar transforms Thread 12"          [_thread_blocked, id=21624, stack(0x000000da9df00000,0x000000da9e000000) (1024K)]
  0x0000021cff0b31e0 JavaThread "Memory manager"                    [_thread_blocked, id=27444, stack(0x000000daa0400000,0x000000daa0500000) (1024K)]
  0x0000021ca5b87380 JavaThread "RMI Scheduler(0)"           daemon [_thread_blocked, id=32716, stack(0x000000da9e000000,0x000000da9e100000) (1024K)]
  0x0000021ca7f76b20 JavaThread "RMI TCP Accept-0"           daemon [_thread_in_native, id=6572, stack(0x000000daa3800000,0x000000daa3900000) (1024K)]
  0x0000021ca5b72710 JavaThread "File lock release action executor Thread 2"        [_thread_blocked, id=28528, stack(0x000000daa3600000,0x000000daa3700000) (1024K)]
  0x0000021ca9663be0 JavaThread "File lock release action executor Thread 3"        [_thread_blocked, id=28484, stack(0x000000da99c00000,0x000000da99d00000) (1024K)]
  0x0000021ca96643b0 JavaThread "File lock release action executor Thread 4"        [_thread_blocked, id=31748, stack(0x000000da99d00000,0x000000da99e00000) (1024K)]
  0x0000021ca54ff6b0 JavaThread "RMI GC Daemon"              daemon [_thread_blocked, id=30228, stack(0x000000daa2200000,0x000000daa2300000) (1024K)]
  0x0000021caa241f20 JavaThread "RMI Reaper"                        [_thread_blocked, id=28840, stack(0x000000daa2300000,0x000000daa2400000) (1024K)]
  0x0000021cb0c6f2d0 JavaThread "File lock release action executor Thread 5"        [_thread_blocked, id=1588, stack(0x000000daa7300000,0x000000daa7400000) (1024K)]
  0x0000021cb0c6cbc0 JavaThread "File lock release action executor Thread 6"        [_thread_blocked, id=19404, stack(0x000000daa7400000,0x000000daa7500000) (1024K)]
  0x0000021cb0c5e930 JavaThread "File lock release action executor Thread 7"        [_thread_blocked, id=16276, stack(0x000000da9be00000,0x000000da9bf00000) (1024K)]
  0x0000021cb0c5d1c0 JavaThread "File lock release action executor Thread 8"        [_thread_blocked, id=35356, stack(0x000000da9c000000,0x000000da9c100000) (1024K)]
  0x0000021cb0c5c9f0 JavaThread "File lock release action executor Thread 9"        [_thread_blocked, id=34856, stack(0x000000da99e00000,0x000000da99f00000) (1024K)]
  0x0000021cb0c5e160 JavaThread "Daemon Thread 2"                   [_thread_blocked, id=30988, stack(0x000000da9bc00000,0x000000da9bd00000) (1024K)]
  0x0000021cb0c62f80 JavaThread "Handler for socket connection from /127.0.0.1:52023 to /127.0.0.1:57116"        [_thread_in_native, id=6708, stack(0x000000da9bd00000,0x000000da9be00000) (1024K)]
  0x0000021cb0c60870 JavaThread "Cancel handler"                    [_thread_blocked, id=8580, stack(0x000000da9bf00000,0x000000da9c000000) (1024K)]
  0x0000021cb0c627b0 JavaThread "Daemon worker Thread 2"            [_thread_blocked, id=1016, stack(0x000000da9c100000,0x000000da9c200000) (1024K)]
  0x0000021cb0c61040 JavaThread "Asynchronous log dispatcher for DefaultDaemonConnection: socket connection from /127.0.0.1:52023 to /127.0.0.1:57116"        [_thread_blocked, id=22320, stack(0x000000da9c200000,0x000000da9c300000) (1024K)]
  0x0000021cb0c65690 JavaThread "Stdin handler"                     [_thread_blocked, id=26612, stack(0x000000da9cd00000,0x000000da9ce00000) (1024K)]
  0x0000021cb0c61fe0 JavaThread "Daemon client event forwarder"        [_thread_blocked, id=12076, stack(0x000000da9ce00000,0x000000da9cf00000) (1024K)]
  0x0000021cb0c69510 JavaThread "Cache worker for file hash cache (C:\Users\amang\OneDrive\Desktop\AI-pothole-System\mobile app\android\.gradle\9.3.1\fileHashes)"        [_thread_blocked, id=32624, stack(0x000000da9d400000,0x000000da9d500000) (1024K)]
  0x0000021cb0c68570 JavaThread "Cache worker for Build Output Cleanup Cache (C:\Users\amang\OneDrive\Desktop\AI-pothole-System\mobile app\android\.gradle\buildOutputCleanup)"        [_thread_blocked, id=33696, stack(0x000000da9d500000,0x000000da9d600000) (1024K)]
  0x0000021cb0c69ce0 JavaThread "Cache worker for checksums cache (C:\Users\amang\OneDrive\Desktop\AI-pothole-System\mobile app\android\.gradle\9.3.1\checksums)"        [_thread_blocked, id=32540, stack(0x000000da9d600000,0x000000da9d700000) (1024K)]
  0x0000021cb0c6a4b0 JavaThread "Cache worker for cache directory md-supplier (C:\Users\amang\.gradle\caches\9.3.1\md-supplier)"        [_thread_blocked, id=13736, stack(0x000000da9e100000,0x000000da9e200000) (1024K)]
  0x0000021cb0c6db60 JavaThread "Cache worker for cache directory md-rule (C:\Users\amang\.gradle\caches\9.3.1\md-rule)"        [_thread_blocked, id=22376, stack(0x000000da9e200000,0x000000da9e300000) (1024K)]
  0x0000021cb0c6b450 JavaThread "Cache worker for Build Output Cleanup Cache (C:\Users\amang\OneDrive\Desktop\flutter\packages\flutter_tools\gradle\.gradle\buildOutputCleanup)"        [_thread_blocked, id=29472, stack(0x000000da9e300000,0x000000da9e400000) (1024K)]
  0x0000021cb0c72980 JavaThread "Unconstrained build operations"        [_thread_blocked, id=33396, stack(0x000000da9e500000,0x000000da9e600000) (1024K)]
  0x0000021cb0c6faa0 JavaThread "Unconstrained build operations Thread 2"        [_thread_blocked, id=28360, stack(0x000000da9e600000,0x000000da9e700000) (1024K)]
  0x0000021cb0c76800 JavaThread "Unconstrained build operations Thread 3"        [_thread_blocked, id=19248, stack(0x000000da9e700000,0x000000da9e800000) (1024K)]
  0x0000021cb0c73150 JavaThread "Unconstrained build operations Thread 4"        [_thread_blocked, id=1616, stack(0x000000da9e800000,0x000000da9e900000) (1024K)]
  0x0000021cb0c777a0 JavaThread "Unconstrained build operations Thread 5"        [_thread_blocked, id=11300, stack(0x000000da9e900000,0x000000da9ea00000) (1024K)]
  0x0000021cb0c79eb0 JavaThread "Unconstrained build operations Thread 6"        [_thread_blocked, id=32588, stack(0x000000da9ea00000,0x000000da9eb00000) (1024K)]
  0x0000021ca5b5c780 JavaThread "Unconstrained build operations Thread 7"        [_thread_blocked, id=33056, stack(0x000000da9eb00000,0x000000da9ec00000) (1024K)]
  0x0000021ca5b590d0 JavaThread "Unconstrained build operations Thread 8"        [_thread_blocked, id=21544, stack(0x000000da9ec00000,0x000000da9ed00000) (1024K)]
  0x0000021ca5b5b7e0 JavaThread "Unconstrained build operations Thread 9"        [_thread_blocked, id=16320, stack(0x000000da9ed00000,0x000000da9ee00000) (1024K)]
  0x0000021ca5b5def0 JavaThread "Unconstrained build operations Thread 10"        [_thread_blocked, id=29708, stack(0x000000da9ee00000,0x000000da9ef00000) (1024K)]
  0x0000021ca5b5b010 JavaThread "Unconstrained build operations Thread 11"        [_thread_blocked, id=14452, stack(0x000000da9ef00000,0x000000da9f000000) (1024K)]
  0x0000021ca5b60600 JavaThread "Unconstrained build operations Thread 12"        [_thread_blocked, id=32420, stack(0x000000da9f000000,0x000000da9f100000) (1024K)]
  0x0000021ca5b5e6c0 JavaThread "Unconstrained build operations Thread 13"        [_thread_blocked, id=19332, stack(0x000000da9f100000,0x000000da9f200000) (1024K)]
  0x0000021ca5b60dd0 JavaThread "Unconstrained build operations Thread 14"        [_thread_blocked, id=24252, stack(0x000000da9f200000,0x000000da9f300000) (1024K)]
  0x0000021ca5b62540 JavaThread "Unconstrained build operations Thread 15"        [_thread_blocked, id=15036, stack(0x000000da9f300000,0x000000da9f400000) (1024K)]
  0x0000021ca5b5ee90 JavaThread "Unconstrained build operations Thread 16"        [_thread_blocked, id=25128, stack(0x000000da9f400000,0x000000da9f500000) (1024K)]
  0x0000021ca5b5f660 JavaThread "Unconstrained build operations Thread 17"        [_thread_blocked, id=9416, stack(0x000000da9f500000,0x000000da9f600000) (1024K)]
  0x0000021ca5b663c0 JavaThread "Unconstrained build operations Thread 18"        [_thread_blocked, id=24228, stack(0x000000da9f600000,0x000000da9f700000) (1024K)]
  0x0000021ca5b65bf0 JavaThread "Unconstrained build operations Thread 19"        [_thread_blocked, id=27092, stack(0x000000da9f700000,0x000000da9f800000) (1024K)]
  0x0000021ca5b634e0 JavaThread "Unconstrained build operations Thread 20"        [_thread_blocked, id=18068, stack(0x000000da9f800000,0x000000da9f900000) (1024K)]
  0x0000021ca5b67360 JavaThread "Unconstrained build operations Thread 21"        [_thread_blocked, id=34732, stack(0x000000da9f900000,0x000000da9fa00000) (1024K)]
  0x0000021ca5b63cb0 JavaThread "Unconstrained build operations Thread 22"        [_thread_blocked, id=22960, stack(0x000000da9fa00000,0x000000da9fb00000) (1024K)]
  0x0000021ca5b68ad0 JavaThread "build event listener"              [_thread_blocked, id=26100, stack(0x000000da9fb00000,0x000000da9fc00000) (1024K)]
Total: 83

Other Threads:
=>0x0000021cfc0dab80 VMThread "VM Thread"                           [id=8736, stack(0x000000da9a700000,0x000000da9a800000) (1024K)]
  0x0000021cfc0cb750 WatcherThread "VM Periodic Task Thread"        [id=480, stack(0x000000da9a600000,0x000000da9a700000) (1024K)]
  0x0000021ce7a589d0 WorkerThread "GC Thread#0"                     [id=29628, stack(0x000000da9a000000,0x000000da9a100000) (1024K)]
  0x0000021cfeeb2e70 WorkerThread "GC Thread#1"                     [id=33552, stack(0x000000da9b300000,0x000000da9b400000) (1024K)]
  0x0000021ca4fab810 WorkerThread "GC Thread#2"                     [id=4420, stack(0x000000da9b700000,0x000000da9b800000) (1024K)]
  0x0000021ca4fab3c0 WorkerThread "GC Thread#3"                     [id=9344, stack(0x000000da9b800000,0x000000da9b900000) (1024K)]
  0x0000021ca4fac500 WorkerThread "GC Thread#4"                     [id=23684, stack(0x000000da9c300000,0x000000da9c400000) (1024K)]
  0x0000021ca4fac950 WorkerThread "GC Thread#5"                     [id=34720, stack(0x000000da9c400000,0x000000da9c500000) (1024K)]
  0x0000021ca4fad640 WorkerThread "GC Thread#6"                     [id=23972, stack(0x000000da9c500000,0x000000da9c600000) (1024K)]
  0x0000021ca4fada90 WorkerThread "GC Thread#7"                     [id=31664, stack(0x000000da9c600000,0x000000da9c700000) (1024K)]
  0x0000021ca4faa280 WorkerThread "GC Thread#8"                     [id=33052, stack(0x000000da9c700000,0x000000da9c800000) (1024K)]
  0x0000021ca4faf470 WorkerThread "GC Thread#9"                     [id=33492, stack(0x000000da9c800000,0x000000da9c900000) (1024K)]
  0x0000021ce7a6f980 ConcurrentGCThread "G1 Main Marker"            [id=22912, stack(0x000000da9a100000,0x000000da9a200000) (1024K)]
  0x0000021cfbf62560 WorkerThread "G1 Conc#0"                       [id=30612, stack(0x000000da9a200000,0x000000da9a300000) (1024K)]
  0x0000021cfeef7a10 WorkerThread "G1 Conc#1"                       [id=33464, stack(0x000000da9b400000,0x000000da9b500000) (1024K)]
  0x0000021cfeef7e60 WorkerThread "G1 Conc#2"                       [id=5508, stack(0x000000da9b500000,0x000000da9b600000) (1024K)]
  0x0000021ce7a9eb00 WorkerThread "G1 Refinement Workers#0"         [id=30752, stack(0x000000da9a400000,0x000000da9a500000) (1024K)]
  0x0000021ce7a9e190 ConcurrentGCThread "G1 Refine Control"         [id=32228, stack(0x000000da9a300000,0x000000da9a400000) (1024K)]
  0x0000021cfbf893a0 ConcurrentGCThread "G1 Service"                [id=24248, stack(0x000000da9a500000,0x000000da9a600000) (1024K)]
Total: 19

Threads with active compile tasks:
Total: 0

VM state: at safepoint (normal execution)

VM Mutex/Monitor currently owned by a thread:  ([mutex/lock_event])
[0x00007ffbca431e08] Threads_lock - owner thread: 0x0000021cfc0dab80
[0x00007ffbca432088] Heap_lock - owner thread: 0x0000021ca5076b50

Heap address: 0x0000000600000000, size: 8192 MB, Compressed Oops mode: Zero based, Oop shift amount: 3

CDS archive(s) mapped at: [0x0000000080000000-0x0000000080de0000-0x0000000080de0000), size 14548992, SharedBaseAddress: 0x0000000080000000, ArchiveRelocationMode: 1.
Compressed class space mapped at: 0x0000000081000000-0x00000000c1000000, reserved size: 1073741824
UseCompressedClassPointers 1, UseCompactObjectHeaders 0
Narrow klass pointer bits 32, Max shift 3
Narrow klass base: 0x0000000080000000, Narrow klass shift: 0
Encoding Range: [0x0000000080000000 - 0x0000000180000000), (4294967296 bytes)
Klass Range:    [0x0000000080000000 - 0x00000000c1000000), (1090519040 bytes)
Klass ID Range:  [8 - 1090519033) (1090519025)
Protection zone: [0x0000000080000000 - 0x0000000080010000), (65536 bytes)

GC Precious Log:
 CardTable entry size: 512
 Card Set container configuration: InlinePtr #cards 4 size 8 Array Of Cards #cards 32 size 80 Howl #buckets 8 coarsen threshold 7372 Howl Bitmap #cards 1024 size 144 coarsen threshold 921 Card regions per heap region 1 cards per card region 8192
 CPUs: 12 total, 12 available
 Memory: 16108M
 Large Page Support: Disabled
 NUMA Support: Disabled
 Compressed Oops: Enabled (Zero based)
 Heap Region Size: 4M
 Heap Min Capacity: 8M
 Heap Initial Capacity: 8M
 Heap Max Capacity: 8G
 Pre-touch: Disabled
 Parallel Workers: 10
 Concurrent Workers: 3
 Concurrent Refinement Workers: 10
 Periodic GC: Disabled

Heap:
 garbage-first heap   total reserved 8388608K, committed 602112K, used 317460K [0x0000000600000000, 0x0000000800000000)
  region size 4M, 0 eden (0M), 3 survivor (12M), 75 old (300M), 1 humongous (4M), 68 free (272M)

Heap Regions: E=young(eden), S=young(survivor), O=old, HS=humongous(starts), HC=humongous(continues), CS=collection set, F=free, TAMS=top-at-mark-start, PB=parsable bottom
|    0|0x0000000600000000, 0x0000000600400000, 0x0000000600400000|100%|HS|  |TAMS 0x0000000600000000| PB 0x0000000600000000| Complete  |  0
|    1|0x0000000600400000, 0x0000000600800000, 0x0000000600800000|100%| O|  |TAMS 0x0000000600400000| PB 0x0000000600400000| Untracked |  0
|    2|0x0000000600800000, 0x0000000600c00000, 0x0000000600c00000|100%| O|  |TAMS 0x0000000600800000| PB 0x0000000600800000| Untracked |  0
|    3|0x0000000600c00000, 0x0000000601000000, 0x0000000601000000|100%| O|  |TAMS 0x0000000600c00000| PB 0x0000000600c00000| Untracked |  0
|    4|0x0000000601000000, 0x0000000601400000, 0x0000000601400000|100%| O|  |TAMS 0x0000000601000000| PB 0x0000000601000000| Untracked |  0
|    5|0x0000000601400000, 0x0000000601800000, 0x0000000601800000|100%| O|  |TAMS 0x0000000601400000| PB 0x0000000601400000| Untracked |  0
|    6|0x0000000601800000, 0x0000000601c00000, 0x0000000601c00000|100%| O|  |TAMS 0x0000000601800000| PB 0x0000000601800000| Untracked |  0
|    7|0x0000000601c00000, 0x0000000602000000, 0x0000000602000000|100%| O|  |TAMS 0x0000000601c00000| PB 0x0000000601c00000| Untracked |  0
|    8|0x0000000602000000, 0x0000000602400000, 0x0000000602400000|100%| O|  |TAMS 0x0000000602000000| PB 0x0000000602000000| Untracked |  0
|    9|0x0000000602400000, 0x0000000602800000, 0x0000000602800000|100%| O|  |TAMS 0x0000000602400000| PB 0x0000000602400000| Untracked |  0
|   10|0x0000000602800000, 0x0000000602c00000, 0x0000000602c00000|100%| O|  |TAMS 0x0000000602800000| PB 0x0000000602800000| Untracked |  0
|   11|0x0000000602c00000, 0x0000000603000000, 0x0000000603000000|100%| O|  |TAMS 0x0000000602c00000| PB 0x0000000602c00000| Untracked |  0
|   12|0x0000000603000000, 0x0000000603400000, 0x0000000603400000|100%| O|  |TAMS 0x0000000603000000| PB 0x0000000603000000| Untracked |  0
|   13|0x0000000603400000, 0x0000000603800000, 0x0000000603800000|100%| O|  |TAMS 0x0000000603400000| PB 0x0000000603400000| Untracked |  0
|   14|0x0000000603800000, 0x0000000603c00000, 0x0000000603c00000|100%| O|  |TAMS 0x0000000603800000| PB 0x0000000603800000| Untracked |  0
|   15|0x0000000603c00000, 0x0000000604000000, 0x0000000604000000|100%| O|  |TAMS 0x0000000603c00000| PB 0x0000000603c00000| Untracked |  0
|   16|0x0000000604000000, 0x0000000604400000, 0x0000000604400000|100%| O|  |TAMS 0x0000000604000000| PB 0x0000000604000000| Untracked |  0
|   17|0x0000000604400000, 0x0000000604800000, 0x0000000604800000|100%| O|Cm|TAMS 0x0000000604400000| PB 0x0000000604400000| Complete  |  0
|   18|0x0000000604800000, 0x0000000604c00000, 0x0000000604c00000|100%| O|  |TAMS 0x0000000604800000| PB 0x0000000604800000| Untracked |  0
|   19|0x0000000604c00000, 0x0000000605000000, 0x0000000605000000|100%| O|  |TAMS 0x0000000604c00000| PB 0x0000000604c00000| Untracked |  0
|   20|0x0000000605000000, 0x0000000605400000, 0x0000000605400000|100%| O|  |TAMS 0x0000000605000000| PB 0x0000000605000000| Untracked |  0
|   21|0x0000000605400000, 0x0000000605800000, 0x0000000605800000|100%| O|  |TAMS 0x0000000605400000| PB 0x0000000605400000| Untracked |  0
|   22|0x0000000605800000, 0x0000000605c00000, 0x0000000605c00000|100%| O|  |TAMS 0x0000000605800000| PB 0x0000000605800000| Untracked |  0
|   23|0x0000000605c00000, 0x0000000606000000, 0x0000000606000000|100%| O|  |TAMS 0x0000000605c00000| PB 0x0000000605c00000| Untracked |  0
|   24|0x0000000606000000, 0x0000000606400000, 0x0000000606400000|100%| O|  |TAMS 0x0000000606000000| PB 0x0000000606000000| Untracked |  0
|   25|0x0000000606400000, 0x0000000606800000, 0x0000000606800000|100%| O|  |TAMS 0x0000000606400000| PB 0x0000000606400000| Untracked |  0
|   26|0x0000000606800000, 0x0000000606c00000, 0x0000000606c00000|100%| O|Cm|TAMS 0x0000000606800000| PB 0x0000000606800000| Complete  |  0
|   27|0x0000000606c00000, 0x0000000607000000, 0x0000000607000000|100%| O|  |TAMS 0x0000000606c00000| PB 0x0000000606c00000| Untracked |  0
|   28|0x0000000607000000, 0x0000000607400000, 0x0000000607400000|100%| O|Cm|TAMS 0x0000000607000000| PB 0x0000000607000000| Complete  |  0
|   29|0x0000000607400000, 0x0000000607800000, 0x0000000607800000|100%| O|  |TAMS 0x0000000607400000| PB 0x0000000607400000| Untracked |  0
|   30|0x0000000607800000, 0x0000000607c00000, 0x0000000607c00000|100%| O|  |TAMS 0x0000000607800000| PB 0x0000000607800000| Untracked |  0
|   31|0x0000000607c00000, 0x0000000607c00000, 0x0000000608000000|  0%| F|  |TAMS 0x0000000607c00000| PB 0x0000000607c00000| Untracked |  0
|   32|0x0000000608000000, 0x0000000608400000, 0x0000000608400000|100%| O|  |TAMS 0x0000000608000000| PB 0x0000000608000000| Untracked |  0
|   33|0x0000000608400000, 0x0000000608800000, 0x0000000608800000|100%| O|Cm|TAMS 0x0000000608400000| PB 0x0000000608400000| Complete  |  0
|   34|0x0000000608800000, 0x0000000608c00000, 0x0000000608c00000|100%| O|  |TAMS 0x0000000608800000| PB 0x0000000608800000| Untracked |  0
|   35|0x0000000608c00000, 0x0000000609000000, 0x0000000609000000|100%| O|  |TAMS 0x0000000608c00000| PB 0x0000000608c00000| Untracked |  0
|   36|0x0000000609000000, 0x0000000609400000, 0x0000000609400000|100%| O|  |TAMS 0x0000000609000000| PB 0x0000000609000000| Untracked |  0
|   37|0x0000000609400000, 0x0000000609800000, 0x0000000609800000|100%| O|  |TAMS 0x0000000609400000| PB 0x0000000609400000| Untracked |  0
|   38|0x0000000609800000, 0x0000000609c00000, 0x0000000609c00000|100%| O|  |TAMS 0x0000000609800000| PB 0x0000000609800000| Untracked |  0
|   39|0x0000000609c00000, 0x000000060a000000, 0x000000060a000000|100%| O|  |TAMS 0x0000000609c00000| PB 0x0000000609c00000| Untracked |  0
|   40|0x000000060a000000, 0x000000060a400000, 0x000000060a400000|100%| O|  |TAMS 0x000000060a000000| PB 0x000000060a000000| Untracked |  0
|   41|0x000000060a400000, 0x000000060a800000, 0x000000060a800000|100%| O|  |TAMS 0x000000060a400000| PB 0x000000060a400000| Untracked |  0
|   42|0x000000060a800000, 0x000000060a800000, 0x000000060ac00000|  0%| F|  |TAMS 0x000000060a800000| PB 0x000000060a800000| Untracked |  0
|   43|0x000000060ac00000, 0x000000060ac00000, 0x000000060b000000|  0%| F|  |TAMS 0x000000060ac00000| PB 0x000000060ac00000| Untracked |  0
|   44|0x000000060b000000, 0x000000060b400000, 0x000000060b400000|100%| O|Cm|TAMS 0x000000060b000000| PB 0x000000060b000000| Complete  |  0
|   45|0x000000060b400000, 0x000000060b800000, 0x000000060b800000|100%| O|  |TAMS 0x000000060b400000| PB 0x000000060b400000| Untracked |  0
|   46|0x000000060b800000, 0x000000060bc00000, 0x000000060bc00000|100%| O|  |TAMS 0x000000060b800000| PB 0x000000060b800000| Untracked |  0
|   47|0x000000060bc00000, 0x000000060c000000, 0x000000060c000000|100%| O|Cm|TAMS 0x000000060bc00000| PB 0x000000060bc00000| Complete  |  0
|   48|0x000000060c000000, 0x000000060c000000, 0x000000060c400000|  0%| F|  |TAMS 0x000000060c000000| PB 0x000000060c000000| Untracked |  0
|   49|0x000000060c400000, 0x000000060c400000, 0x000000060c800000|  0%| F|  |TAMS 0x000000060c400000| PB 0x000000060c400000| Untracked |  0
|   50|0x000000060c800000, 0x000000060c800000, 0x000000060cc00000|  0%| F|  |TAMS 0x000000060c800000| PB 0x000000060c800000| Untracked |  0
|   51|0x000000060cc00000, 0x000000060d000000, 0x000000060d000000|100%| O|  |TAMS 0x000000060cc00000| PB 0x000000060cc00000| Untracked |  0
|   52|0x000000060d000000, 0x000000060d000000, 0x000000060d400000|  0%| F|  |TAMS 0x000000060d000000| PB 0x000000060d000000| Untracked |  0
|   53|0x000000060d400000, 0x000000060d400000, 0x000000060d800000|  0%| F|  |TAMS 0x000000060d400000| PB 0x000000060d400000| Untracked |  0
|   54|0x000000060d800000, 0x000000060d800000, 0x000000060dc00000|  0%| F|  |TAMS 0x000000060d800000| PB 0x000000060d800000| Untracked |  0
|   55|0x000000060dc00000, 0x000000060dc00000, 0x000000060e000000|  0%| F|  |TAMS 0x000000060dc00000| PB 0x000000060dc00000| Untracked |  0
|   56|0x000000060e000000, 0x000000060e400000, 0x000000060e400000|100%| O|  |TAMS 0x000000060e000000| PB 0x000000060e000000| Untracked |  0
|   57|0x000000060e400000, 0x000000060e800000, 0x000000060e800000|100%| O|  |TAMS 0x000000060e400000| PB 0x000000060e400000| Untracked |  0
|   58|0x000000060e800000, 0x000000060e800000, 0x000000060ec00000|  0%| F|  |TAMS 0x000000060e800000| PB 0x000000060e800000| Untracked |  0
|   59|0x000000060ec00000, 0x000000060f000000, 0x000000060f000000|100%| O|Cm|TAMS 0x000000060ec00000| PB 0x000000060ec00000| Complete  |  0
|   60|0x000000060f000000, 0x000000060f000000, 0x000000060f400000|  0%| F|  |TAMS 0x000000060f000000| PB 0x000000060f000000| Untracked |  0
|   61|0x000000060f400000, 0x000000060f400000, 0x000000060f800000|  0%| F|  |TAMS 0x000000060f400000| PB 0x000000060f400000| Untracked |  0
|   62|0x000000060f800000, 0x000000060f800000, 0x000000060fc00000|  0%| F|  |TAMS 0x000000060f800000| PB 0x000000060f800000| Untracked |  0
|   63|0x000000060fc00000, 0x000000060fc00000, 0x0000000610000000|  0%| F|  |TAMS 0x000000060fc00000| PB 0x000000060fc00000| Untracked |  0
|   64|0x0000000610000000, 0x0000000610000000, 0x0000000610400000|  0%| F|  |TAMS 0x0000000610000000| PB 0x0000000610000000| Untracked |  0
|   65|0x0000000610400000, 0x0000000610800000, 0x0000000610800000|100%| O|Cm|TAMS 0x0000000610400000| PB 0x0000000610400000| Complete  |  0
|   66|0x0000000610800000, 0x0000000610800000, 0x0000000610c00000|  0%| F|  |TAMS 0x0000000610800000| PB 0x0000000610800000| Untracked |  0
|   67|0x0000000610c00000, 0x0000000610c00000, 0x0000000611000000|  0%| F|  |TAMS 0x0000000610c00000| PB 0x0000000610c00000| Untracked |  0
|   68|0x0000000611000000, 0x0000000611000000, 0x0000000611400000|  0%| F|  |TAMS 0x0000000611000000| PB 0x0000000611000000| Untracked |  0
|   69|0x0000000611400000, 0x0000000611800000, 0x0000000611800000|100%| O|  |TAMS 0x0000000611400000| PB 0x0000000611400000| Untracked |  0
|   70|0x0000000611800000, 0x0000000611c00000, 0x0000000611c00000|100%| O|  |TAMS 0x0000000611800000| PB 0x0000000611800000| Untracked |  0
|   71|0x0000000611c00000, 0x0000000612000000, 0x0000000612000000|100%| O|  |TAMS 0x0000000611c00000| PB 0x0000000611c00000| Untracked |  0
|   72|0x0000000612000000, 0x0000000612400000, 0x0000000612400000|100%| O|  |TAMS 0x0000000612000000| PB 0x0000000612000000| Untracked |  0
|   73|0x0000000612400000, 0x0000000612800000, 0x0000000612800000|100%| O|  |TAMS 0x0000000612400000| PB 0x0000000612400000| Untracked |  0
|   74|0x0000000612800000, 0x0000000612c00000, 0x0000000612c00000|100%| O|  |TAMS 0x0000000612800000| PB 0x0000000612800000| Untracked |  0
|   75|0x0000000612c00000, 0x0000000613000000, 0x0000000613000000|100%| O|  |TAMS 0x0000000612c00000| PB 0x0000000612c00000| Untracked |  0
|   76|0x0000000613000000, 0x0000000613400000, 0x0000000613400000|100%| O|  |TAMS 0x0000000613000000| PB 0x0000000613000000| Untracked |  0
|   77|0x0000000613400000, 0x0000000613800000, 0x0000000613800000|100%| O|  |TAMS 0x0000000613400000| PB 0x0000000613400000| Untracked |  0
|   78|0x0000000613800000, 0x0000000613c00000, 0x0000000613c00000|100%| O|  |TAMS 0x0000000613800000| PB 0x0000000613800000| Untracked |  0
|   79|0x0000000613c00000, 0x0000000614000000, 0x0000000614000000|100%| O|  |TAMS 0x0000000613c00000| PB 0x0000000613c00000| Untracked |  0
|   80|0x0000000614000000, 0x0000000614400000, 0x0000000614400000|100%| O|  |TAMS 0x0000000614000000| PB 0x0000000614000000| Untracked |  0
|   81|0x0000000614400000, 0x0000000614800000, 0x0000000614800000|100%| O|  |TAMS 0x0000000614400000| PB 0x0000000614400000| Untracked |  0
|   82|0x0000000614800000, 0x0000000614c00000, 0x0000000614c00000|100%| O|  |TAMS 0x0000000614800000| PB 0x0000000614800000| Untracked |  0
|   83|0x0000000614c00000, 0x0000000614c00000, 0x0000000615000000|  0%| F|  |TAMS 0x0000000614c00000| PB 0x0000000614c00000| Untracked |  0
|   84|0x0000000615000000, 0x0000000615000000, 0x0000000615400000|  0%| F|  |TAMS 0x0000000615000000| PB 0x0000000615000000| Untracked |  0
|   85|0x0000000615400000, 0x0000000615400000, 0x0000000615800000|  0%| F|  |TAMS 0x0000000615400000| PB 0x0000000615400000| Untracked |  0
|   86|0x0000000615800000, 0x0000000615c00000, 0x0000000615c00000|100%| O|  |TAMS 0x0000000615800000| PB 0x0000000615800000| Untracked |  0
|   87|0x0000000615c00000, 0x0000000616000000, 0x0000000616000000|100%| O|  |TAMS 0x0000000615c00000| PB 0x0000000615c00000| Untracked |  0
|   88|0x0000000616000000, 0x0000000616400000, 0x0000000616400000|100%| O|  |TAMS 0x0000000616000000| PB 0x0000000616000000| Untracked |  0
|   89|0x0000000616400000, 0x0000000616400000, 0x0000000616800000|  0%| F|  |TAMS 0x0000000616400000| PB 0x0000000616400000| Untracked |  0
|   90|0x0000000616800000, 0x0000000616800000, 0x0000000616c00000|  0%| F|  |TAMS 0x0000000616800000| PB 0x0000000616800000| Untracked |  0
|   91|0x0000000616c00000, 0x0000000616c00000, 0x0000000617000000|  0%| F|  |TAMS 0x0000000616c00000| PB 0x0000000616c00000| Untracked |  0
|   92|0x0000000617000000, 0x0000000617000000, 0x0000000617400000|  0%| F|  |TAMS 0x0000000617000000| PB 0x0000000617000000| Untracked |  0
|   93|0x0000000617400000, 0x0000000617800000, 0x0000000617800000|100%| O|  |TAMS 0x0000000617400000| PB 0x0000000617400000| Untracked |  0
|   94|0x0000000617800000, 0x0000000617c00000, 0x0000000617c00000|100%| O|  |TAMS 0x0000000617800000| PB 0x0000000617800000| Untracked |  0
|   95|0x0000000617c00000, 0x0000000618000000, 0x0000000618000000|100%| O|  |TAMS 0x0000000617c00000| PB 0x0000000617c00000| Untracked |  0
|   96|0x0000000618000000, 0x0000000618400000, 0x0000000618400000|100%| O|  |TAMS 0x0000000618000000| PB 0x0000000618000000| Untracked |  0
|   97|0x0000000618400000, 0x00000006184fbc70, 0x0000000618800000| 24%| O|  |TAMS 0x0000000618400000| PB 0x0000000618400000| Untracked |  0
|   98|0x0000000618800000, 0x0000000618800000, 0x0000000618c00000|  0%| F|  |TAMS 0x0000000618800000| PB 0x0000000618800000| Untracked |  0
|   99|0x0000000618c00000, 0x0000000618d09480, 0x0000000619000000| 25%| S|CS|TAMS 0x0000000618c00000| PB 0x0000000618c00000| Complete  |  0
|  100|0x0000000619000000, 0x0000000619400000, 0x0000000619400000|100%| S|CS|TAMS 0x0000000619000000| PB 0x0000000619000000| Complete  |  0
|  101|0x0000000619400000, 0x0000000619800000, 0x0000000619800000|100%| S|CS|TAMS 0x0000000619400000| PB 0x0000000619400000| Complete  |  0
|  102|0x0000000619800000, 0x0000000619800000, 0x0000000619c00000|  0%| F|  |TAMS 0x0000000619800000| PB 0x0000000619800000| Untracked |  0
|  103|0x0000000619c00000, 0x0000000619c00000, 0x000000061a000000|  0%| F|  |TAMS 0x0000000619c00000| PB 0x0000000619c00000| Untracked |  0
|  104|0x000000061a000000, 0x000000061a000000, 0x000000061a400000|  0%| F|  |TAMS 0x000000061a000000| PB 0x000000061a000000| Untracked |  0
|  105|0x000000061a400000, 0x000000061a400000, 0x000000061a800000|  0%| F|  |TAMS 0x000000061a400000| PB 0x000000061a400000| Untracked |  0
|  106|0x000000061a800000, 0x000000061a800000, 0x000000061ac00000|  0%| F|  |TAMS 0x000000061a800000| PB 0x000000061a800000| Untracked |  0
|  107|0x000000061ac00000, 0x000000061ac00000, 0x000000061b000000|  0%| F|  |TAMS 0x000000061ac00000| PB 0x000000061ac00000| Untracked |  0
|  108|0x000000061b000000, 0x000000061b000000, 0x000000061b400000|  0%| F|  |TAMS 0x000000061b000000| PB 0x000000061b000000| Untracked |  0
|  109|0x000000061b400000, 0x000000061b400000, 0x000000061b800000|  0%| F|  |TAMS 0x000000061b400000| PB 0x000000061b400000| Untracked |  0
|  110|0x000000061b800000, 0x000000061b800000, 0x000000061bc00000|  0%| F|  |TAMS 0x000000061b800000| PB 0x000000061b800000| Untracked |  0
|  111|0x000000061bc00000, 0x000000061bc00000, 0x000000061c000000|  0%| F|  |TAMS 0x000000061bc00000| PB 0x000000061bc00000| Untracked |  0
|  112|0x000000061c000000, 0x000000061c000000, 0x000000061c400000|  0%| F|  |TAMS 0x000000061c000000| PB 0x000000061c000000| Untracked |  0
|  113|0x000000061c400000, 0x000000061c400000, 0x000000061c800000|  0%| F|  |TAMS 0x000000061c400000| PB 0x000000061c400000| Untracked |  0
|  114|0x000000061c800000, 0x000000061c800000, 0x000000061cc00000|  0%| F|  |TAMS 0x000000061c800000| PB 0x000000061c800000| Untracked |  0
|  115|0x000000061cc00000, 0x000000061cc00000, 0x000000061d000000|  0%| F|  |TAMS 0x000000061cc00000| PB 0x000000061cc00000| Untracked |  0
|  116|0x000000061d000000, 0x000000061d000000, 0x000000061d400000|  0%| F|  |TAMS 0x000000061d000000| PB 0x000000061d000000| Untracked |  0
|  117|0x000000061d400000, 0x000000061d400000, 0x000000061d800000|  0%| F|  |TAMS 0x000000061d400000| PB 0x000000061d400000| Untracked |  0
|  118|0x000000061d800000, 0x000000061d800000, 0x000000061dc00000|  0%| F|  |TAMS 0x000000061d800000| PB 0x000000061d800000| Untracked |  0
|  119|0x000000061dc00000, 0x000000061dc00000, 0x000000061e000000|  0%| F|  |TAMS 0x000000061dc00000| PB 0x000000061dc00000| Untracked |  0
|  120|0x000000061e000000, 0x000000061e000000, 0x000000061e400000|  0%| F|  |TAMS 0x000000061e000000| PB 0x000000061e000000| Untracked |  0
|  121|0x000000061e400000, 0x000000061e400000, 0x000000061e800000|  0%| F|  |TAMS 0x000000061e400000| PB 0x000000061e400000| Untracked |  0
|  122|0x000000061e800000, 0x000000061e800000, 0x000000061ec00000|  0%| F|  |TAMS 0x000000061e800000| PB 0x000000061e800000| Untracked |  0
|  123|0x000000061ec00000, 0x000000061ec00000, 0x000000061f000000|  0%| F|  |TAMS 0x000000061ec00000| PB 0x000000061ec00000| Untracked |  0
|  124|0x000000061f000000, 0x000000061f000000, 0x000000061f400000|  0%| F|  |TAMS 0x000000061f000000| PB 0x000000061f000000| Untracked |  0
|  125|0x000000061f400000, 0x000000061f400000, 0x000000061f800000|  0%| F|  |TAMS 0x000000061f400000| PB 0x000000061f400000| Untracked |  0
|  126|0x000000061f800000, 0x000000061f800000, 0x000000061fc00000|  0%| F|  |TAMS 0x000000061f800000| PB 0x000000061f800000| Untracked |  0
|  127|0x000000061fc00000, 0x000000061fc00000, 0x0000000620000000|  0%| F|  |TAMS 0x000000061fc00000| PB 0x000000061fc00000| Untracked |  0
|  128|0x0000000620000000, 0x0000000620000000, 0x0000000620400000|  0%| F|  |TAMS 0x0000000620000000| PB 0x0000000620000000| Untracked |  0
|  129|0x0000000620400000, 0x0000000620400000, 0x0000000620800000|  0%| F|  |TAMS 0x0000000620400000| PB 0x0000000620400000| Untracked |  0
|  130|0x0000000620800000, 0x0000000620800000, 0x0000000620c00000|  0%| F|  |TAMS 0x0000000620800000| PB 0x0000000620800000| Untracked |  0
|  131|0x0000000620c00000, 0x0000000620c00000, 0x0000000621000000|  0%| F|  |TAMS 0x0000000620c00000| PB 0x0000000620c00000| Untracked |  0
|  132|0x0000000621000000, 0x0000000621000000, 0x0000000621400000|  0%| F|  |TAMS 0x0000000621000000| PB 0x0000000621000000| Untracked |  0
|  133|0x0000000621400000, 0x0000000621400000, 0x0000000621800000|  0%| F|  |TAMS 0x0000000621400000| PB 0x0000000621400000| Untracked |  0
|  134|0x0000000621800000, 0x0000000621800000, 0x0000000621c00000|  0%| F|  |TAMS 0x0000000621800000| PB 0x0000000621800000| Untracked |  0
|  135|0x0000000621c00000, 0x0000000621c00000, 0x0000000622000000|  0%| F|  |TAMS 0x0000000621c00000| PB 0x0000000621c00000| Untracked |  0
|  136|0x0000000622000000, 0x0000000622000000, 0x0000000622400000|  0%| F|  |TAMS 0x0000000622000000| PB 0x0000000622000000| Untracked |  0
|  137|0x0000000622400000, 0x0000000622400000, 0x0000000622800000|  0%| F|  |TAMS 0x0000000622400000| PB 0x0000000622400000| Untracked |  0
|  138|0x0000000622800000, 0x0000000622800000, 0x0000000622c00000|  0%| F|  |TAMS 0x0000000622800000| PB 0x0000000622800000| Untracked |  0
|  139|0x0000000622c00000, 0x0000000622c00000, 0x0000000623000000|  0%| F|  |TAMS 0x0000000622c00000| PB 0x0000000622c00000| Untracked |  0
|  140|0x0000000623000000, 0x0000000623000000, 0x0000000623400000|  0%| F|  |TAMS 0x0000000623000000| PB 0x0000000623000000| Untracked |  0
| 2042|0x00000007fe800000, 0x00000007fec00000, 0x00000007fec00000|100%| O|  |TAMS 0x00000007fe800000| PB 0x00000007fe800000| Untracked |  0
| 2043|0x00000007fec00000, 0x00000007fec00000, 0x00000007ff000000|  0%| F|  |TAMS 0x00000007fec00000| PB 0x00000007fec00000| Untracked |  0
| 2044|0x00000007ff000000, 0x00000007ff000000, 0x00000007ff400000|  0%| F|  |TAMS 0x00000007ff000000| PB 0x00000007ff000000| Untracked |  0
| 2045|0x00000007ff400000, 0x00000007ff800000, 0x00000007ff800000|100%| O|  |TAMS 0x00000007ff400000| PB 0x00000007ff400000| Untracked |  0
| 2046|0x00000007ff800000, 0x00000007ffc00000, 0x00000007ffc00000|100%| O|  |TAMS 0x00000007ff800000| PB 0x00000007ff800000| Untracked |  0
| 2047|0x00000007ffc00000, 0x0000000800000000, 0x0000000800000000|100%| O|Cm|TAMS 0x00000007ffc00000| PB 0x00000007ffc00000| Complete  |  0

Card table byte_map: [0x0000021cf2f20000,0x0000021cf3f20000] _byte_map_base: 0x0000021ceff20000
Refinement table byte_map: [0x0000021cf1f20000,0x0000021cf2f20000] _byte_map_base: 0x0000021ceef20000

Marking Bits: (CMBitMap*) 0x0000021ce7a59150
 Bits: [0x0000021cf3f20000, 0x0000021cfbf20000)

Polling page: 0x0000021ce5bb0000

Metaspace:
Metaspace        used 125070K, committed 127936K, reserved 1179648K
 class space     used 18360K, committed 19712K, reserved 1048576K

Usage:
  Non-class:    104.21 MB used.
      Class:     17.93 MB used.
       Both:    122.14 MB used.

Virtual space:
  Non-class space:      128.00 MB reserved,     105.69 MB ( 83%) committed,  2 nodes.
      Class space:        1.00 GB reserved,      19.25 MB (  2%) committed,  1 nodes.
             Both:        1.12 GB reserved,     124.94 MB ( 11%) committed. 

Chunk freelists:
   Non-Class:  5.97 MB
       Class:  12.79 MB
        Both:  18.75 MB

MaxMetaspaceSize: 4.00 GB
CompressedClassSpaceSize: 1.00 GB
Initial GC threshold: 21.00 MB
Current GC threshold: 207.31 MB
CDS: on
 - commit_granule_bytes: 65536.
 - commit_granule_words: 8192.
 - virtual_space_node_default_size: 8388608.
 - enlarge_chunks_in_place: 1.
UseCompressedClassPointers 1, UseCompactObjectHeaders 0
Narrow klass pointer bits 32, Max shift 3
Narrow klass base: 0x0000000080000000, Narrow klass shift: 0
Encoding Range: [0x0000000080000000 - 0x0000000180000000), (4294967296 bytes)
Klass Range:    [0x0000000080000000 - 0x00000000c1000000), (1090519040 bytes)
Klass ID Range:  [8 - 1090519033) (1090519025)
Protection zone: [0x0000000080000000 - 0x0000000080010000), (65536 bytes)


Internal statistics:

num_allocs_failed_limit: 6.
num_arena_births: 5086.
num_arena_deaths: 122.
num_vsnodes_births: 3.
num_vsnodes_deaths: 0.
num_space_committed: 1999.
num_space_uncommitted: 0.
num_chunks_returned_to_freelist: 141.
num_chunks_taken_from_freelist: 10930.
num_chunk_merges: 45.
num_chunk_splits: 7206.
num_chunks_enlarged: 4717.
num_inconsistent_stats: 0.

CodeHeap 'non-profiled nmethods': size=259264Kb used=11143Kb max_used=11143Kb free=248120Kb
 bounds [0x0000021c902d0000, 0x0000021c90dc0000, 0x0000021ca0000000]
CodeHeap 'profiled nmethods': size=259264Kb used=29000Kb max_used=29355Kb free=230263Kb
 bounds [0x0000021c80000000, 0x0000021c81ce0000, 0x0000021c8fd30000]
CodeHeap 'non-nmethods': size=5760Kb used=2148Kb max_used=2299Kb free=3611Kb
 bounds [0x0000021c8fd30000, 0x0000021c8ffa0000, 0x0000021c902d0000]
CodeCache: size=524288Kb, used=42291Kb, max_used=42797Kb, free=481994Kb
 total_blobs=20838, nmethods=19862, adapters=879, full_count=0
Compilation: enabled, stopped_count=0, restarted_count=0

Compilation events (20 events):
Event: 210.241 Thread 0x0000021cfc11d140 23465       3       org.gradle.api.internal.file.AttributeBasedFileVisitDetailsFactory::getRootFileVisitDetails (74 bytes)
Event: 210.242 Thread 0x0000021cfc11d140 nmethod 23465 0x0000021c81105c88 code [0x0000021c81105d80, 0x0000021c811065e0]
Event: 210.242 Thread 0x0000021cfc11d140 23466       3       org.gradle.api.internal.file.DefaultFileVisitDetails::<init> (16 bytes)
Event: 210.242 Thread 0x0000021cfc11d140 nmethod 23466 0x0000021c81105788 code [0x0000021c81105880, 0x0000021c81105c50]
Event: 210.242 Thread 0x0000021cfc11d140 23467       3       org.gradle.api.file.RelativePath::append (11 bytes)
Event: 210.242 Thread 0x0000021cfc11d140 nmethod 23467 0x0000021c80f25c88 code [0x0000021c80f25d80, 0x0000021c80f25f20]
Event: 210.242 Thread 0x0000021cfc11d140 23468       3       org.gradle.api.internal.file.collections.PathVisitor::shouldVisit (11 bytes)
Event: 210.242 Thread 0x0000021cfc11d140 nmethod 23468 0x0000021c81279908 code [0x0000021c81279a00, 0x0000021c81279bd0]
Event: 210.244 Thread 0x0000021cfc1181a0 23469   !   4       sun.net.www.ParseUtil::decode (349 bytes)
Event: 210.246 Thread 0x0000021cfc1181a0 nmethod 23469 0x0000021c90db1108 code [0x0000021c90db1200, 0x0000021c90db13d8]
Event: 210.250 Thread 0x0000021cfc1181a0 23470       4       kotlin.sequences.SequenceBuilderIterator::hasNext (125 bytes)
Event: 210.252 Thread 0x0000021cfc1181a0 nmethod 23470 0x0000021c90db1408 code [0x0000021c90db1500, 0x0000021c90db17c8]
Event: 210.253 Thread 0x0000021cfc1181a0 23472       4       kotlin.coroutines.jvm.internal.RestrictedContinuationImpl::<init> (62 bytes)
Event: 210.253 Thread 0x0000021cfc1181a0 nmethod 23472 0x0000021c90db1808 code [0x0000021c90db1900, 0x0000021c90db1a28]
Event: 210.253 Thread 0x0000021cfc1181a0 23471       4       kotlin.sequences.SequenceBuilderIterator::next (82 bytes)
Event: 210.256 Thread 0x0000021cfc1181a0 nmethod 23471 0x0000021c90db1b08 code [0x0000021c90db1c00, 0x0000021c90db1e98]
Event: 210.260 Thread 0x0000021cfc11d140 23473       3       java.net.InetAddress::getByAddress (6 bytes)
Event: 210.260 Thread 0x0000021cfc11d140 nmethod 23473 0x0000021c80cf0988 code [0x0000021c80cf0a80, 0x0000021c80cf0b98]
Event: 210.260 Thread 0x0000021cfc11d140 23474       3       java.net.InetAddress::getByAddress (114 bytes)
Event: 210.261 Thread 0x0000021cfc11d140 nmethod 23474 0x0000021c817f3f08 code [0x0000021c817f4000, 0x0000021c817f55f8]

GC Heap Usage History (20 events):
Event: 54.272 {heap After GC invocations=68 (full 0):
 garbage-first heap   total reserved 8388608K, committed 200704K, used 146002K [0x0000000600000000, 0x0000000800000000)
  region size 4M, 0 eden (0M), 1 survivor (4M), 35 old (140M), 1 humongous (4M), 12 free (48M)
}
Event: 54.500 {heap Before GC invocations=68 (full 0):
 garbage-first heap   total reserved 8388608K, committed 200704K, used 178770K [0x0000000600000000, 0x0000000800000000)
  region size 4M, 9 eden (36M), 1 survivor (4M), 35 old (140M), 1 humongous (4M), 3 free (12M)
}
Event: 54.509 {heap After GC invocations=69 (full 0):
 garbage-first heap   total reserved 8388608K, committed 602112K, used 146547K [0x0000000600000000, 0x0000000800000000)
  region size 4M, 0 eden (0M), 2 survivor (8M), 34 old (136M), 1 humongous (4M), 110 free (440M)
}
Event: 57.074 {heap Before GC invocations=69 (full 0):
 garbage-first heap   total reserved 8388608K, committed 602112K, used 408691K [0x0000000600000000, 0x0000000800000000)
  region size 4M, 65 eden (260M), 2 survivor (8M), 34 old (136M), 1 humongous (4M), 45 free (180M)
}
Event: 57.108 {heap After GC invocations=70 (full 0):
 garbage-first heap   total reserved 8388608K, committed 602112K, used 169293K [0x0000000600000000, 0x0000000800000000)
  region size 4M, 0 eden (0M), 7 survivor (28M), 34 old (136M), 1 humongous (4M), 105 free (420M)
}
Event: 60.017 {heap Before GC invocations=70 (full 0):
 garbage-first heap   total reserved 8388608K, committed 602112K, used 492877K [0x0000000600000000, 0x0000000800000000)
  region size 4M, 80 eden (320M), 7 survivor (28M), 34 old (136M), 1 humongous (4M), 25 free (100M)
}
Event: 60.044 {heap After GC invocations=71 (full 0):
 garbage-first heap   total reserved 8388608K, committed 602112K, used 203232K [0x0000000600000000, 0x0000000800000000)
  region size 4M, 0 eden (0M), 11 survivor (44M), 38 old (152M), 1 humongous (4M), 97 free (388M)
}
Event: 62.361 {heap Before GC invocations=71 (full 0):
 garbage-first heap   total reserved 8388608K, committed 602112K, used 502240K [0x0000000600000000, 0x0000000800000000)
  region size 4M, 74 eden (296M), 11 survivor (44M), 38 old (152M), 1 humongous (4M), 23 free (92M)
}
Event: 62.383 {heap After GC invocations=72 (full 0):
 garbage-first heap   total reserved 8388608K, committed 602112K, used 230992K [0x0000000600000000, 0x0000000800000000)
  region size 4M, 0 eden (0M), 7 survivor (28M), 49 old (196M), 1 humongous (4M), 90 free (360M)
}
Event: 67.379 {heap Before GC invocations=72 (full 0):
 garbage-first heap   total reserved 8388608K, committed 602112K, used 513616K [0x0000000600000000, 0x0000000800000000)
  region size 4M, 70 eden (280M), 7 survivor (28M), 49 old (196M), 1 humongous (4M), 20 free (80M)
}
Event: 67.406 {heap After GC invocations=73 (full 0):
 garbage-first heap   total reserved 8388608K, committed 602112K, used 264609K [0x0000000600000000, 0x0000000800000000)
  region size 4M, 0 eden (0M), 9 survivor (36M), 55 old (220M), 1 humongous (4M), 82 free (328M)
}
Event: 79.817 {heap Before GC invocations=74 (full 0):
 garbage-first heap   total reserved 8388608K, committed 602112K, used 518561K [0x0000000600000000, 0x0000000800000000)
  region size 4M, 62 eden (248M), 9 survivor (36M), 55 old (220M), 1 humongous (4M), 20 free (80M)
}
Event: 79.844 {heap After GC invocations=75 (full 0):
 garbage-first heap   total reserved 8388608K, committed 602112K, used 291023K [0x0000000600000000, 0x0000000800000000)
  region size 4M, 0 eden (0M), 7 survivor (28M), 64 old (256M), 1 humongous (4M), 75 free (300M)
}
Event: 82.353 {heap Before GC invocations=75 (full 0):
 garbage-first heap   total reserved 8388608K, committed 602112K, used 524495K [0x0000000600000000, 0x0000000800000000)
  region size 4M, 57 eden (228M), 7 survivor (28M), 64 old (256M), 1 humongous (4M), 18 free (72M)
}
Event: 82.377 {heap After GC invocations=76 (full 0):
 garbage-first heap   total reserved 8388608K, committed 602112K, used 310071K [0x0000000600000000, 0x0000000800000000)
  region size 4M, 0 eden (0M), 6 survivor (24M), 69 old (276M), 1 humongous (4M), 71 free (284M)
}
Event: 85.389 {heap Before GC invocations=76 (full 0):
 garbage-first heap   total reserved 8388608K, committed 602112K, used 531255K [0x0000000600000000, 0x0000000800000000)
  region size 4M, 54 eden (216M), 6 survivor (24M), 69 old (276M), 1 humongous (4M), 17 free (68M)
}
Event: 85.413 {heap After GC invocations=77 (full 0):
 garbage-first heap   total reserved 8388608K, committed 602112K, used 332083K [0x0000000600000000, 0x0000000800000000)
  region size 4M, 0 eden (0M), 6 survivor (24M), 75 old (300M), 1 humongous (4M), 65 free (260M)
}
Event: 87.536 {heap Before GC invocations=78 (full 0):
 garbage-first heap   total reserved 8388608K, committed 602112K, used 536883K [0x0000000600000000, 0x0000000800000000)
  region size 4M, 50 eden (200M), 6 survivor (24M), 75 old (300M), 1 humongous (4M), 15 free (60M)
}
Event: 87.564 {heap After GC invocations=79 (full 0):
 garbage-first heap   total reserved 8388608K, committed 602112K, used 365399K [0x0000000600000000, 0x0000000800000000)
  region size 4M, 0 eden (0M), 7 survivor (28M), 82 old (328M), 1 humongous (4M), 57 free (228M)
}
Event: 210.283 {heap Before GC invocations=79 (full 0):
 garbage-first heap   total reserved 8388608K, committed 602112K, used 529239K [0x0000000600000000, 0x0000000800000000)
  region size 4M, 41 eden (164M), 7 survivor (28M), 82 old (328M), 1 humongous (4M), 16 free (64M)
}

Metaspace Usage History (20 events):
Event: 54.272 {metaspace After GC invocations=68 (full 0):
 Metaspace       used 108128K, committed 110656K, reserved 1179648K
  class space    used 16147K, committed 17344K, reserved 1048576K
}
Event: 54.500 {metaspace Before GC invocations=68 (full 0):
 Metaspace       used 108128K, committed 110656K, reserved 1179648K
  class space    used 16147K, committed 17344K, reserved 1048576K
}
Event: 54.509 {metaspace After GC invocations=69 (full 0):
 Metaspace       used 108128K, committed 110656K, reserved 1179648K
  class space    used 16147K, committed 17344K, reserved 1048576K
}
Event: 57.074 {metaspace Before GC invocations=69 (full 0):
 Metaspace       used 108726K, committed 111296K, reserved 1179648K
  class space    used 16215K, committed 17408K, reserved 1048576K
}
Event: 57.108 {metaspace After GC invocations=70 (full 0):
 Metaspace       used 108726K, committed 111296K, reserved 1179648K
  class space    used 16215K, committed 17408K, reserved 1048576K
}
Event: 60.017 {metaspace Before GC invocations=70 (full 0):
 Metaspace       used 110344K, committed 112896K, reserved 1179648K
  class space    used 16389K, committed 17600K, reserved 1048576K
}
Event: 60.044 {metaspace After GC invocations=71 (full 0):
 Metaspace       used 110344K, committed 112896K, reserved 1179648K
  class space    used 16389K, committed 17600K, reserved 1048576K
}
Event: 62.361 {metaspace Before GC invocations=71 (full 0):
 Metaspace       used 111021K, committed 113728K, reserved 1179648K
  class space    used 16474K, committed 17728K, reserved 1048576K
}
Event: 62.383 {metaspace After GC invocations=72 (full 0):
 Metaspace       used 111021K, committed 113728K, reserved 1179648K
  class space    used 16474K, committed 17728K, reserved 1048576K
}
Event: 67.379 {metaspace Before GC invocations=72 (full 0):
 Metaspace       used 120688K, committed 123392K, reserved 1179648K
  class space    used 17821K, committed 19072K, reserved 1048576K
}
Event: 67.406 {metaspace After GC invocations=73 (full 0):
 Metaspace       used 120688K, committed 123392K, reserved 1179648K
  class space    used 17821K, committed 19072K, reserved 1048576K
}
Event: 79.817 {metaspace Before GC invocations=74 (full 0):
 Metaspace       used 123666K, committed 126464K, reserved 1179648K
  class space    used 18257K, committed 19584K, reserved 1048576K
}
Event: 79.844 {metaspace After GC invocations=75 (full 0):
 Metaspace       used 123666K, committed 126464K, reserved 1179648K
  class space    used 18257K, committed 19584K, reserved 1048576K
}
Event: 82.353 {metaspace Before GC invocations=75 (full 0):
 Metaspace       used 123968K, committed 126720K, reserved 1179648K
  class space    used 18268K, committed 19584K, reserved 1048576K
}
Event: 82.377 {metaspace After GC invocations=76 (full 0):
 Metaspace       used 123968K, committed 126720K, reserved 1179648K
  class space    used 18268K, committed 19584K, reserved 1048576K
}
Event: 85.389 {metaspace Before GC invocations=76 (full 0):
 Metaspace       used 124477K, committed 127296K, reserved 1179648K
  class space    used 18329K, committed 19648K, reserved 1048576K
}
Event: 85.413 {metaspace After GC invocations=77 (full 0):
 Metaspace       used 124477K, committed 127296K, reserved 1179648K
  class space    used 18329K, committed 19648K, reserved 1048576K
}
Event: 87.536 {metaspace Before GC invocations=78 (full 0):
 Metaspace       used 124859K, committed 127616K, reserved 1179648K
  class space    used 18346K, committed 19648K, reserved 1048576K
}
Event: 87.564 {metaspace After GC invocations=79 (full 0):
 Metaspace       used 124859K, committed 127616K, reserved 1179648K
  class space    used 18346K, committed 19648K, reserved 1048576K
}
Event: 210.283 {metaspace Before GC invocations=79 (full 0):
 Metaspace       used 125070K, committed 127936K, reserved 1179648K
  class space    used 18360K, committed 19712K, reserved 1048576K
}

Dll operation events (20 events):
Event: 0.127 Attempting to load shared library C:\Program Files\Java\jdk-26.0.2.1\bin\zip.dll
Event: 0.127 Loaded shared library C:\Program Files\Java\jdk-26.0.2.1\bin\zip.dll
Event: 0.540 Attempting to load shared library C:\Program Files\Java\jdk-26.0.2.1\bin\jimage.dll
Event: 0.540 Loaded shared library C:\Program Files\Java\jdk-26.0.2.1\bin\jimage.dll
Event: 0.873 Attempting to load shared library C:\Program Files\Java\jdk-26.0.2.1\bin\verify.dll
Event: 0.873 Loaded shared library C:\Program Files\Java\jdk-26.0.2.1\bin\verify.dll
Event: 0.904 Attempting to load shared library C:\Users\amang\.gradle\native\660c5614fbf4a5f2a75b1949f50a0caf5cd603558e7d8a26e50b933a0cfb79d1\windows-amd64\native-platform.dll
Event: 0.905 Loaded shared library C:\Users\amang\.gradle\native\660c5614fbf4a5f2a75b1949f50a0caf5cd603558e7d8a26e50b933a0cfb79d1\windows-amd64\native-platform.dll
Event: 0.918 Attempting to load shared library C:\Users\amang\.gradle\native\0.2.8\x86_64-windows-gnu\gradle-fileevents.dll
Event: 0.919 Loaded shared library C:\Users\amang\.gradle\native\0.2.8\x86_64-windows-gnu\gradle-fileevents.dll
Event: 2.693 Attempting to load shared library C:\Program Files\Java\jdk-26.0.2.1\bin\management.dll
Event: 2.694 Loaded shared library C:\Program Files\Java\jdk-26.0.2.1\bin\management.dll
Event: 2.700 Attempting to load shared library C:\Program Files\Java\jdk-26.0.2.1\bin\management_ext.dll
Event: 2.702 Loaded shared library C:\Program Files\Java\jdk-26.0.2.1\bin\management_ext.dll
Event: 2.972 Attempting to load shared library C:\Program Files\Java\jdk-26.0.2.1\bin\extnet.dll
Event: 2.974 Loaded shared library C:\Program Files\Java\jdk-26.0.2.1\bin\extnet.dll
Event: 3.417 Attempting to load shared library C:\Program Files\Java\jdk-26.0.2.1\bin\sunmscapi.dll
Event: 3.421 Loaded shared library C:\Program Files\Java\jdk-26.0.2.1\bin\sunmscapi.dll
Event: 24.149 Attempting to load shared library C:\Program Files\Java\jdk-26.0.2.1\bin\rmi.dll
Event: 24.150 Loaded shared library C:\Program Files\Java\jdk-26.0.2.1\bin\rmi.dll

Deoptimization events (20 events):
Event: 210.118 Thread 0x0000021cb0c627b0 Uncommon trap: trap_request=0xffffffc6 fr.pc=0x0000021c90a32ed8 relative=0x0000000000001158
Event: 210.118 Thread 0x0000021cb0c627b0 Uncommon trap: reason=bimorphic_or_optimized_type_check action=maybe_recompile pc=0x0000021c90a32ed8 method=org.gradle.api.internal.DefaultNamedDomainObjectCollection.findByName(Ljava/lang/String;)Ljava/lang/Object; @ 28 c2
Event: 210.118 Thread 0x0000021cb0c627b0 DEOPT PACKING pc=0x0000021c90a32ed8 sp=0x000000da9c1f35c0
Event: 210.118 Thread 0x0000021cb0c627b0 DEOPT UNPACKING pc=0x0000021c8fe52282 sp=0x000000da9c1f3560 mode 2
Event: 210.154 Thread 0x0000021cb0c627b0 Uncommon trap: trap_request=0xffffffc6 fr.pc=0x0000021c90a32ed8 relative=0x0000000000001158
Event: 210.154 Thread 0x0000021cb0c627b0 Uncommon trap: reason=bimorphic_or_optimized_type_check action=maybe_recompile pc=0x0000021c90a32ed8 method=org.gradle.api.internal.DefaultNamedDomainObjectCollection.findByName(Ljava/lang/String;)Ljava/lang/Object; @ 28 c2
Event: 210.154 Thread 0x0000021cb0c627b0 DEOPT PACKING pc=0x0000021c90a32ed8 sp=0x000000da9c1f3a60
Event: 210.154 Thread 0x0000021cb0c627b0 DEOPT UNPACKING pc=0x0000021c8fe52282 sp=0x000000da9c1f3a00 mode 2
Event: 210.236 Thread 0x0000021cb0c627b0 Uncommon trap: trap_request=0xffffffde fr.pc=0x0000021c90b480a0 relative=0x0000000000000920
Event: 210.236 Thread 0x0000021cb0c627b0 Uncommon trap: reason=class_check action=maybe_recompile pc=0x0000021c90b480a0 method=org.gradle.api.internal.artifacts.dependencies.AbstractVersionConstraint.equals(Ljava/lang/Object;)Z @ 44 c2
Event: 210.236 Thread 0x0000021cb0c627b0 DEOPT PACKING pc=0x0000021c90b480a0 sp=0x000000da9c1f4240
Event: 210.236 Thread 0x0000021cb0c627b0 DEOPT UNPACKING pc=0x0000021c8fe52282 sp=0x000000da9c1f41f8 mode 2
Event: 210.237 Thread 0x0000021cb0c627b0 Uncommon trap: trap_request=0xffffffc6 fr.pc=0x0000021c90a32ed8 relative=0x0000000000001158
Event: 210.237 Thread 0x0000021cb0c627b0 Uncommon trap: reason=bimorphic_or_optimized_type_check action=maybe_recompile pc=0x0000021c90a32ed8 method=org.gradle.api.internal.DefaultNamedDomainObjectCollection.findByName(Ljava/lang/String;)Ljava/lang/Object; @ 28 c2
Event: 210.237 Thread 0x0000021cb0c627b0 DEOPT PACKING pc=0x0000021c90a32ed8 sp=0x000000da9c1f4bc0
Event: 210.237 Thread 0x0000021cb0c627b0 DEOPT UNPACKING pc=0x0000021c8fe52282 sp=0x000000da9c1f4b60 mode 2
Event: 210.252 Thread 0x0000021cb0c627b0 Uncommon trap: trap_request=0xffffffc6 fr.pc=0x0000021c90c109ec relative=0x00000000000024cc
Event: 210.252 Thread 0x0000021cb0c627b0 Uncommon trap: reason=bimorphic_or_optimized_type_check action=maybe_recompile pc=0x0000021c90c109ec method=org.gradle.internal.ImmutableActionSet.add(Lorg/gradle/api/Action;)Lorg/gradle/internal/ImmutableActionSet; @ 62 c2
Event: 210.252 Thread 0x0000021cb0c627b0 DEOPT PACKING pc=0x0000021c90c109ec sp=0x000000da9c1f63a0
Event: 210.252 Thread 0x0000021cb0c627b0 DEOPT UNPACKING pc=0x0000021c8fe52282 sp=0x000000da9c1f62f8 mode 2

Classes loaded (20 events):
Event: 69.022 Loading class sun/reflect/misc/MethodUtil
Event: 69.023 Loading class sun/reflect/misc/MethodUtil done
Event: 69.023 Loading class sun/reflect/misc/MethodUtil$1
Event: 69.023 Loading class sun/reflect/misc/MethodUtil$1 done
Event: 69.630 Loading class java/nio/file/StandardCopyOption
Event: 69.630 Loading class java/nio/file/StandardCopyOption done
Event: 69.630 Loading class sun/nio/fs/WindowsFileCopy
Event: 69.631 Loading class sun/nio/fs/WindowsFileCopy done
Event: 69.734 Loading class java/time/Instant$1
Event: 69.734 Loading class java/time/Instant$1 done
Event: 69.771 Loading class java/net/UrlDeserializedState
Event: 69.772 Loading class java/net/UrlDeserializedState done
Event: 69.790 Loading class java/util/concurrent/CompletableFuture$AsyncRun
Event: 69.791 Loading class java/util/concurrent/CompletableFuture$AsyncRun done
Event: 70.845 Loading class java/util/logging/LogRecord
Event: 70.846 Loading class java/util/logging/LogRecord done
Event: 71.093 Loading class jdk/internal/math/FormattedFPDecimal
Event: 71.097 Loading class jdk/internal/math/FormattedFPDecimal done
Event: 72.790 Loading class java/util/PriorityQueue
Event: 72.791 Loading class java/util/PriorityQueue done

Classes unloaded (20 events):
Event: 85.595 Thread 0x0000021cfc0dab80 Unloading class 0x0000000082285000 'java/lang/invoke/LambdaForm$MH+0x0000000082285000'
Event: 85.595 Thread 0x0000021cfc0dab80 Unloading class 0x0000000082284c00 'java/lang/invoke/LambdaForm$MH+0x0000000082284c00'
Event: 85.595 Thread 0x0000021cfc0dab80 Unloading class 0x0000000082284800 'java/lang/invoke/LambdaForm$MH+0x0000000082284800'
Event: 85.595 Thread 0x0000021cfc0dab80 Unloading class 0x0000000082284400 'java/lang/invoke/LambdaForm$MH+0x0000000082284400'
Event: 85.595 Thread 0x0000021cfc0dab80 Unloading class 0x0000000082284000 'java/lang/invoke/LambdaForm$MH+0x0000000082284000'
Event: 85.595 Thread 0x0000021cfc0dab80 Unloading class 0x00000000821c8800 'java/lang/invoke/LambdaForm$MH+0x00000000821c8800'
Event: 85.595 Thread 0x0000021cfc0dab80 Unloading class 0x00000000821b4000 'java/lang/invoke/LambdaForm$MH+0x00000000821b4000'
Event: 85.595 Thread 0x0000021cfc0dab80 Unloading class 0x00000000821a4000 'java/lang/invoke/LambdaForm$MH+0x00000000821a4000'
Event: 85.595 Thread 0x0000021cfc0dab80 Unloading class 0x000000008218c000 'java/lang/invoke/LambdaForm$MH+0x000000008218c000'
Event: 85.595 Thread 0x0000021cfc0dab80 Unloading class 0x000000008217c400 'java/lang/invoke/LambdaForm$MH+0x000000008217c400'
Event: 85.595 Thread 0x0000021cfc0dab80 Unloading class 0x0000000082141000 'java/lang/invoke/LambdaForm$MH+0x0000000082141000'
Event: 85.595 Thread 0x0000021cfc0dab80 Unloading class 0x000000008213c400 'java/lang/invoke/LambdaForm$MH+0x000000008213c400'
Event: 85.595 Thread 0x0000021cfc0dab80 Unloading class 0x0000000082136400 'java/lang/invoke/LambdaForm$MH+0x0000000082136400'
Event: 85.595 Thread 0x0000021cfc0dab80 Unloading class 0x000000008212cc00 'java/lang/invoke/LambdaForm$MH+0x000000008212cc00'
Event: 85.595 Thread 0x0000021cfc0dab80 Unloading class 0x000000008212c800 'java/lang/invoke/LambdaForm$MH+0x000000008212c800'
Event: 85.595 Thread 0x0000021cfc0dab80 Unloading class 0x000000008210b400 'java/lang/invoke/LambdaForm$MH+0x000000008210b400'
Event: 85.595 Thread 0x0000021cfc0dab80 Unloading class 0x00000000820fc000 'java/lang/invoke/LambdaForm$MH+0x00000000820fc000'
Event: 85.595 Thread 0x0000021cfc0dab80 Unloading class 0x00000000820f4400 'java/lang/invoke/LambdaForm$MH+0x00000000820f4400'
Event: 85.595 Thread 0x0000021cfc0dab80 Unloading class 0x00000000820e0400 'java/lang/invoke/LambdaForm$MH+0x00000000820e0400'
Event: 85.595 Thread 0x0000021cfc0dab80 Unloading class 0x0000000082030000 'java/lang/invoke/LambdaForm$MH+0x0000000082030000'

Classes redefined (0 events):
No events

Internal exceptions (20 events):
Event: 79.859 Thread 0x0000021ca96568f0 Exception <a 'sun/nio/fs/WindowsException'{0x00000007ff177a00}> (0x00000007ff177a00) 
thrown [s\open\src\hotspot\share\prims\jni.cpp, line 514]
Event: 79.863 Thread 0x0000021ca96568f0 Exception <a 'sun/nio/fs/WindowsException'{0x00000007ff1a6ab0}> (0x00000007ff1a6ab0) 
thrown [s\open\src\hotspot\share\prims\jni.cpp, line 514]
Event: 79.863 Thread 0x0000021ca96568f0 Exception <a 'sun/nio/fs/WindowsException'{0x00000007ff1a9190}> (0x00000007ff1a9190) 
thrown [s\open\src\hotspot\share\prims\jni.cpp, line 514]
Event: 79.863 Thread 0x0000021ca96568f0 Exception <a 'sun/nio/fs/WindowsException'{0x00000007ff1ab490}> (0x00000007ff1ab490) 
thrown [s\open\src\hotspot\share\prims\jni.cpp, line 514]
Event: 79.868 Thread 0x0000021ca96568f0 Exception <a 'sun/nio/fs/WindowsException'{0x00000007ff1c1130}> (0x00000007ff1c1130) 
thrown [s\open\src\hotspot\share\prims\jni.cpp, line 514]
Event: 80.821 Thread 0x0000021ca5163460 Implicit null exception at 0x0000021c90bb9a3d to 0x0000021c90bb9b88
Event: 85.619 Thread 0x0000021ca5b5e6c0 Exception <a 'java/lang/NoSuchMethodError'{0x000000062339b260}: static Lorg/gradle/tooling/internal/provider/PhasedBuildActionResult;.<clinit>()V> (0x000000062339b260) 
thrown [s\open\src\hotspot\share\prims\jni.cpp, line 1104]
Event: 85.620 Thread 0x0000021ca5b5e6c0 Exception <a 'java/lang/NoSuchMethodError'{0x00000006233a03e8}: static Lorg/gradle/tooling/internal/provider/serialization/SerializedPayload;.<clinit>()V> (0x00000006233a03e8) 
thrown [s\open\src\hotspot\share\prims\jni.cpp, line 1104]
Event: 87.474 Thread 0x0000021ca5163460 Exception <a 'sun/nio/fs/WindowsException'{0x0000000617d68c70}> (0x0000000617d68c70) 
thrown [s\open\src\hotspot\share\prims\jni.cpp, line 514]
Event: 87.826 Thread 0x0000021ca5b590d0 Exception <a 'sun/nio/fs/WindowsException'{0x0000000622934038}> (0x0000000622934038) 
thrown [s\open\src\hotspot\share\prims\jni.cpp, line 514]
Event: 209.714 Thread 0x0000021cb0c627b0 Exception <a 'java/lang/ClassNotFoundException'{0x000000061c032c50}: init_7qgy68n5okyvndyvu4a5u9jjmBeanInfo> (0x000000061c032c50) 
thrown [s\open\src\hotspot\share\classfile\systemDictionary.cpp, line 330]
Event: 209.715 Thread 0x0000021cb0c627b0 Exception <a 'java/lang/ClassNotFoundException'{0x000000061c039220}: init_7qgy68n5okyvndyvu4a5u9jjmCustomizer> (0x000000061c039220) 
thrown [s\open\src\hotspot\share\classfile\systemDictionary.cpp, line 330]
Event: 209.729 Thread 0x0000021cb0c627b0 Exception <a 'sun/nio/fs/WindowsException'{0x000000061c074688}> (0x000000061c074688) 
thrown [s\open\src\hotspot\share\prims\jni.cpp, line 514]
Event: 209.729 Thread 0x0000021cb0c627b0 Exception <a 'sun/nio/fs/WindowsException'{0x000000061c075b38}> (0x000000061c075b38) 
thrown [s\open\src\hotspot\share\prims\jni.cpp, line 514]
Event: 209.730 Thread 0x0000021cb0c627b0 Exception <a 'sun/nio/fs/WindowsException'{0x000000061c076fd8}> (0x000000061c076fd8) 
thrown [s\open\src\hotspot\share\prims\jni.cpp, line 514]
Event: 209.730 Thread 0x0000021cb0c627b0 Exception <a 'sun/nio/fs/WindowsException'{0x000000061c078078}> (0x000000061c078078) 
thrown [s\open\src\hotspot\share\prims\jni.cpp, line 514]
Event: 209.771 Thread 0x0000021cb0c627b0 Exception <a 'sun/nio/fs/WindowsException'{0x000000061c16eab8}> (0x000000061c16eab8) 
thrown [s\open\src\hotspot\share\prims\jni.cpp, line 514]
Event: 209.772 Thread 0x0000021cb0c627b0 Exception <a 'sun/nio/fs/WindowsException'{0x000000061c170778}> (0x000000061c170778) 
thrown [s\open\src\hotspot\share\prims\jni.cpp, line 514]
Event: 209.773 Thread 0x0000021cb0c627b0 Exception <a 'sun/nio/fs/WindowsException'{0x000000061c172428}> (0x000000061c172428) 
thrown [s\open\src\hotspot\share\prims\jni.cpp, line 514]
Event: 209.773 Thread 0x0000021cb0c627b0 Exception <a 'sun/nio/fs/WindowsException'{0x000000061c173cd8}> (0x000000061c173cd8) 
thrown [s\open\src\hotspot\share\prims\jni.cpp, line 514]

VM Operations (20 events):
Event: 85.685 Executing safepoint VM operation: G1PauseCleanup done
Event: 87.536 Executing safepoint VM operation: G1CollectForAllocation (G1 Evacuation Pause)
Event: 87.564 Executing safepoint VM operation: G1CollectForAllocation (G1 Evacuation Pause) done
Event: 120.306 Executing non-safepoint VM operation: HandshakeAllThreads (DeflationHandshakeClosure)
Event: 120.306 Executing non-safepoint VM operation: HandshakeAllThreads (DeflationHandshakeClosure) done
Event: 120.306 Executing non-safepoint VM operation: RendezvousGCThreads
Event: 120.306 Executing non-safepoint VM operation: RendezvousGCThreads done
Event: 139.667 Executing non-safepoint VM operation: HandshakeAllThreads (G1 Java Thread CT swap)
Event: 139.668 Executing non-safepoint VM operation: HandshakeAllThreads (G1 Java Thread CT swap) done
Event: 139.668 Executing non-safepoint VM operation: G1RendezvousGCThreads
Event: 139.668 Executing non-safepoint VM operation: G1RendezvousGCThreads done
Event: 180.481 Executing non-safepoint VM operation: HandshakeAllThreads (DeflationHandshakeClosure)
Event: 180.481 Executing non-safepoint VM operation: HandshakeAllThreads (DeflationHandshakeClosure) done
Event: 180.481 Executing non-safepoint VM operation: RendezvousGCThreads
Event: 180.481 Executing non-safepoint VM operation: RendezvousGCThreads done
Event: 210.192 Executing non-safepoint VM operation: HandshakeAllThreads (G1 Java Thread CT swap)
Event: 210.192 Executing non-safepoint VM operation: HandshakeAllThreads (G1 Java Thread CT swap) done
Event: 210.192 Executing non-safepoint VM operation: G1RendezvousGCThreads
Event: 210.192 Executing non-safepoint VM operation: G1RendezvousGCThreads done
Event: 210.283 Executing safepoint VM operation: G1CollectForAllocation (G1 Evacuation Pause)

Memory protections (0 events):
No events

Nmethod flushes (20 events):
Event: 85.612 Thread 0x0000021cfc0dab80 flushing  nmethod 0x0000021c809ff508
Event: 85.612 Thread 0x0000021cfc0dab80 flushing  nmethod 0x0000021c80a02408
Event: 85.612 Thread 0x0000021cfc0dab80 flushing  nmethod 0x0000021c80ab5808
Event: 85.612 Thread 0x0000021cfc0dab80 flushing  nmethod 0x0000021c80ab6988
Event: 85.612 Thread 0x0000021cfc0dab80 flushing  nmethod 0x0000021c80ab8508
Event: 85.612 Thread 0x0000021cfc0dab80 flushing  nmethod 0x0000021c80aba708
Event: 85.612 Thread 0x0000021cfc0dab80 flushing  nmethod 0x0000021c80abac88
Event: 85.612 Thread 0x0000021cfc0dab80 flushing  nmethod 0x0000021c80b3f208
Event: 85.612 Thread 0x0000021cfc0dab80 flushing  nmethod 0x0000021c80beba08
Event: 85.612 Thread 0x0000021cfc0dab80 flushing osr nmethod 0x0000021c80bebd08
Event: 85.612 Thread 0x0000021cfc0dab80 flushing  nmethod 0x0000021c80ccb208
Event: 85.612 Thread 0x0000021cfc0dab80 flushing  nmethod 0x0000021c80ccf008
Event: 85.612 Thread 0x0000021cfc0dab80 flushing  nmethod 0x0000021c80f20208
Event: 85.612 Thread 0x0000021cfc0dab80 flushing  nmethod 0x0000021c80fd7788
Event: 85.612 Thread 0x0000021cfc0dab80 flushing  nmethod 0x0000021c80fe6b88
Event: 85.612 Thread 0x0000021cfc0dab80 flushing  nmethod 0x0000021c810d7208
Event: 85.612 Thread 0x0000021cfc0dab80 flushing  nmethod 0x0000021c810da688
Event: 85.612 Thread 0x0000021cfc0dab80 flushing  nmethod 0x0000021c812c1d08
Event: 85.612 Thread 0x0000021cfc0dab80 flushing  nmethod 0x0000021c817fde88
Event: 85.612 Thread 0x0000021cfc0dab80 flushing  nmethod 0x0000021c81894888

Events (20 events):
Event: 209.967 Thread 0x0000021cb0c627b0 Thread added: 0x0000021cb0c777a0
Event: 209.967 Thread 0x0000021cb0c627b0 Thread added: 0x0000021cb0c79eb0
Event: 209.967 Thread 0x0000021cb0c627b0 Thread added: 0x0000021ca5b5c780
Event: 209.967 Thread 0x0000021cb0c627b0 Thread added: 0x0000021ca5b590d0
Event: 209.967 Thread 0x0000021cb0c627b0 Thread added: 0x0000021ca5b5b7e0
Event: 209.967 Thread 0x0000021cb0c627b0 Thread added: 0x0000021ca5b5def0
Event: 209.967 Thread 0x0000021cb0c627b0 Thread added: 0x0000021ca5b5b010
Event: 209.988 Thread 0x0000021cb0c627b0 Thread added: 0x0000021ca5b60600
Event: 209.988 Thread 0x0000021cb0c627b0 Thread added: 0x0000021ca5b5e6c0
Event: 209.989 Thread 0x0000021cb0c627b0 Thread added: 0x0000021ca5b60dd0
Event: 209.989 Thread 0x0000021cb0c627b0 Thread added: 0x0000021ca5b62540
Event: 209.989 Thread 0x0000021cb0c627b0 Thread added: 0x0000021ca5b5ee90
Event: 209.989 Thread 0x0000021cb0c627b0 Thread added: 0x0000021ca5b5f660
Event: 209.989 Thread 0x0000021cb0c627b0 Thread added: 0x0000021ca5b663c0
Event: 209.989 Thread 0x0000021cb0c627b0 Thread added: 0x0000021ca5b65bf0
Event: 209.990 Thread 0x0000021cb0c627b0 Thread added: 0x0000021ca5b634e0
Event: 209.990 Thread 0x0000021cb0c627b0 Thread added: 0x0000021ca5b67360
Event: 209.990 Thread 0x0000021cb0c627b0 Thread added: 0x0000021ca5b63cb0
Event: 210.058 Thread 0x0000021cb0c627b0 Thread added: 0x0000021ca5b68ad0
Event: 210.160 Thread 0x0000021ca9839910 Thread exited: 0x0000021ca9839910


Dynamic libraries:
0x00007ff781320000 - 0x00007ff781330000 	C:\Program Files\Java\jdk-26.0.2.1\bin\java.exe
0x00007ffc93a80000 - 0x00007ffc93ce7000 	C:\WINDOWS\SYSTEM32\ntdll.dll
0x00007ffc93280000 - 0x00007ffc9334b000 	C:\WINDOWS\System32\KERNEL32.DLL
0x00007ffc90ec0000 - 0x00007ffc912c1000 	C:\WINDOWS\System32\KERNELBASE.dll
0x00007ffc90c80000 - 0x00007ffc90dcc000 	C:\WINDOWS\System32\ucrtbase.dll
0x00007ffc605f0000 - 0x00007ffc6060e000 	C:\Program Files\Java\jdk-26.0.2.1\bin\VCRUNTIME140.dll
0x00007ffc5cdd0000 - 0x00007ffc5cde7000 	C:\Program Files\Java\jdk-26.0.2.1\bin\jli.dll
0x00007ffc92530000 - 0x00007ffc92707000 	C:\WINDOWS\System32\USER32.dll
0x00007ffc90e90000 - 0x00007ffc90eb7000 	C:\WINDOWS\System32\win32u.dll
0x00007ffc93250000 - 0x00007ffc9327b000 	C:\WINDOWS\System32\GDI32.dll
0x00007ffc91390000 - 0x00007ffc914b8000 	C:\WINDOWS\System32\gdi32full.dll
0x00007ffc90de0000 - 0x00007ffc90e83000 	C:\WINDOWS\System32\msvcp_win.dll
0x00007ffc727f0000 - 0x00007ffc72a80000 	C:\WINDOWS\WinSxS\amd64_microsoft.windows.common-controls_6595b64144ccf1df_6.0.26100.9549_none_3e0a0396e3330090\COMCTL32.dll
0x00007ffc918d0000 - 0x00007ffc91979000 	C:\WINDOWS\System32\msvcrt.dll
0x00007ffc92970000 - 0x00007ffc929a1000 	C:\WINDOWS\System32\IMM32.DLL
0x00007ffc58d60000 - 0x00007ffc58d6c000 	C:\Program Files\Java\jdk-26.0.2.1\bin\vcruntime140_1.dll
0x00007ffc03940000 - 0x00007ffc039cd000 	C:\Program Files\Java\jdk-26.0.2.1\bin\msvcp140.dll
0x00007ffbc9650000 - 0x00007ffbca521000 	C:\Program Files\Java\jdk-26.0.2.1\bin\server\jvm.dll
0x00007ffc92a60000 - 0x00007ffc92b1b000 	C:\WINDOWS\System32\ADVAPI32.dll
0x00007ffc929b0000 - 0x00007ffc92a58000 	C:\WINDOWS\System32\sechost.dll
0x00007ffc917b0000 - 0x00007ffc918c8000 	C:\WINDOWS\System32\RPCRT4.dll
0x00007ffc928e0000 - 0x00007ffc92961000 	C:\WINDOWS\System32\WS2_32.dll
0x00007ffc90ad0000 - 0x00007ffc90b2e000 	C:\WINDOWS\SYSTEM32\POWRPROF.dll
0x00007ffc8dc10000 - 0x00007ffc8dc47000 	C:\WINDOWS\SYSTEM32\WINMM.dll
0x00007ffc7fee0000 - 0x00007ffc7feeb000 	C:\WINDOWS\SYSTEM32\VERSION.dll
0x00007ffc90ab0000 - 0x00007ffc90ac5000 	C:\WINDOWS\SYSTEM32\UMPDC.dll
0x00007ffc8f920000 - 0x00007ffc8f93b000 	C:\WINDOWS\SYSTEM32\kernel.appcore.dll
0x00007ffc58d50000 - 0x00007ffc58d5a000 	C:\Program Files\Java\jdk-26.0.2.1\bin\jimage.dll
0x00007ffc8e3e0000 - 0x00007ffc8e62c000 	C:\WINDOWS\SYSTEM32\DBGHELP.DLL
0x00007ffc92130000 - 0x00007ffc924ba000 	C:\WINDOWS\System32\combase.dll
0x00007ffc92d00000 - 0x00007ffc92dd9000 	C:\WINDOWS\System32\OLEAUT32.dll
0x00007ffc7e7a0000 - 0x00007ffc7e7db000 	C:\WINDOWS\SYSTEM32\dbgcore.DLL
0x00007ffc912d0000 - 0x00007ffc9137c000 	C:\WINDOWS\System32\bcryptPrimitives.dll
0x00007ffc53b20000 - 0x00007ffc53b30000 	C:\Program Files\Java\jdk-26.0.2.1\bin\instrument.dll
0x00007ffc23440000 - 0x00007ffc2345f000 	C:\Program Files\Java\jdk-26.0.2.1\bin\java.dll
0x00007ffc92e60000 - 0x00007ffc92ffa000 	C:\WINDOWS\System32\ole32.dll
0x00007ffc91980000 - 0x00007ffc9211c000 	C:\WINDOWS\System32\SHELL32.dll
0x00007ffc8e6a0000 - 0x00007ffc8ef4d000 	C:\WINDOWS\SYSTEM32\windows.storage.dll
0x00007ffc927a0000 - 0x00007ffc92899000 	C:\WINDOWS\System32\SHCORE.dll
0x00007ffc93350000 - 0x00007ffc933b6000 	C:\WINDOWS\System32\shlwapi.dll
0x00007ffc90b90000 - 0x00007ffc90bb9000 	C:\WINDOWS\SYSTEM32\profapi.dll
0x00007ffc23320000 - 0x00007ffc23336000 	C:\Program Files\Java\jdk-26.0.2.1\bin\zip.dll
0x00007ffc22c20000 - 0x00007ffc22c32000 	C:\Program Files\Java\jdk-26.0.2.1\bin\net.dll
0x00007ffc8fee0000 - 0x00007ffc8ff4c000 	C:\WINDOWS\system32\mswsock.dll
0x00007ffc22c00000 - 0x00007ffc22c16000 	C:\Program Files\Java\jdk-26.0.2.1\bin\nio.dll
0x00007ffc52770000 - 0x00007ffc52780000 	C:\Program Files\Java\jdk-26.0.2.1\bin\verify.dll
0x00007ffc1e170000 - 0x00007ffc1e197000 	C:\Users\amang\.gradle\native\660c5614fbf4a5f2a75b1949f50a0caf5cd603558e7d8a26e50b933a0cfb79d1\windows-amd64\native-platform.dll
0x00007ffc0b130000 - 0x00007ffc0b1a7000 	C:\Users\amang\.gradle\native\0.2.8\x86_64-windows-gnu\gradle-fileevents.dll
0x00007ffc52050000 - 0x00007ffc5205a000 	C:\Program Files\Java\jdk-26.0.2.1\bin\management.dll
0x00007ffc51df0000 - 0x00007ffc51dfc000 	C:\Program Files\Java\jdk-26.0.2.1\bin\management_ext.dll
0x00007ffc928a0000 - 0x00007ffc928a8000 	C:\WINDOWS\System32\PSAPI.DLL
0x00007ffc8f380000 - 0x00007ffc8f3b3000 	C:\WINDOWS\SYSTEM32\IPHLPAPI.DLL
0x00007ffc93a30000 - 0x00007ffc93a3a000 	C:\WINDOWS\System32\NSI.dll
0x00007ffc4d0f0000 - 0x00007ffc4d0f9000 	C:\Program Files\Java\jdk-26.0.2.1\bin\extnet.dll
0x00007ffc901d0000 - 0x00007ffc901eb000 	C:\WINDOWS\SYSTEM32\CRYPTSP.dll
0x00007ffc8f880000 - 0x00007ffc8f8b9000 	C:\WINDOWS\system32\rsaenh.dll
0x00007ffc8ff90000 - 0x00007ffc8ffc4000 	C:\WINDOWS\SYSTEM32\USERENV.dll
0x00007ffc90b60000 - 0x00007ffc90b8a000 	C:\WINDOWS\SYSTEM32\bcrypt.dll
0x00007ffc901f0000 - 0x00007ffc901fc000 	C:\WINDOWS\SYSTEM32\CRYPTBASE.dll
0x00007ffc4bfd0000 - 0x00007ffc4bfde000 	C:\Program Files\Java\jdk-26.0.2.1\bin\sunmscapi.dll
0x00007ffc914c0000 - 0x00007ffc9163f000 	C:\WINDOWS\System32\CRYPT32.dll
0x00007ffc90430000 - 0x00007ffc90460000 	C:\WINDOWS\SYSTEM32\ncrypt.dll
0x00007ffc903e0000 - 0x00007ffc9041f000 	C:\WINDOWS\SYSTEM32\NTASN1.dll
0x00007ffc5b330000 - 0x00007ffc5b338000 	C:\WINDOWS\system32\wshunix.dll
0x00007ffc3ff50000 - 0x00007ffc3ff57000 	C:\Program Files\Java\jdk-26.0.2.1\bin\rmi.dll

JVMTI agents:
C:\Users\amang\.gradle\wrapper\dists\gradle-9.3.1-all\9ot9r568e8zfvvd4mn8rbu1j0\gradle-9.3.1\lib\agents\gradle-instrumentation-agent-9.3.1.jar path:C:\Program Files\Java\jdk-26.0.2.1\bin\instrument.dll, loaded, initialized, instrumentlib options:none

dbghelp: loaded successfully - version: 4.0.5 - missing functions: none
symbol engine: initialized successfully - sym options: 0x614 - pdb path: .;C:\Program Files\Java\jdk-26.0.2.1\bin;C:\WINDOWS\SYSTEM32;C:\WINDOWS\WinSxS\amd64_microsoft.windows.common-controls_6595b64144ccf1df_6.0.26100.9549_none_3e0a0396e3330090;C:\Program Files\Java\jdk-26.0.2.1\bin\server;C:\Users\amang\.gradle\native\660c5614fbf4a5f2a75b1949f50a0caf5cd603558e7d8a26e50b933a0cfb79d1\windows-amd64;C:\Users\amang\.gradle\native\0.2.8\x86_64-windows-gnu

VM Arguments:
jvm_args: --add-opens=java.base/java.lang=ALL-UNNAMED --add-opens=java.base/java.lang.invoke=ALL-UNNAMED --add-opens=java.base/java.util=ALL-UNNAMED --add-opens=java.prefs/java.util.prefs=ALL-UNNAMED --add-exports=jdk.compiler/com.sun.tools.javac.api=ALL-UNNAMED --add-exports=jdk.compiler/com.sun.tools.javac.util=ALL-UNNAMED --add-opens=java.base/java.util=ALL-UNNAMED --add-opens=java.prefs/java.util.prefs=ALL-UNNAMED --add-opens=java.base/java.nio.charset=ALL-UNNAMED --add-opens=java.base/java.net=ALL-UNNAMED --add-opens=java.base/java.util.concurrent=ALL-UNNAMED --add-opens=java.base/java.util.concurrent.atomic=ALL-UNNAMED --add-opens=java.xml/javax.xml.namespace=ALL-UNNAMED --add-opens=java.base/java.time=ALL-UNNAMED --enable-native-access=ALL-UNNAMED -XX:MaxMetaspaceSize=4G -XX:ReservedCodeCacheSize=512m -XX:+HeapDumpOnOutOfMemoryError -Xmx8G -Dfile.encoding=UTF-8 -Duser.country=US -Duser.language=en -Duser.variant -javaagent:C:\Users\amang\.gradle\wrapper\dists\gradle-9.3.1-all\9ot9r568e8zfvvd4mn8rbu1j0\gradle-9.3.1\lib\agents\gradle-instrumentation-agent-9.3.1.jar 
java_command: org.gradle.launcher.daemon.bootstrap.GradleDaemon 9.3.1
java_class_path (initial): C:\Users\amang\.gradle\wrapper\dists\gradle-9.3.1-all\9ot9r568e8zfvvd4mn8rbu1j0\gradle-9.3.1\lib\gradle-daemon-main-9.3.1.jar
Launcher Type: SUN_STANDARD

[Global flags]
     bool AOTAdapterCaching                        = false                                  {diagnostic} {ergonomic}
     bool AOTInvokeDynamicLinking                  = false                                  {diagnostic} {ergonomic}
     bool AOTRecordTraining                        = false                                  {diagnostic} {ergonomic}
     bool AOTReplayTraining                        = false                                  {diagnostic} {ergonomic}
     bool AOTStubCaching                           = false                                  {diagnostic} {ergonomic}
     intx CICompilerCount                          = 4                                         {product} {ergonomic}
     uint ConcGCThreads                            = 3                                         {product} {ergonomic}
     uint G1ConcRefinementThreads                  = 10                                        {product} {ergonomic}
     uint G1EagerReclaimRemSetThreshold            = 32                                   {experimental} {ergonomic}
   size_t G1HeapRegionSize                         = 4194304                                   {product} {ergonomic}
     uint G1RemSetArrayOfCardsEntries              = 32                                   {experimental} {ergonomic}
     uint G1RemSetHowlMaxNumBuckets                = 8                                    {experimental} {ergonomic}
     uint G1RemSetHowlNumBuckets                   = 8                                    {experimental} {ergonomic}
     bool HeapDumpOnOutOfMemoryError               = true                                   {manageable} {command line}
   size_t InitialHeapSize                          = 8388608                                   {product} {ergonomic}
     bool IntelJccErratumMitigation                = false                             {ARCH diagnostic} {ergonomic}
   size_t MarkStackSize                            = 4194304                                   {product} {ergonomic}
   size_t MarkStackSizeMax                         = 536870912                                 {product} {ergonomic}
   size_t MaxHeapSize                              = 8589934592                                {product} {command line}
   size_t MaxMetaspaceSize                         = 4294967296                                {product} {command line}
   size_t MaxNewSize                               = 5150605312                                {product} {ergonomic}
 uint64_t MaxRAM                                   = 16890978304                               {product} {ergonomic}
   size_t MinHeapDeltaBytes                        = 4194304                                   {product} {ergonomic}
   size_t MinHeapSize                              = 8388608                                   {product} {ergonomic}
   size_t NonNMethodCodeHeapSize                   = 5898240                                {pd product} {ergonomic}
   size_t NonProfiledCodeHeapSize                  = 265486336                              {pd product} {ergonomic}
   size_t ProfiledCodeHeapSize                     = 265486336                              {pd product} {ergonomic}
   size_t ReservedCodeCacheSize                    = 536870912                              {pd product} {command line, ergonomic}
     bool SegmentedCodeCache                       = true                                      {product} {ergonomic}
   size_t SoftMaxHeapSize                          = 8589934592                             {manageable} {ergonomic}
     bool UseCompressedOops                        = true                           {product lp64_product} {ergonomic}
     bool UseCondCardMark                          = true                                      {product} {ergonomic}
     bool UseFastUnorderedTimeStamps               = true                                 {experimental} {ergonomic}
     bool UseG1GC                                  = true                                      {product} {ergonomic}
     bool UseLargePagesIndividualAllocation        = false                                  {pd product} {ergonomic}
      int X86ICacheSync                            = 3                                 {ARCH diagnostic} {ergonomic}

Logging:
Log output configuration:
 #0: stdout all=warning uptime,level,tags foldmultilines=false
 #1: stderr all=off uptime,level,tags foldmultilines=false

Release file:
IMPLEMENTOR="Oracle Corporation" 
JAVA_RUNTIME_VERSION="26.0.2.1+1-7" 
JAVA_VERSION="26.0.2.1" 
JAVA_VERSION_DATE="2026-08-18" 
LIBC="default" 
MODULES="java.base java.compiler java.datatransfer java.xml java.prefs java.desktop java.instrument java.logging java.management java.security.sasl java.naming java.rmi java.management.rmi java.net.http java.scripting java.security.jgss java.transaction.xa java.sql java.sql.rowset java.xml.crypto java.se java.smartcardio jdk.accessibility jdk.internal.jvmstat jdk.attach jdk.charsets jdk.internal.opt jdk.zipfs jdk.compiler jdk.crypto.cryptoki jdk.crypto.ec jdk.crypto.mscapi jdk.dynalink jdk.internal.ed jdk.editpad jdk.internal.vm.ci jdk.graal.compiler jdk.graal.compiler.management jdk.hotspot.agent jdk.httpserver jdk.incubator.vector jdk.internal.le jdk.internal.md jdk.jartool jdk.javadoc jdk.jcmd jdk.management jdk.management.agent jdk.jconsole jdk.jdeps jdk.jdwp.agent jdk.jdi jdk.jfr jdk.jlink jdk.jpackage jdk.jshell jdk.jstatd jdk.localedata jdk.management.jfr jdk.naming.dns jdk.naming.rmi jdk.net jdk.nio.mapmode jdk.sctp jdk.security.auth jdk.security.jgss jdk.unsupported jdk.unsupported.desktop jdk.xml.dom" 
OS_ARCH="x86_64" 
OS_NAME="Windows" 
SOURCE=".:git:0d9eee3548f0 open:git:d55edf1cba61" 

Environment Variables:
JAVA_HOME=C:\Program Files\Java\jdk-26.0.2.1\
PATH=C:\Program Files\Common Files\Oracle\Java\javapath;c:\Users\amang\AppData\Local\Programs\cursor\resources\app\bin;C:\Program Files\Google\Chrome\Application;C:\WINDOWS\system32;C:\WINDOWS;C:\WINDOWS\System32\Wbem;C:\WINDOWS\System32\WindowsPowerShell\v1.0\;C:\WINDOWS\System32\OpenSSH\;C:\MinGW\bin;C:\MinGW\msys\1.0;C:\Program Files\dotnet\;C:\Users\amang\AppData\Local\Programs\Python\Python312\Scripts\;C:\Users\amang\AppData\Local\Programs\Python\Python312\;C:\Users\amang\AppData\Local\Microsoft\WindowsApps;C:\MinGW\bin;C:\MinGW\msys\1.0;C:\Users\amang\AppData\Local\GitHubDesktop\bin;c:\Users\amang\AppData\Local\Programs\cursor\resources\app\bin;C:\Program Files\Java\jdk-24\bin;C:\MinGW\bin;C:\Program Files\Java\jdk-26.0.2.1\bin;C:\Program Files\nodejs\;C:\Program Files\Git\cmd;C:\Program Files\Common Files\Oracle\Java\javapath;c:\Users\amang\AppData\Local\Programs\cursor\resources\app\bin;C:\Program Files\Google\Chrome\Application;C:\WINDOWS\system32;C:\WINDOWS;C:\WINDOWS\System32\Wbem;C:\WINDOWS\System32\WindowsPowerShell\v1.0\;C:\WINDOWS\System32\OpenSSH\;C:\MinGW\bin;C:\MinGW\msys\1.0;C:\Program Files\dotnet\;C:\Users\amang\AppData\Local\Programs\Python\Python312\Scripts\;C:\Users\amang\AppData\Local\Programs\Python\Python312\;C:\Users\amang\AppData\Local\Microsoft\WindowsApps;C:\MinGW\bin;C:\MinGW\msys\1.0;C:\Users\amang\AppData\Local\GitHubDesktop\bin;c:\Users\amang\AppData\Local\Programs\cursor\resources\app\bin;C:\Program Files\Java\jdk-24\bin;C:\MinGW\bin;C:\Program Files\Java\jdk-26.0.2.1\bin;C:\Program Files\nodejs\;C:\Program Files\Git\cmd;C:\Users\amang\AppData\Local\Programs\Python\Python313\Scripts\;C:\Users\amang\AppData\Local\Programs\Python\Python313\;C:\Program Files\MySQL\MySQL Shell 8.0\bin\;C:\Users\amang\AppData\Local\Programs\Python\Python314\Scripts\;C:\Users\amang\AppData\Local\Programs\Python\Python314\;C:\Users\amang\AppData\Local\Programs\Python\Python312\Scripts\;C:\Users\amang\AppData\Local\Programs\Python\Python312\;C:\Users\amang\AppData\Local\Microsoft\WindowsApps;C:\MinGW\bin;C:\MinGW\msys\1.0;C:\Users\amang\AppData\Local\Programs\Microsoft VS Code\bin;C:\MinGW\bin;C:\Users\amang\AppData\Local\PowerToys\DSCModules\;C:\Users\amang\AppData\Roaming\npm;C:\Users\amang\.dotnet\tools;C:\Users\amang\OneDrive\Desktop\flutter\bin;C:\Users\amang\AppData\Local\Programs\Python\Python314;C:\Users\amang\AppData\Local\Programs\Python\Python314\Scripts;C:\Users\amang\.local\bin
USERNAME=amang9920
OS=Windows_NT
PROCESSOR_IDENTIFIER=Intel64 Family 6 Model 154 Stepping 3, GenuineIntel
TMP=C:\Users\amang\AppData\Local\Temp
TEMP=C:\Users\amang\AppData\Local\Temp




Compilation memory statistics disabled.

Periodic native trim disabled

---------------  S Y S T E M  ---------------

OS:
 Windows 11 , 64 bit Build 26100 (10.0.26100.9549)
OS uptime: 1 days 2:16 hours
Hyper-V role detected

CPU: total 12 (initial active 12) (hybrid) family 6 model 154 stepping 3 microcode 0x42c, cx8, cmov, fxsr, ht, mmx, 3dnowpref, sse, sse2, sse3, ssse3, sse4.1, sse4.2, popcnt, lzcnt, tsc, tscinvbit, avx, avx2, aes, erms, clmul, bmi1, bmi2, adx, sha, fma, vzeroupper, clflush, clflushopt, clwb, hv, serialize, rdtscp, rdpid, fsrm, gfni, f16c, cet_ibt, cet_ss, hybrid
Processor Information for processor 0
  Max Mhz: 2000, Current Mhz: 2000, Mhz Limit: 2000
Processor Information for processor 1
  Max Mhz: 2000, Current Mhz: 2000, Mhz Limit: 2000
Processor Information for processor 2
  Max Mhz: 2000, Current Mhz: 2000, Mhz Limit: 2000
Processor Information for processor 3
  Max Mhz: 2000, Current Mhz: 2000, Mhz Limit: 2000
Processor Information for processor 4
  Max Mhz: 2000, Current Mhz: 2000, Mhz Limit: 2000
Processor Information for processor 5
  Max Mhz: 2000, Current Mhz: 2000, Mhz Limit: 2000
Processor Information for processor 6
  Max Mhz: 2000, Current Mhz: 2000, Mhz Limit: 2000
Processor Information for processor 7
  Max Mhz: 2000, Current Mhz: 2000, Mhz Limit: 2000
Processor Information for processor 8
  Max Mhz: 2000, Current Mhz: 1500, Mhz Limit: 1500
Processor Information for processor 9
  Max Mhz: 2000, Current Mhz: 1500, Mhz Limit: 1500
Processor Information for processor 10
  Max Mhz: 2000, Current Mhz: 1500, Mhz Limit: 1500
Processor Information for processor 11
  Max Mhz: 2000, Current Mhz: 1500, Mhz Limit: 1500

Memory: 4k page, system-wide physical 16108M (512M free)
TotalPageFile size 38054M (AvailPageFile size 757M)
current process WorkingSet (physical memory assigned to process): 872M, peak: 977M
current process commit charge ("private bytes"): 990M, peak: 2166M

vm_info: Java HotSpot(TM) 64-Bit Server VM (26.0.2.1+1-7) for windows-amd64 JRE (26.0.2.1+1-7), built on 2026-07-24T06:55:58Z with MS VC++ 17.13 (VS2022)

END.
