#
# There is insufficient memory for the Java Runtime Environment to continue.
# Native memory allocation (malloc) failed to allocate 2036016 bytes. Error detail: Chunk::new
# Possible reasons:
#   The system is out of physical RAM or swap space
#   This process is running with CompressedOops enabled, and the Java Heap may be blocking the growth of the native heap
# Possible solutions:
#   Reduce memory load on the system
#   Increase physical memory or swap space
#   Check if swap backing store is full
#   Decrease Java heap size (-Xmx/-Xms)
#   Decrease number of Java threads
#   Decrease Java thread stack sizes (-Xss)
#   Set larger code cache with -XX:ReservedCodeCacheSize=
#   JVM is running with Zero Based Compressed Oops mode in which the Java heap is
#     placed in the first 32GB address space. The Java Heap base address is the
#     maximum limit for the native heap growth. Please use -XX:HeapBaseMinAddress
#     to set the Java Heap base and to place the Java Heap above 32GB virtual address.
# This output file may be truncated or incomplete.
#
#  Out of Memory Error (arena.cpp:168), pid=22708, tid=22892
#
# JRE version: OpenJDK Runtime Environment Temurin-21.0.12.1+1 (21.0.12.1+1) (build 21.0.12.1+1-LTS)
# Java VM: OpenJDK 64-Bit Server VM Temurin-21.0.12.1+1 (21.0.12.1+1-LTS, mixed mode, sharing, tiered, compressed oops, compressed class ptrs, g1 gc, windows-amd64)
# No core dump will be written. Minidumps are not enabled by default on client versions of Windows
#

---------------  S U M M A R Y ------------

Command Line: --add-opens=java.base/java.lang=ALL-UNNAMED --add-opens=java.base/java.lang.invoke=ALL-UNNAMED --add-opens=java.base/java.util=ALL-UNNAMED --add-opens=java.prefs/java.util.prefs=ALL-UNNAMED --add-exports=jdk.compiler/com.sun.tools.javac.api=ALL-UNNAMED --add-exports=jdk.compiler/com.sun.tools.javac.util=ALL-UNNAMED --add-opens=java.base/java.util=ALL-UNNAMED --add-opens=java.prefs/java.util.prefs=ALL-UNNAMED --add-opens=java.base/java.nio.charset=ALL-UNNAMED --add-opens=java.base/java.net=ALL-UNNAMED --add-opens=java.base/java.util.concurrent=ALL-UNNAMED --add-opens=java.base/java.util.concurrent.atomic=ALL-UNNAMED --add-opens=java.xml/javax.xml.namespace=ALL-UNNAMED --add-opens=java.base/java.time=ALL-UNNAMED -XX:MaxMetaspaceSize=4G -XX:ReservedCodeCacheSize=512m -XX:+HeapDumpOnOutOfMemoryError -Xmx8G -Dfile.encoding=UTF-8 -Duser.country=US -Duser.language=en -Duser.variant -javaagent:C:\Users\amang\.gradle\wrapper\dists\gradle-9.3.1-all\9ot9r568e8zfvvd4mn8rbu1j0\gradle-9.3.1\lib\agents\gradle-instrumentation-agent-9.3.1.jar org.gradle.launcher.daemon.bootstrap.GradleDaemon 9.3.1

Host: 12th Gen Intel(R) Core(TM) i5-12450H, 12 cores, 15G,  Windows 11 , 64 bit Build 26100 (10.0.26100.9549)
Time: Fri Sep 25 13:25:40 2026 India Standard Time elapsed time: 33.259122 seconds (0d 0h 0m 33s)

---------------  T H R E A D  ---------------

Current thread (0x000001a57bd72d50):  JavaThread "C2 CompilerThread0" daemon [_thread_in_native, id=22892, stack(0x0000007c91800000,0x0000007c91900000) (1024K)]


Current CompileTask:
C2:33259 8362       4       org.gradle.internal.instantiation.generator.AbstractClassGenerator::inspectType (602 bytes)

Stack: [0x0000007c91800000,0x0000007c91900000]
Native frames: (J=compiled Java code, j=interpreted, Vv=VM code, C=native code)
V  [jvm.dll+0x6d83e9]
V  [jvm.dll+0x8b5736]
V  [jvm.dll+0x8b7cee]
V  [jvm.dll+0x8b83d3]
V  [jvm.dll+0x284596]
V  [jvm.dll+0xc685d]
V  [jvm.dll+0xc6da1]
V  [jvm.dll+0x3bf151]
V  [jvm.dll+0x1e3f42]
V  [jvm.dll+0x24c853]
V  [jvm.dll+0x24bce0]
V  [jvm.dll+0x1cb4ae]
V  [jvm.dll+0x25baad]
V  [jvm.dll+0x25a03a]
V  [jvm.dll+0x3f8aae]
V  [jvm.dll+0x8600cd]
V  [jvm.dll+0x6d6c1d]
C  [ucrtbase.dll+0x2cd30]
C  [KERNEL32.DLL+0x2cdf7]
C  [ntdll.dll+0x7ee4c]


---------------  P R O C E S S  ---------------

Threads class SMR info:
_java_thread_list=0x000001a566c178d0, length=76, elements={
0x000001a56be5b670, 0x000001a57bd5ad80, 0x000001a57bd688b0, 0x000001a57bd6d330,
0x000001a57bd6dd90, 0x000001a57bd70b60, 0x000001a57bd715c0, 0x000001a57bd72d50,
0x000001a57bd79930, 0x000001a57eac8f20, 0x000001a57eafc430, 0x000001a57ebd92f0,
0x000001a56608fbb0, 0x000001a566289f20, 0x000001a566213840, 0x000001a56623c400,
0x000001a56622c680, 0x000001a56626ce50, 0x000001a56626db70, 0x000001a56626d4e0,
0x000001a56626e200, 0x000001a56626e890, 0x000001a56626b410, 0x000001a56626baa0,
0x000001a56626c130, 0x000001a5665c0610, 0x000001a5665c2d70, 0x000001a5665c47b0,
0x000001a5665c4120, 0x000001a5665c1330, 0x000001a5665c4e40, 0x000001a5665c26e0,
0x000001a5665c3400, 0x000001a5665c54d0, 0x000001a5665c3a90, 0x000001a5665c61f0,
0x000001a5665c7c30, 0x000001a5688d4a50, 0x000001a5688d6490, 0x000001a5688d7840,
0x000001a5688d71b0, 0x000001a5688d5e00, 0x000001a5688d6b20, 0x000001a5688d5770,
0x000001a5688d43c0, 0x000001a5688d8560, 0x000001a5688d50e0, 0x000001a5688d9280,
0x000001a5688d9910, 0x000001a5688da630, 0x000001a5688d8bf0, 0x000001a5688d9fa0,
0x000001a5688dacc0, 0x000001a5688db350, 0x000001a5688d7ed0, 0x000001a5688db9e0,
0x000001a567d81ff0, 0x000001a567d84de0, 0x000001a567d85470, 0x000001a567d85b00,
0x000001a567d82680, 0x000001a567d833a0, 0x000001a567d83a30, 0x000001a567d86190,
0x000001a567d82d10, 0x000001a567d840c0, 0x000001a567d86820, 0x000001a567d87540,
0x000001a567d87bd0, 0x000001a567d84750, 0x000001a567d89610, 0x000001a567d88260,
0x000001a567d86eb0, 0x000001a567d888f0, 0x000001a567f9f150, 0x000001a57ecbccc0
}

Java Threads: ( => current thread )
  0x000001a56be5b670 JavaThread "main"                              [_thread_blocked, id=30008, stack(0x0000007c90a00000,0x0000007c90b00000) (1024K)]
  0x000001a57bd5ad80 JavaThread "Reference Handler"          daemon [_thread_blocked, id=8756, stack(0x0000007c91200000,0x0000007c91300000) (1024K)]
  0x000001a57bd688b0 JavaThread "Finalizer"                  daemon [_thread_blocked, id=21988, stack(0x0000007c91300000,0x0000007c91400000) (1024K)]
  0x000001a57bd6d330 JavaThread "Signal Dispatcher"          daemon [_thread_blocked, id=3696, stack(0x0000007c91400000,0x0000007c91500000) (1024K)]
  0x000001a57bd6dd90 JavaThread "Attach Listener"            daemon [_thread_blocked, id=26224, stack(0x0000007c91500000,0x0000007c91600000) (1024K)]
  0x000001a57bd70b60 JavaThread "Service Thread"             daemon [_thread_blocked, id=15616, stack(0x0000007c91600000,0x0000007c91700000) (1024K)]
  0x000001a57bd715c0 JavaThread "Monitor Deflation Thread"   daemon [_thread_blocked, id=13176, stack(0x0000007c91700000,0x0000007c91800000) (1024K)]
=>0x000001a57bd72d50 JavaThread "C2 CompilerThread0"         daemon [_thread_in_native, id=22892, stack(0x0000007c91800000,0x0000007c91900000) (1024K)]
  0x000001a57bd79930 JavaThread "C1 CompilerThread0"         daemon [_thread_blocked, id=24144, stack(0x0000007c91900000,0x0000007c91a00000) (1024K)]
  0x000001a57eac8f20 JavaThread "Common-Cleaner"             daemon [_thread_blocked, id=9600, stack(0x0000007c91a00000,0x0000007c91b00000) (1024K)]
  0x000001a57eafc430 JavaThread "Notification Thread"        daemon [_thread_blocked, id=27164, stack(0x0000007c91c00000,0x0000007c91d00000) (1024K)]
  0x000001a57ebd92f0 JavaThread "Daemon health stats"               [_thread_blocked, id=28800, stack(0x0000007c92300000,0x0000007c92400000) (1024K)]
  0x000001a56608fbb0 JavaThread "Incoming local TCP Connector on port 59856"        [_thread_in_native, id=14520, stack(0x0000007c92400000,0x0000007c92500000) (1024K)]
  0x000001a566289f20 JavaThread "Daemon periodic checks"            [_thread_blocked, id=27968, stack(0x0000007c92500000,0x0000007c92600000) (1024K)]
  0x000001a566213840 JavaThread "Daemon"                            [_thread_blocked, id=11608, stack(0x0000007c92600000,0x0000007c92700000) (1024K)]
  0x000001a56623c400 JavaThread "Handler for socket connection from /127.0.0.1:59856 to /127.0.0.1:59857"        [_thread_in_native, id=4108, stack(0x0000007c92700000,0x0000007c92800000) (1024K)]
  0x000001a56622c680 JavaThread "Cancel handler"                    [_thread_blocked, id=34556, stack(0x0000007c92800000,0x0000007c92900000) (1024K)]
  0x000001a56626ce50 JavaThread "Daemon worker"                     [_thread_blocked, id=22608, stack(0x0000007c92900000,0x0000007c92a00000) (1024K)]
  0x000001a56626db70 JavaThread "Asynchronous log dispatcher for DefaultDaemonConnection: socket connection from /127.0.0.1:59856 to /127.0.0.1:59857"        [_thread_blocked, id=30572, stack(0x0000007c92a00000,0x0000007c92b00000) (1024K)]
  0x000001a56626d4e0 JavaThread "Stdin handler"                     [_thread_blocked, id=14300, stack(0x0000007c92b00000,0x0000007c92c00000) (1024K)]
  0x000001a56626e200 JavaThread "Daemon client event forwarder"        [_thread_blocked, id=34460, stack(0x0000007c92c00000,0x0000007c92d00000) (1024K)]
  0x000001a56626e890 JavaThread "Cache worker for journal cache (C:\Users\amang\.gradle\caches\journal-1)"        [_thread_blocked, id=18400, stack(0x0000007c92d00000,0x0000007c92e00000) (1024K)]
  0x000001a56626b410 JavaThread "File lock request listener"        [_thread_in_native, id=23812, stack(0x0000007c92e00000,0x0000007c92f00000) (1024K)]
  0x000001a56626baa0 JavaThread "Cache worker for file hash cache (C:\Users\amang\.gradle\caches\9.3.1\fileHashes)"        [_thread_blocked, id=35520, stack(0x0000007c92f00000,0x0000007c93000000) (1024K)]
  0x000001a56626c130 JavaThread "File lock release action executor"        [_thread_blocked, id=28276, stack(0x0000007c93000000,0x0000007c93100000) (1024K)]
  0x000001a5665c0610 JavaThread "Cache worker for file hash cache (C:\Users\amang\OneDrive\Desktop\AI-pothole-System\mobile app\android\.gradle\9.3.1\fileHashes)"        [_thread_blocked, id=34828, stack(0x0000007c93700000,0x0000007c93800000) (1024K)]
  0x000001a5665c2d70 JavaThread "Cache worker for Build Output Cleanup Cache (C:\Users\amang\OneDrive\Desktop\AI-pothole-System\mobile app\android\.gradle\buildOutputCleanup)"        [_thread_blocked, id=17636, stack(0x0000007c93800000,0x0000007c93900000) (1024K)]
  0x000001a5665c47b0 JavaThread "File watcher server"        daemon [_thread_in_native, id=4288, stack(0x0000007c93900000,0x0000007c93a00000) (1024K)]
  0x000001a5665c4120 JavaThread "File watcher consumer"      daemon [_thread_blocked, id=30752, stack(0x0000007c93a00000,0x0000007c93b00000) (1024K)]
  0x000001a5665c1330 JavaThread "Cache worker for checksums cache (C:\Users\amang\OneDrive\Desktop\AI-pothole-System\mobile app\android\.gradle\9.3.1\checksums)"        [_thread_blocked, id=35444, stack(0x0000007c91d00000,0x0000007c91e00000) (1024K)]
  0x000001a5665c4e40 JavaThread "Cache worker for file content cache (C:\Users\amang\.gradle\caches\9.3.1\fileContent)"        [_thread_blocked, id=9916, stack(0x0000007c93b00000,0x0000007c93c00000) (1024K)]
  0x000001a5665c26e0 JavaThread "Cache worker for cache directory md-supplier (C:\Users\amang\.gradle\caches\9.3.1\md-supplier)"        [_thread_blocked, id=23280, stack(0x0000007c93c00000,0x0000007c93d00000) (1024K)]
  0x000001a5665c3400 JavaThread "Cache worker for cache directory md-rule (C:\Users\amang\.gradle\caches\9.3.1\md-rule)"        [_thread_blocked, id=18300, stack(0x0000007c93d00000,0x0000007c93e00000) (1024K)]
  0x000001a5665c54d0 JavaThread "jar transforms"                    [_thread_blocked, id=18916, stack(0x0000007c93f00000,0x0000007c94000000) (1024K)]
  0x000001a5665c3a90 JavaThread "jar transforms Thread 2"           [_thread_blocked, id=31936, stack(0x0000007c94000000,0x0000007c94100000) (1024K)]
  0x000001a5665c61f0 JavaThread "Cache worker for Build Output Cleanup Cache (C:\Users\amang\OneDrive\Desktop\flutter\packages\flutter_tools\gradle\.gradle\buildOutputCleanup)"        [_thread_blocked, id=30728, stack(0x0000007c93e00000,0x0000007c93f00000) (1024K)]
  0x000001a5665c7c30 JavaThread "Unconstrained build operations"        [_thread_blocked, id=33192, stack(0x0000007c94100000,0x0000007c94200000) (1024K)]
  0x000001a5688d4a50 JavaThread "Unconstrained build operations Thread 2"        [_thread_blocked, id=1168, stack(0x0000007c94200000,0x0000007c94300000) (1024K)]
  0x000001a5688d6490 JavaThread "Unconstrained build operations Thread 3"        [_thread_blocked, id=31124, stack(0x0000007c94300000,0x0000007c94400000) (1024K)]
  0x000001a5688d7840 JavaThread "Unconstrained build operations Thread 4"        [_thread_blocked, id=24668, stack(0x0000007c94400000,0x0000007c94500000) (1024K)]
  0x000001a5688d71b0 JavaThread "Unconstrained build operations Thread 5"        [_thread_blocked, id=34632, stack(0x0000007c94500000,0x0000007c94600000) (1024K)]
  0x000001a5688d5e00 JavaThread "Unconstrained build operations Thread 6"        [_thread_blocked, id=35732, stack(0x0000007c94600000,0x0000007c94700000) (1024K)]
  0x000001a5688d6b20 JavaThread "Unconstrained build operations Thread 7"        [_thread_blocked, id=35564, stack(0x0000007c94700000,0x0000007c94800000) (1024K)]
  0x000001a5688d5770 JavaThread "Unconstrained build operations Thread 8"        [_thread_blocked, id=25356, stack(0x0000007c94800000,0x0000007c94900000) (1024K)]
  0x000001a5688d43c0 JavaThread "Unconstrained build operations Thread 9"        [_thread_blocked, id=17720, stack(0x0000007c94900000,0x0000007c94a00000) (1024K)]
  0x000001a5688d8560 JavaThread "Unconstrained build operations Thread 10"        [_thread_blocked, id=28096, stack(0x0000007c94a00000,0x0000007c94b00000) (1024K)]
  0x000001a5688d50e0 JavaThread "Unconstrained build operations Thread 11"        [_thread_blocked, id=31856, stack(0x0000007c94b00000,0x0000007c94c00000) (1024K)]
  0x000001a5688d9280 JavaThread "Unconstrained build operations Thread 12"        [_thread_blocked, id=18344, stack(0x0000007c94c00000,0x0000007c94d00000) (1024K)]
  0x000001a5688d9910 JavaThread "Unconstrained build operations Thread 13"        [_thread_blocked, id=18480, stack(0x0000007c94d00000,0x0000007c94e00000) (1024K)]
  0x000001a5688da630 JavaThread "Unconstrained build operations Thread 14"        [_thread_blocked, id=33668, stack(0x0000007c94e00000,0x0000007c94f00000) (1024K)]
  0x000001a5688d8bf0 JavaThread "Unconstrained build operations Thread 15"        [_thread_blocked, id=34284, stack(0x0000007c94f00000,0x0000007c95000000) (1024K)]
  0x000001a5688d9fa0 JavaThread "Unconstrained build operations Thread 16"        [_thread_blocked, id=30488, stack(0x0000007c95000000,0x0000007c95100000) (1024K)]
  0x000001a5688dacc0 JavaThread "Unconstrained build operations Thread 17"        [_thread_blocked, id=26820, stack(0x0000007c95100000,0x0000007c95200000) (1024K)]
  0x000001a5688db350 JavaThread "Unconstrained build operations Thread 18"        [_thread_blocked, id=33432, stack(0x0000007c95200000,0x0000007c95300000) (1024K)]
  0x000001a5688d7ed0 JavaThread "Unconstrained build operations Thread 19"        [_thread_blocked, id=33260, stack(0x0000007c95300000,0x0000007c95400000) (1024K)]
  0x000001a5688db9e0 JavaThread "Unconstrained build operations Thread 20"        [_thread_blocked, id=15656, stack(0x0000007c95400000,0x0000007c95500000) (1024K)]
  0x000001a567d81ff0 JavaThread "Unconstrained build operations Thread 21"        [_thread_blocked, id=31060, stack(0x0000007c95500000,0x0000007c95600000) (1024K)]
  0x000001a567d84de0 JavaThread "Unconstrained build operations Thread 22"        [_thread_blocked, id=24336, stack(0x0000007c95600000,0x0000007c95700000) (1024K)]
  0x000001a567d85470 JavaThread "Unconstrained build operations Thread 23"        [_thread_blocked, id=35792, stack(0x0000007c95700000,0x0000007c95800000) (1024K)]
  0x000001a567d85b00 JavaThread "Unconstrained build operations Thread 24"        [_thread_blocked, id=728, stack(0x0000007c95800000,0x0000007c95900000) (1024K)]
  0x000001a567d82680 JavaThread "Unconstrained build operations Thread 25"        [_thread_blocked, id=34920, stack(0x0000007c95900000,0x0000007c95a00000) (1024K)]
  0x000001a567d833a0 JavaThread "Unconstrained build operations Thread 26"        [_thread_blocked, id=28180, stack(0x0000007c95a00000,0x0000007c95b00000) (1024K)]
  0x000001a567d83a30 JavaThread "Unconstrained build operations Thread 27"        [_thread_blocked, id=22212, stack(0x0000007c95b00000,0x0000007c95c00000) (1024K)]
  0x000001a567d86190 JavaThread "Unconstrained build operations Thread 28"        [_thread_blocked, id=10948, stack(0x0000007c95c00000,0x0000007c95d00000) (1024K)]
  0x000001a567d82d10 JavaThread "Unconstrained build operations Thread 29"        [_thread_blocked, id=34144, stack(0x0000007c95d00000,0x0000007c95e00000) (1024K)]
  0x000001a567d840c0 JavaThread "Unconstrained build operations Thread 30"        [_thread_blocked, id=17672, stack(0x0000007c95e00000,0x0000007c95f00000) (1024K)]
  0x000001a567d86820 JavaThread "Unconstrained build operations Thread 31"        [_thread_blocked, id=2488, stack(0x0000007c95f00000,0x0000007c96000000) (1024K)]
  0x000001a567d87540 JavaThread "Unconstrained build operations Thread 32"        [_thread_blocked, id=11156, stack(0x0000007c96000000,0x0000007c96100000) (1024K)]
  0x000001a567d87bd0 JavaThread "Unconstrained build operations Thread 33"        [_thread_blocked, id=19120, stack(0x0000007c96100000,0x0000007c96200000) (1024K)]
  0x000001a567d84750 JavaThread "File lock release action executor Thread 2"        [_thread_blocked, id=6512, stack(0x0000007c96200000,0x0000007c96300000) (1024K)]
  0x000001a567d89610 JavaThread "File lock release action executor Thread 3"        [_thread_blocked, id=6680, stack(0x0000007c96300000,0x0000007c96400000) (1024K)]
  0x000001a567d88260 JavaThread "File lock release action executor Thread 4"        [_thread_blocked, id=29096, stack(0x0000007c96400000,0x0000007c96500000) (1024K)]
  0x000001a567d86eb0 JavaThread "File lock release action executor Thread 5"        [_thread_blocked, id=1056, stack(0x0000007c96500000,0x0000007c96600000) (1024K)]
  0x000001a567d888f0 JavaThread "Memory manager"                    [_thread_blocked, id=31656, stack(0x0000007c96600000,0x0000007c96700000) (1024K)]
  0x000001a567f9f150 JavaThread "build event listener"              [_thread_blocked, id=22020, stack(0x0000007c96700000,0x0000007c96800000) (1024K)]
  0x000001a57ecbccc0 JavaThread "C2 CompilerThread1"         daemon [_thread_blocked, id=9512, stack(0x0000007c96800000,0x0000007c96900000) (1024K)]
Total: 76

Other Threads:
  0x000001a57bd4e9c0 VMThread "VM Thread"                           [id=14496, stack(0x0000007c91100000,0x0000007c91200000) (1024K)]
  0x000001a57bd3d5d0 WatcherThread "VM Periodic Task Thread"        [id=26312, stack(0x0000007c91000000,0x0000007c91100000) (1024K)]
  0x000001a56e2cdaa0 WorkerThread "GC Thread#0"                     [id=27924, stack(0x0000007c90b00000,0x0000007c90c00000) (1024K)]
  0x000001a57eb71820 WorkerThread "GC Thread#1"                     [id=25416, stack(0x0000007c91e00000,0x0000007c91f00000) (1024K)]
  0x000001a57ed1c860 WorkerThread "GC Thread#2"                     [id=14528, stack(0x0000007c91f00000,0x0000007c92000000) (1024K)]
  0x000001a57ed1cc10 WorkerThread "GC Thread#3"                     [id=34380, stack(0x0000007c92000000,0x0000007c92100000) (1024K)]
  0x000001a57eb3df40 WorkerThread "GC Thread#4"                     [id=33700, stack(0x0000007c92100000,0x0000007c92200000) (1024K)]
  0x000001a57eb3e2f0 WorkerThread "GC Thread#5"                     [id=13192, stack(0x0000007c92200000,0x0000007c92300000) (1024K)]
  0x000001a566399fd0 WorkerThread "GC Thread#6"                     [id=26772, stack(0x0000007c93100000,0x0000007c93200000) (1024K)]
  0x000001a56639aae0 WorkerThread "GC Thread#7"                     [id=30844, stack(0x0000007c93200000,0x0000007c93300000) (1024K)]
  0x000001a56639c860 WorkerThread "GC Thread#8"                     [id=32516, stack(0x0000007c93300000,0x0000007c93400000) (1024K)]
  0x000001a56639a380 WorkerThread "GC Thread#9"                     [id=33912, stack(0x0000007c93400000,0x0000007c93500000) (1024K)]
  0x000001a56e2de9a0 ConcurrentGCThread "G1 Main Marker"            [id=17752, stack(0x0000007c90c00000,0x0000007c90d00000) (1024K)]
  0x000001a57bb90470 WorkerThread "G1 Conc#0"                       [id=35556, stack(0x0000007c90d00000,0x0000007c90e00000) (1024K)]
  0x000001a56639c100 WorkerThread "G1 Conc#1"                       [id=29004, stack(0x0000007c93500000,0x0000007c93600000) (1024K)]
  0x000001a56639cfc0 WorkerThread "G1 Conc#2"                       [id=10084, stack(0x0000007c93600000,0x0000007c93700000) (1024K)]
  0x000001a57bc03250 ConcurrentGCThread "G1 Refine#0"               [id=3792, stack(0x0000007c90e00000,0x0000007c90f00000) (1024K)]
  0x000001a57bc04b90 ConcurrentGCThread "G1 Service"                [id=30748, stack(0x0000007c90f00000,0x0000007c91000000) (1024K)]
Total: 18

Threads with active compile tasks:
C2 CompilerThread0  33295 8362       4       org.gradle.internal.instantiation.generator.AbstractClassGenerator::inspectType (602 bytes)
Total: 1

VM state: not at safepoint (normal execution)

VM Mutex/Monitor currently owned by a thread: None

Heap address: 0x0000000600000000, size: 8192 MB, Compressed Oops mode: Zero based, Oop shift amount: 3

CDS archive(s) mapped at: [0x000001a520000000-0x000001a520ba0000-0x000001a520ba0000), size 12189696, SharedBaseAddress: 0x000001a520000000, ArchiveRelocationMode: 1.
Compressed class space mapped at: 0x000001a521000000-0x000001a561000000, reserved size: 1073741824
Narrow klass base: 0x000001a520000000, Narrow klass shift: 0, Narrow klass range: 0x100000000

GC Precious Log:
 CardTable entry size: 512
 Card Set container configuration: InlinePtr #cards 4 size 8 Array Of Cards #cards 32 size 80 Howl #buckets 8 coarsen threshold 7372 Howl Bitmap #cards 1024 size 144 coarsen threshold 921 Card regions per heap region 1 cards per card region 8192
 CPUs: 12 total, 12 available
 Memory: 16108M
 Large Page Support: Disabled
 NUMA Support: Disabled
 Compressed Oops: Enabled (Zero based)
 Heap Region Size: 4M
 Heap Min Capacity: 8M
 Heap Initial Capacity: 252M
 Heap Max Capacity: 8G
 Pre-touch: Disabled
 Parallel Workers: 10
 Concurrent Workers: 3
 Concurrent Refinement Workers: 10
 Periodic GC: Disabled

Heap:
 garbage-first heap   total 102400K, used 77292K [0x0000000600000000, 0x0000000800000000)
  region size 4096K, 8 young (32768K), 2 survivors (8192K)
 Metaspace       used 68898K, committed 71104K, reserved 1114112K
  class space    used 10191K, committed 11264K, reserved 1048576K

Heap Regions: E=young(eden), S=young(survivor), O=old, HS=humongous(starts), HC=humongous(continues), CS=collection set, F=free, TAMS=top-at-mark-start, PB=parsable bottom
|   0|0x0000000600000000, 0x0000000600400000, 0x0000000600400000|100%|HS|  |TAMS 0x0000000600000000| PB 0x0000000600000000| Complete 
|   1|0x0000000600400000, 0x0000000600800000, 0x0000000600800000|100%| O|  |TAMS 0x0000000600400000| PB 0x0000000600400000| Untracked 
|   2|0x0000000600800000, 0x0000000600c00000, 0x0000000600c00000|100%| O|  |TAMS 0x0000000600800000| PB 0x0000000600800000| Untracked 
|   3|0x0000000600c00000, 0x0000000601000000, 0x0000000601000000|100%| O|  |TAMS 0x0000000600c00000| PB 0x0000000600c00000| Untracked 
|   4|0x0000000601000000, 0x0000000601400000, 0x0000000601400000|100%| O|  |TAMS 0x0000000601000000| PB 0x0000000601000000| Untracked 
|   5|0x0000000601400000, 0x0000000601800000, 0x0000000601800000|100%| O|  |TAMS 0x0000000601400000| PB 0x0000000601400000| Untracked 
|   6|0x0000000601800000, 0x0000000601c00000, 0x0000000601c00000|100%| O|  |TAMS 0x0000000601800000| PB 0x0000000601800000| Untracked 
|   7|0x0000000601c00000, 0x0000000602000000, 0x0000000602000000|100%| O|  |TAMS 0x0000000601c00000| PB 0x0000000601c00000| Untracked 
|   8|0x0000000602000000, 0x00000006021e1220, 0x0000000602400000| 46%| O|  |TAMS 0x0000000602000000| PB 0x0000000602000000| Untracked 
|   9|0x0000000602400000, 0x0000000602800000, 0x0000000602800000|100%| O|  |TAMS 0x0000000602400000| PB 0x0000000602400000| Untracked 
|  10|0x0000000602800000, 0x0000000602c00000, 0x0000000602c00000|100%| O|Cm|TAMS 0x0000000602800000| PB 0x0000000602800000| Complete 
|  11|0x0000000602c00000, 0x0000000603000000, 0x0000000603000000|100%| O|  |TAMS 0x0000000602c00000| PB 0x0000000602c00000| Untracked 
|  12|0x0000000603000000, 0x0000000603000000, 0x0000000603400000|  0%| F|  |TAMS 0x0000000603000000| PB 0x0000000603000000| Untracked 
|  13|0x0000000603400000, 0x0000000603400000, 0x0000000603800000|  0%| F|  |TAMS 0x0000000603400000| PB 0x0000000603400000| Untracked 
|  14|0x0000000603800000, 0x0000000603c00000, 0x0000000603c00000|100%| O|  |TAMS 0x0000000603800000| PB 0x0000000603800000| Untracked 
|  15|0x0000000603c00000, 0x0000000603d99e48, 0x0000000604000000| 40%| S|CS|TAMS 0x0000000603c00000| PB 0x0000000603c00000| Complete 
|  16|0x0000000604000000, 0x0000000604400000, 0x0000000604400000|100%| S|CS|TAMS 0x0000000604000000| PB 0x0000000604000000| Complete 
|  17|0x0000000604400000, 0x0000000604400000, 0x0000000604800000|  0%| F|  |TAMS 0x0000000604400000| PB 0x0000000604400000| Untracked 
|  18|0x0000000604800000, 0x0000000604800000, 0x0000000604c00000|  0%| F|  |TAMS 0x0000000604800000| PB 0x0000000604800000| Untracked 
|  19|0x0000000604c00000, 0x0000000604c93300, 0x0000000605000000| 14%| E|  |TAMS 0x0000000604c00000| PB 0x0000000604c00000| Complete 
|  20|0x0000000605000000, 0x0000000605400000, 0x0000000605400000|100%| E|CS|TAMS 0x0000000605000000| PB 0x0000000605000000| Complete 
|  21|0x0000000605400000, 0x0000000605800000, 0x0000000605800000|100%| E|CS|TAMS 0x0000000605400000| PB 0x0000000605400000| Complete 
|  22|0x0000000605800000, 0x0000000605c00000, 0x0000000605c00000|100%| E|CS|TAMS 0x0000000605800000| PB 0x0000000605800000| Complete 
|  61|0x000000060f400000, 0x000000060f800000, 0x000000060f800000|100%| E|CS|TAMS 0x000000060f400000| PB 0x000000060f400000| Complete 
|  62|0x000000060f800000, 0x000000060fc00000, 0x000000060fc00000|100%| E|CS|TAMS 0x000000060f800000| PB 0x000000060f800000| Complete 

Card table byte_map: [0x000001a572b90000,0x000001a573b90000] _byte_map_base: 0x000001a56fb90000

Marking Bits: (CMBitMap*) 0x000001a56e2ce0c0
 Bits: [0x000001a573b90000, 0x000001a57bb90000)

Polling page: 0x000001a56c270000

Metaspace:

Usage:
  Non-class:     57.33 MB used.
      Class:      9.95 MB used.
       Both:     67.28 MB used.

Virtual space:
  Non-class space:       64.00 MB reserved,      58.44 MB ( 91%) committed,  1 nodes.
      Class space:        1.00 GB reserved,      11.00 MB (  1%) committed,  1 nodes.
             Both:        1.06 GB reserved,      69.44 MB (  6%) committed. 

Chunk freelists:
   Non-Class:  4.89 MB
       Class:  4.98 MB
        Both:  9.88 MB

MaxMetaspaceSize: 4.00 GB
CompressedClassSpaceSize: 1.00 GB
Initial GC threshold: 21.00 MB
Current GC threshold: 110.31 MB
CDS: on
 - commit_granule_bytes: 65536.
 - commit_granule_words: 8192.
 - virtual_space_node_default_size: 8388608.
 - enlarge_chunks_in_place: 1.
 - use_allocation_guard: 0.


Internal statistics:

num_allocs_failed_limit: 12.
num_arena_births: 3936.
num_arena_deaths: 0.
num_vsnodes_births: 2.
num_vsnodes_deaths: 0.
num_space_committed: 1111.
num_space_uncommitted: 0.
num_chunks_returned_to_freelist: 12.
num_chunks_taken_from_freelist: 7352.
num_chunk_merges: 6.
num_chunk_splits: 4746.
num_chunks_enlarged: 2858.
num_inconsistent_stats: 0.

CodeHeap 'non-profiled nmethods': size=259264Kb used=4046Kb max_used=4046Kb free=255217Kb
 bounds [0x000001a5102d0000, 0x000001a5106d0000, 0x000001a520000000]
CodeHeap 'profiled nmethods': size=259264Kb used=13761Kb max_used=13761Kb free=245502Kb
 bounds [0x000001a500000000, 0x000001a500d80000, 0x000001a50fd30000]
CodeHeap 'non-nmethods': size=5760Kb used=1950Kb max_used=2015Kb free=3809Kb
 bounds [0x000001a50fd30000, 0x000001a50ffa0000, 0x000001a5102d0000]
CodeCache: size=524288Kb, used=19757Kb, max_used=19822Kb, free=504528Kb
 total_blobs=8064, nmethods=7251, adapters=716, full_count=0
Compilation: enabled, stopped_count=0, restarted_count=0

Compilation events (20 events):
Event: 33.062 Thread 0x000001a57bd79930 nmethod 8408 0x000001a500302510 code [0x000001a5003026c0, 0x000001a5003027f8]
Event: 33.066 Thread 0x000001a57bd79930 8411       3       java.util.TimSort::gallopLeft (335 bytes)
Event: 33.067 Thread 0x000001a57bd79930 nmethod 8411 0x000001a500d74790 code [0x000001a500d749c0, 0x000001a500d75458]
Event: 33.067 Thread 0x000001a57bd79930 8413       3       org.gradle.internal.properties.annotations.PropertyAnnotationHandler::validatePropertyMetadata (1 bytes)
Event: 33.067 Thread 0x000001a57bd79930 nmethod 8413 0x000001a5007ec590 code [0x000001a5007ec720, 0x000001a5007ec828]
Event: 33.071 Thread 0x000001a57bd79930 8414       1       org.gradle.api.internal.AbstractTask::getState (5 bytes)
Event: 33.071 Thread 0x000001a57bd79930 nmethod 8414 0x000001a5106bba90 code [0x000001a5106bbc20, 0x000001a5106bbcf0]
Event: 33.076 Thread 0x000001a57bd79930 8415       3       org.gradle.api.internal.attributes.matching.CachingAttributeSelectionSchema$MatchValueKey::computeHashCode (36 bytes)
Event: 33.077 Thread 0x000001a57bd79930 nmethod 8415 0x000001a500d75810 code [0x000001a500d759e0, 0x000001a500d75ce0]
Event: 33.083 Thread 0x000001a57bd79930 8416   !   3       org.gradle.internal.resources.DefaultResourceLockCoordinationService::getCurrent (33 bytes)
Event: 33.084 Thread 0x000001a57bd79930 nmethod 8416 0x000001a500d75e10 code [0x000001a500d75fc0, 0x000001a500d76288]
Event: 33.113 Thread 0x000001a57ecbccc0 nmethod 8388 0x000001a5106bbd90 code [0x000001a5106bc0a0, 0x000001a5106bd7f0]
Event: 33.113 Thread 0x000001a57ecbccc0 8410       4       java.util.HashMap::computeIfAbsent (330 bytes)
Event: 33.158 Thread 0x000001a57ecbccc0 nmethod 8410 0x000001a5106be510 code [0x000001a5106be780, 0x000001a5106bfd68]
Event: 33.158 Thread 0x000001a57ecbccc0 8412       4       com.google.common.collect.ComparatorOrdering::compare (12 bytes)
Event: 33.162 Thread 0x000001a57ecbccc0 nmethod 8412 0x000001a5106c0590 code [0x000001a5106c0780, 0x000001a5106c0c60]
Event: 33.162 Thread 0x000001a57ecbccc0 8406       4       org.objectweb.asm.Type::getType (122 bytes)
Event: 33.189 Thread 0x000001a57ecbccc0 nmethod 8406 0x000001a5106c0f90 code [0x000001a5106c11e0, 0x000001a5106c1de8]
Event: 33.189 Thread 0x000001a57ecbccc0 8364       4       org.objectweb.asm.SymbolTable::addTypeInternal (85 bytes)
Event: 33.231 Thread 0x000001a57ecbccc0 nmethod 8364 0x000001a5106c2390 code [0x000001a5106c25a0, 0x000001a5106c3620]

GC Heap History (20 events):
Event: 14.532 GC heap before
{Heap before GC invocations=10 (full 0):
 garbage-first heap   total 102400K, used 82593K [0x0000000600000000, 0x0000000800000000)
  region size 4096K, 14 young (57344K), 2 survivors (8192K)
 Metaspace       used 41598K, committed 43264K, reserved 1114112K
  class space    used 6129K, committed 6912K, reserved 1048576K
}
Event: 14.539 GC heap after
{Heap after GC invocations=11 (full 0):
 garbage-first heap   total 102400K, used 34956K [0x0000000600000000, 0x0000000800000000)
  region size 4096K, 2 young (8192K), 2 survivors (8192K)
 Metaspace       used 41598K, committed 43264K, reserved 1114112K
  class space    used 6129K, committed 6912K, reserved 1048576K
}
Event: 16.758 GC heap before
{Heap before GC invocations=11 (full 0):
 garbage-first heap   total 102400K, used 84108K [0x0000000600000000, 0x0000000800000000)
  region size 4096K, 14 young (57344K), 2 survivors (8192K)
 Metaspace       used 45721K, committed 47552K, reserved 1114112K
  class space    used 6814K, committed 7680K, reserved 1048576K
}
Event: 16.765 GC heap after
{Heap after GC invocations=12 (full 0):
 garbage-first heap   total 102400K, used 37847K [0x0000000600000000, 0x0000000800000000)
  region size 4096K, 2 young (8192K), 2 survivors (8192K)
 Metaspace       used 45721K, committed 47552K, reserved 1114112K
  class space    used 6814K, committed 7680K, reserved 1048576K
}
Event: 19.881 GC heap before
{Heap before GC invocations=12 (full 0):
 garbage-first heap   total 102400K, used 82903K [0x0000000600000000, 0x0000000800000000)
  region size 4096K, 13 young (53248K), 2 survivors (8192K)
 Metaspace       used 49215K, committed 51072K, reserved 1114112K
  class space    used 7328K, committed 8192K, reserved 1048576K
}
Event: 19.890 GC heap after
{Heap after GC invocations=13 (full 0):
 garbage-first heap   total 102400K, used 42331K [0x0000000600000000, 0x0000000800000000)
  region size 4096K, 2 young (8192K), 2 survivors (8192K)
 Metaspace       used 49215K, committed 51072K, reserved 1114112K
  class space    used 7328K, committed 8192K, reserved 1048576K
}
Event: 23.426 GC heap before
{Heap before GC invocations=13 (full 0):
 garbage-first heap   total 102400K, used 83291K [0x0000000600000000, 0x0000000800000000)
  region size 4096K, 13 young (53248K), 2 survivors (8192K)
 Metaspace       used 52070K, committed 54080K, reserved 1114112K
  class space    used 7782K, committed 8768K, reserved 1048576K
}
Event: 23.434 GC heap after
{Heap after GC invocations=14 (full 0):
 garbage-first heap   total 102400K, used 43287K [0x0000000600000000, 0x0000000800000000)
  region size 4096K, 1 young (4096K), 1 survivors (4096K)
 Metaspace       used 52070K, committed 54080K, reserved 1114112K
  class space    used 7782K, committed 8768K, reserved 1048576K
}
Event: 25.367 GC heap before
{Heap before GC invocations=14 (full 0):
 garbage-first heap   total 102400K, used 84247K [0x0000000600000000, 0x0000000800000000)
  region size 4096K, 12 young (49152K), 1 survivors (4096K)
 Metaspace       used 56296K, committed 58240K, reserved 1114112K
  class space    used 8365K, committed 9344K, reserved 1048576K
}
Event: 25.371 GC heap after
{Heap after GC invocations=15 (full 0):
 garbage-first heap   total 102400K, used 48118K [0x0000000600000000, 0x0000000800000000)
  region size 4096K, 2 young (8192K), 2 survivors (8192K)
 Metaspace       used 56296K, committed 58240K, reserved 1114112K
  class space    used 8365K, committed 9344K, reserved 1048576K
}
Event: 26.079 GC heap before
{Heap before GC invocations=15 (full 0):
 garbage-first heap   total 102400K, used 64502K [0x0000000600000000, 0x0000000800000000)
  region size 4096K, 7 young (28672K), 2 survivors (8192K)
 Metaspace       used 58774K, committed 60800K, reserved 1114112K
  class space    used 8666K, committed 9664K, reserved 1048576K
}
Event: 26.086 GC heap after
{Heap after GC invocations=16 (full 0):
 garbage-first heap   total 102400K, used 51431K [0x0000000600000000, 0x0000000800000000)
  region size 4096K, 1 young (4096K), 1 survivors (4096K)
 Metaspace       used 58774K, committed 60800K, reserved 1114112K
  class space    used 8666K, committed 9664K, reserved 1048576K
}
Event: 27.070 GC heap before
{Heap before GC invocations=17 (full 0):
 garbage-first heap   total 102400K, used 84199K [0x0000000600000000, 0x0000000800000000)
  region size 4096K, 9 young (36864K), 1 survivors (4096K)
 Metaspace       used 61067K, committed 63168K, reserved 1114112K
  class space    used 9034K, committed 10048K, reserved 1048576K
}
Event: 27.074 GC heap after
{Heap after GC invocations=18 (full 0):
 garbage-first heap   total 102400K, used 52011K [0x0000000600000000, 0x0000000800000000)
  region size 4096K, 1 young (4096K), 1 survivors (4096K)
 Metaspace       used 61067K, committed 63168K, reserved 1114112K
  class space    used 9034K, committed 10048K, reserved 1048576K
}
Event: 27.978 GC heap before
{Heap before GC invocations=18 (full 0):
 garbage-first heap   total 102400K, used 84779K [0x0000000600000000, 0x0000000800000000)
  region size 4096K, 9 young (36864K), 1 survivors (4096K)
 Metaspace       used 63189K, committed 65280K, reserved 1114112K
  class space    used 9329K, committed 10368K, reserved 1048576K
}
Event: 27.984 GC heap after
{Heap after GC invocations=19 (full 0):
 garbage-first heap   total 102400K, used 52057K [0x0000000600000000, 0x0000000800000000)
  region size 4096K, 1 young (4096K), 1 survivors (4096K)
 Metaspace       used 63189K, committed 65280K, reserved 1114112K
  class space    used 9329K, committed 10368K, reserved 1048576K
}
Event: 30.297 GC heap before
{Heap before GC invocations=19 (full 0):
 garbage-first heap   total 102400K, used 88921K [0x0000000600000000, 0x0000000800000000)
  region size 4096K, 10 young (40960K), 1 survivors (4096K)
 Metaspace       used 65692K, committed 67776K, reserved 1114112K
  class space    used 9692K, committed 10688K, reserved 1048576K
}
Event: 30.305 GC heap after
{Heap after GC invocations=20 (full 0):
 garbage-first heap   total 102400K, used 55197K [0x0000000600000000, 0x0000000800000000)
  region size 4096K, 2 young (8192K), 2 survivors (8192K)
 Metaspace       used 65692K, committed 67776K, reserved 1114112K
  class space    used 9692K, committed 10688K, reserved 1048576K
}
Event: 31.746 GC heap before
{Heap before GC invocations=21 (full 0):
 garbage-first heap   total 102400K, used 87965K [0x0000000600000000, 0x0000000800000000)
  region size 4096K, 10 young (40960K), 2 survivors (8192K)
 Metaspace       used 67235K, committed 69376K, reserved 1114112K
  class space    used 9927K, committed 10944K, reserved 1048576K
}
Event: 31.755 GC heap after
{Heap after GC invocations=22 (full 0):
 garbage-first heap   total 102400K, used 56812K [0x0000000600000000, 0x0000000800000000)
  region size 4096K, 2 young (8192K), 2 survivors (8192K)
 Metaspace       used 67235K, committed 69376K, reserved 1114112K
  class space    used 9927K, committed 10944K, reserved 1048576K
}

Dll operation events (20 events):
Event: 0.137 Attempting to load shared library C:\Users\amang\.vscode\extensions\redhat.java-1.56.0-win32-x64\jre\21.0.12.1-win32-x86_64\bin\nio.dll
Event: 0.138 Loaded shared library C:\Users\amang\.vscode\extensions\redhat.java-1.56.0-win32-x64\jre\21.0.12.1-win32-x86_64\bin\nio.dll
Event: 0.153 Attempting to load shared library C:\Users\amang\.vscode\extensions\redhat.java-1.56.0-win32-x64\jre\21.0.12.1-win32-x86_64\bin\zip.dll
Event: 0.153 Loaded shared library C:\Users\amang\.vscode\extensions\redhat.java-1.56.0-win32-x64\jre\21.0.12.1-win32-x86_64\bin\zip.dll
Event: 0.564 Attempting to load shared library C:\Users\amang\.vscode\extensions\redhat.java-1.56.0-win32-x64\jre\21.0.12.1-win32-x86_64\bin\jimage.dll
Event: 0.564 Loaded shared library C:\Users\amang\.vscode\extensions\redhat.java-1.56.0-win32-x64\jre\21.0.12.1-win32-x86_64\bin\jimage.dll
Event: 0.850 Attempting to load shared library C:\Users\amang\.vscode\extensions\redhat.java-1.56.0-win32-x64\jre\21.0.12.1-win32-x86_64\bin\verify.dll
Event: 0.851 Loaded shared library C:\Users\amang\.vscode\extensions\redhat.java-1.56.0-win32-x64\jre\21.0.12.1-win32-x86_64\bin\verify.dll
Event: 0.901 Attempting to load shared library C:\Users\amang\.gradle\native\660c5614fbf4a5f2a75b1949f50a0caf5cd603558e7d8a26e50b933a0cfb79d1\windows-amd64\native-platform.dll
Event: 0.902 Loaded shared library C:\Users\amang\.gradle\native\660c5614fbf4a5f2a75b1949f50a0caf5cd603558e7d8a26e50b933a0cfb79d1\windows-amd64\native-platform.dll
Event: 0.916 Attempting to load shared library C:\Users\amang\.gradle\native\0.2.8\x86_64-windows-gnu\gradle-fileevents.dll
Event: 0.917 Loaded shared library C:\Users\amang\.gradle\native\0.2.8\x86_64-windows-gnu\gradle-fileevents.dll
Event: 2.288 Attempting to load shared library C:\Users\amang\.vscode\extensions\redhat.java-1.56.0-win32-x64\jre\21.0.12.1-win32-x86_64\bin\management.dll
Event: 2.288 Loaded shared library C:\Users\amang\.vscode\extensions\redhat.java-1.56.0-win32-x64\jre\21.0.12.1-win32-x86_64\bin\management.dll
Event: 2.291 Attempting to load shared library C:\Users\amang\.vscode\extensions\redhat.java-1.56.0-win32-x64\jre\21.0.12.1-win32-x86_64\bin\management_ext.dll
Event: 2.291 Loaded shared library C:\Users\amang\.vscode\extensions\redhat.java-1.56.0-win32-x64\jre\21.0.12.1-win32-x86_64\bin\management_ext.dll
Event: 2.478 Attempting to load shared library C:\Users\amang\.vscode\extensions\redhat.java-1.56.0-win32-x64\jre\21.0.12.1-win32-x86_64\bin\extnet.dll
Event: 2.478 Loaded shared library C:\Users\amang\.vscode\extensions\redhat.java-1.56.0-win32-x64\jre\21.0.12.1-win32-x86_64\bin\extnet.dll
Event: 2.829 Attempting to load shared library C:\Users\amang\.vscode\extensions\redhat.java-1.56.0-win32-x64\jre\21.0.12.1-win32-x86_64\bin\sunmscapi.dll
Event: 2.831 Loaded shared library C:\Users\amang\.vscode\extensions\redhat.java-1.56.0-win32-x64\jre\21.0.12.1-win32-x86_64\bin\sunmscapi.dll

Deoptimization events (20 events):
Event: 31.953 Thread 0x000001a56626ce50 Uncommon trap: trap_request=0xfffffff4 fr.pc=0x000001a510648414 relative=0x0000000000000074
Event: 31.953 Thread 0x000001a56626ce50 Uncommon trap: reason=null_check action=make_not_entrant pc=0x000001a510648414 method=java.lang.Class.isAnnotation()Z @ 1 c2
Event: 31.953 Thread 0x000001a56626ce50 DEOPT PACKING pc=0x000001a510648414 sp=0x0000007c929f52f0
Event: 31.953 Thread 0x000001a56626ce50 DEOPT UNPACKING pc=0x000001a50fd84422 sp=0x0000007c929f5280 mode 2
Event: 32.760 Thread 0x000001a56626ce50 Uncommon trap: trap_request=0xffffff45 fr.pc=0x000001a510520c7c relative=0x000000000000021c
Event: 32.760 Thread 0x000001a56626ce50 Uncommon trap: reason=unstable_if action=reinterpret pc=0x000001a510520c7c method=java.util.regex.Pattern$BmpCharProperty.match(Ljava/util/regex/Matcher;ILjava/lang/CharSequence;)Z @ 39 c2
Event: 32.760 Thread 0x000001a56626ce50 DEOPT PACKING pc=0x000001a510520c7c sp=0x0000007c929f7000
Event: 32.760 Thread 0x000001a56626ce50 DEOPT UNPACKING pc=0x000001a50fd84422 sp=0x0000007c929f6fa0 mode 2
Event: 32.767 Thread 0x000001a56626ce50 Uncommon trap: trap_request=0xffffff6e fr.pc=0x000001a5102f3b1c relative=0x000000000000017c
Event: 32.767 Thread 0x000001a56626ce50 Uncommon trap: reason=loop_limit_check action=maybe_recompile pc=0x000001a5102f3b1c method=java.lang.StringLatin1.lastIndexOf([BII)I @ 19 c2
Event: 32.767 Thread 0x000001a56626ce50 DEOPT PACKING pc=0x000001a5102f3b1c sp=0x0000007c929f6f50
Event: 32.767 Thread 0x000001a56626ce50 DEOPT UNPACKING pc=0x000001a50fd84422 sp=0x0000007c929f6ed0 mode 2
Event: 32.819 Thread 0x000001a56626ce50 Uncommon trap: trap_request=0xfffffff4 fr.pc=0x000001a5106a55e4 relative=0x0000000000008d84
Event: 32.819 Thread 0x000001a56626ce50 Uncommon trap: reason=null_check action=make_not_entrant pc=0x000001a5106a55e4 method=org.gradle.internal.instantiation.generator.AbstractClassGenerator$PropertyMetadata.addGetter(Lorg/gradle/internal/instantiation/generator/AbstractClassGenerator$MethodM
Event: 32.819 Thread 0x000001a56626ce50 DEOPT PACKING pc=0x000001a5106a55e4 sp=0x0000007c929f6cf0
Event: 32.819 Thread 0x000001a56626ce50 DEOPT UNPACKING pc=0x000001a50fd84422 sp=0x0000007c929f6c00 mode 2
Event: 32.942 Thread 0x000001a56626ce50 Uncommon trap: trap_request=0xffffff45 fr.pc=0x000001a510637a1c relative=0x000000000000375c
Event: 32.942 Thread 0x000001a56626ce50 Uncommon trap: reason=unstable_if action=reinterpret pc=0x000001a510637a1c method=org.objectweb.asm.Type.getTypeInternal(Ljava/lang/String;II)Lorg/objectweb/asm/Type; @ 5 c2
Event: 32.942 Thread 0x000001a56626ce50 DEOPT PACKING pc=0x000001a510637a1c sp=0x0000007c929f6a20
Event: 32.942 Thread 0x000001a56626ce50 DEOPT UNPACKING pc=0x000001a50fd84422 sp=0x0000007c929f6850 mode 2

Classes loaded (20 events):
Event: 31.467 Loading class java/util/AbstractList$RandomAccessSubList
Event: 31.467 Loading class java/util/AbstractList$SubList
Event: 31.468 Loading class java/util/AbstractList$SubList done
Event: 31.468 Loading class java/util/AbstractList$RandomAccessSubList done
Event: 31.468 Loading class java/util/AbstractList$SubList$1
Event: 31.468 Loading class java/util/AbstractList$SubList$1 done
Event: 31.468 Loading class java/util/AbstractList$ListItr
Event: 31.468 Loading class java/util/AbstractList$ListItr done
Event: 31.579 Loading class java/util/AbstractCollectionBeanInfo
Event: 31.579 Loading class java/util/AbstractCollectionBeanInfo done
Event: 31.579 Loading class java/util/AbstractCollectionBeanInfo
Event: 31.579 Loading class java/util/AbstractCollectionBeanInfo done
Event: 31.581 Loading class java/util/AbstractCollectionCustomizer
Event: 31.581 Loading class java/util/AbstractCollectionCustomizer done
Event: 31.586 Loading class java/util/AbstractCollectionCustomizer
Event: 31.586 Loading class java/util/AbstractCollectionCustomizer done
Event: 31.798 Loading class java/lang/invoke/BoundMethodHandle$Species_LLLLILLLLLL
Event: 31.798 Loading class java/lang/invoke/BoundMethodHandle$Species_LLLLILLLLLL done
Event: 32.437 Loading class java/lang/AbstractMethodError
Event: 32.437 Loading class java/lang/AbstractMethodError done

Classes unloaded (0 events):
No events

Classes redefined (0 events):
No events

Internal exceptions (20 events):
Event: 31.539 Thread 0x000001a56626ce50 Exception <a 'java/lang/ClassNotFoundException'{0x0000000604bbf568}: org/gradle/api/internal/tasks/DefaultTaskContainer_DecoratedBeanInfo> (0x0000000604bbf568) 
thrown [s\src\hotspot\share\classfile\systemDictionary.cpp, line 313]
Event: 31.546 Thread 0x000001a56626ce50 Exception <a 'java/lang/ClassNotFoundException'{0x0000000604bd8940}: org/gradle/api/internal/tasks/DefaultTaskContainerBeanInfo> (0x0000000604bd8940) 
thrown [s\src\hotspot\share\classfile\systemDictionary.cpp, line 313]
Event: 31.555 Thread 0x000001a56626ce50 Exception <a 'java/lang/ClassNotFoundException'{0x0000000604bf2008}: org/gradle/api/internal/tasks/DefaultTaskCollectionBeanInfo> (0x0000000604bf2008) 
thrown [s\src\hotspot\share\classfile\systemDictionary.cpp, line 313]
Event: 31.565 Thread 0x000001a56626ce50 Exception <a 'java/lang/ClassNotFoundException'{0x000000060440bc08}: org/gradle/api/internal/DefaultNamedDomainObjectSetBeanInfo> (0x000000060440bc08) 
thrown [s\src\hotspot\share\classfile\systemDictionary.cpp, line 313]
Event: 31.572 Thread 0x000001a56626ce50 Exception <a 'java/lang/ClassNotFoundException'{0x0000000604425838}: org/gradle/api/internal/DefaultNamedDomainObjectCollectionBeanInfo> (0x0000000604425838) 
thrown [s\src\hotspot\share\classfile\systemDictionary.cpp, line 313]
Event: 31.579 Thread 0x000001a56626ce50 Exception <a 'java/lang/ClassNotFoundException'{0x000000060443f1b0}: org/gradle/api/internal/DefaultDomainObjectCollectionBeanInfo> (0x000000060443f1b0) 
thrown [s\src\hotspot\share\classfile\systemDictionary.cpp, line 313]
Event: 31.581 Thread 0x000001a56626ce50 Exception <a 'java/lang/ClassNotFoundException'{0x0000000604448e98}: java/util/AbstractCollectionBeanInfo> (0x0000000604448e98) 
thrown [s\src\hotspot\share\classfile\systemDictionary.cpp, line 313]
Event: 31.586 Thread 0x000001a56626ce50 Exception <a 'java/lang/ClassNotFoundException'{0x0000000604452e98}: java/util/AbstractCollectionCustomizer> (0x0000000604452e98) 
thrown [s\src\hotspot\share\classfile\systemDictionary.cpp, line 313]
Event: 31.594 Thread 0x000001a56626ce50 Exception <a 'java/lang/ClassNotFoundException'{0x000000060447e3b8}: org/gradle/api/internal/DefaultDomainObjectCollectionCustomizer> (0x000000060447e3b8) 
thrown [s\src\hotspot\share\classfile\systemDictionary.cpp, line 313]
Event: 31.611 Thread 0x000001a56626ce50 Exception <a 'java/lang/ClassNotFoundException'{0x00000006044d2518}: org/gradle/api/internal/DefaultNamedDomainObjectCollectionCustomizer> (0x00000006044d2518) 
thrown [s\src\hotspot\share\classfile\systemDictionary.cpp, line 313]
Event: 31.619 Thread 0x000001a56626ce50 Exception <a 'java/lang/ClassNotFoundException'{0x0000000604530930}: org/gradle/api/internal/DefaultNamedDomainObjectSetCustomizer> (0x0000000604530930) 
thrown [s\src\hotspot\share\classfile\systemDictionary.cpp, line 313]
Event: 31.655 Thread 0x000001a56626ce50 Exception <a 'java/lang/ClassNotFoundException'{0x00000006045c3e50}: org/gradle/api/internal/tasks/DefaultTaskCollectionCustomizer> (0x00000006045c3e50) 
thrown [s\src\hotspot\share\classfile\systemDictionary.cpp, line 313]
Event: 31.684 Thread 0x000001a56626ce50 Exception <a 'java/lang/ClassNotFoundException'{0x000000060467e2f8}: org/gradle/api/internal/tasks/DefaultTaskContainerCustomizer> (0x000000060467e2f8) 
thrown [s\src\hotspot\share\classfile\systemDictionary.cpp, line 313]
Event: 31.784 Thread 0x000001a56626ce50 Exception <a 'java/lang/ClassNotFoundException'{0x000000060f85e6b0}: org/gradle/api/internal/tasks/DefaultTaskContainer_DecoratedCustomizer> (0x000000060f85e6b0) 
thrown [s\src\hotspot\share\classfile\systemDictionary.cpp, line 313]
Event: 31.805 Thread 0x000001a56626ce50 Exception <a 'java/lang/NoSuchMethodError'{0x000000060f8e9388}: 'int java.lang.invoke.Invokers$Holder.linkToCallSite(java.lang.Object, java.lang.Object)'> (0x000000060f8e9388) 
thrown [s\src\hotspot\share\interpreter\linkResolver.cpp, line 773]
Event: 31.813 Thread 0x000001a56626ce50 Exception <a 'java/lang/ClassNotFoundException'{0x000000060f910878}: org/codehaus/groovy/runtime/NullObjectBeanInfo> (0x000000060f910878) 
thrown [s\src\hotspot\share\classfile\systemDictionary.cpp, line 313]
Event: 31.814 Thread 0x000001a56626ce50 Exception <a 'java/lang/ClassNotFoundException'{0x000000060f928118}: org/codehaus/groovy/runtime/NullObjectCustomizer> (0x000000060f928118) 
thrown [s\src\hotspot\share\classfile\systemDictionary.cpp, line 313]
Event: 31.842 Thread 0x000001a56626ce50 Exception <a 'java/lang/NoSuchMethodError'{0x000000060f978168}: 'int java.lang.invoke.DirectMethodHandle$Holder.invokeSpecial(java.lang.Object, java.lang.Object, java.lang.Object, java.lang.Object, java.lang.Object)'> (0x000000060f978168) 
thrown [s\src\hotspot\share\interpreter\linkResolver.cpp, line 773]
Event: 32.819 Thread 0x000001a56626ce50 Implicit null exception at 0x000001a51069f698 to 0x000001a5106a55b8
Event: 32.930 Thread 0x000001a56626ce50 Exception <a 'java/lang/NoSuchMethodError'{0x00000006057aff08}: 'void java.lang.invoke.DirectMethodHandle$Holder.invokeStatic(java.lang.Object, int, java.lang.Object)'> (0x00000006057aff08) 
thrown [s\src\hotspot\share\interpreter\linkResolver.cpp, line 773]

ZGC Phase Switch (0 events):
No events

VM Operations (20 events):
Event: 27.978 Executing safepoint VM operation: G1CollectForAllocation (G1 Evacuation Pause)
Event: 27.984 Executing safepoint VM operation: G1CollectForAllocation (G1 Evacuation Pause) done
Event: 28.989 Executing safepoint VM operation: Cleanup
Event: 28.990 Executing safepoint VM operation: Cleanup done
Event: 29.993 Executing safepoint VM operation: Cleanup
Event: 29.993 Executing safepoint VM operation: Cleanup done
Event: 30.297 Executing safepoint VM operation: G1CollectForAllocation (G1 Evacuation Pause)
Event: 30.305 Executing safepoint VM operation: G1CollectForAllocation (G1 Evacuation Pause) done
Event: 30.354 Executing safepoint VM operation: G1PauseRemark
Event: 30.358 Executing safepoint VM operation: G1PauseRemark done
Event: 30.375 Executing safepoint VM operation: G1PauseCleanup
Event: 30.375 Executing safepoint VM operation: G1PauseCleanup done
Event: 31.342 Executing safepoint VM operation: ICBufferFull
Event: 31.342 Executing safepoint VM operation: ICBufferFull done
Event: 31.471 Executing non-safepoint VM operation: HandshakeAllThreads (Deoptimize)
Event: 31.471 Executing non-safepoint VM operation: HandshakeAllThreads (Deoptimize) done
Event: 31.746 Executing safepoint VM operation: G1CollectForAllocation (G1 Evacuation Pause)
Event: 31.756 Executing safepoint VM operation: G1CollectForAllocation (G1 Evacuation Pause) done
Event: 32.770 Executing safepoint VM operation: Cleanup
Event: 32.785 Executing safepoint VM operation: Cleanup done

Memory protections (0 events):
No events

Nmethod flushes (20 events):
Event: 30.357 Thread 0x000001a57bd4e9c0 flushing  nmethod 0x000001a50030df90
Event: 30.357 Thread 0x000001a57bd4e9c0 flushing  nmethod 0x000001a5003b6b10
Event: 30.357 Thread 0x000001a57bd4e9c0 flushing  nmethod 0x000001a50043bd90
Event: 30.357 Thread 0x000001a57bd4e9c0 flushing  nmethod 0x000001a500441d10
Event: 30.357 Thread 0x000001a57bd4e9c0 flushing  nmethod 0x000001a5005c1810
Event: 30.357 Thread 0x000001a57bd4e9c0 flushing  nmethod 0x000001a5005c1c90
Event: 30.357 Thread 0x000001a57bd4e9c0 flushing  nmethod 0x000001a5005c2e10
Event: 30.357 Thread 0x000001a57bd4e9c0 flushing  nmethod 0x000001a5005c3710
Event: 30.357 Thread 0x000001a57bd4e9c0 flushing  nmethod 0x000001a5005c6090
Event: 30.357 Thread 0x000001a57bd4e9c0 flushing  nmethod 0x000001a5005ca690
Event: 30.357 Thread 0x000001a57bd4e9c0 flushing  nmethod 0x000001a5005cab10
Event: 30.357 Thread 0x000001a57bd4e9c0 flushing  nmethod 0x000001a5005cb890
Event: 30.357 Thread 0x000001a57bd4e9c0 flushing  nmethod 0x000001a5005cc310
Event: 30.357 Thread 0x000001a57bd4e9c0 flushing  nmethod 0x000001a50067b210
Event: 30.357 Thread 0x000001a57bd4e9c0 flushing  nmethod 0x000001a500688210
Event: 30.357 Thread 0x000001a57bd4e9c0 flushing  nmethod 0x000001a50076c390
Event: 30.357 Thread 0x000001a57bd4e9c0 flushing  nmethod 0x000001a50076d690
Event: 30.357 Thread 0x000001a57bd4e9c0 flushing  nmethod 0x000001a5008c6810
Event: 30.357 Thread 0x000001a57bd4e9c0 flushing  nmethod 0x000001a5008c6b90
Event: 30.357 Thread 0x000001a57bd4e9c0 flushing  nmethod 0x000001a500ca6310

Events (20 events):
Event: 19.747 Thread 0x000001a56626ce50 Thread added: 0x000001a567d82680
Event: 19.750 Thread 0x000001a56626ce50 Thread added: 0x000001a567d833a0
Event: 19.752 Thread 0x000001a56626ce50 Thread added: 0x000001a567d83a30
Event: 19.753 Thread 0x000001a56626ce50 Thread added: 0x000001a567d86190
Event: 19.758 Thread 0x000001a56626ce50 Thread added: 0x000001a567d82d10
Event: 19.761 Thread 0x000001a56626ce50 Thread added: 0x000001a567d840c0
Event: 19.764 Thread 0x000001a56626ce50 Thread added: 0x000001a567d86820
Event: 19.765 Thread 0x000001a56626ce50 Thread added: 0x000001a567d87540
Event: 19.766 Thread 0x000001a56626ce50 Thread added: 0x000001a567d87bd0
Event: 21.318 Thread 0x000001a56626b410 Thread added: 0x000001a567d84750
Event: 21.319 Thread 0x000001a56626b410 Thread added: 0x000001a567d89610
Event: 21.319 Thread 0x000001a56626b410 Thread added: 0x000001a567d88260
Event: 21.885 Thread 0x000001a56626b410 Thread added: 0x000001a567d86eb0
Event: 22.929 Thread 0x000001a56626ce50 Thread added: 0x000001a567d888f0
Event: 26.453 Thread 0x000001a56626ce50 Thread added: 0x000001a567f9f150
Event: 31.145 Thread 0x000001a57bd79930 Thread added: 0x000001a57ecbb850
Event: 31.275 Thread 0x000001a57bd79930 Thread added: 0x000001a57ecbccc0
Event: 32.070 Thread 0x000001a57ecbccc0 Thread exited: 0x000001a57ecbccc0
Event: 32.070 Thread 0x000001a57ecbb850 Thread exited: 0x000001a57ecbb850
Event: 32.995 Thread 0x000001a57bd79930 Thread added: 0x000001a57ecbccc0


Dynamic libraries:
0x00007ff779890000 - 0x00007ff77989e000 	C:\Users\amang\.vscode\extensions\redhat.java-1.56.0-win32-x64\jre\21.0.12.1-win32-x86_64\bin\java.exe
0x00007ffc93a80000 - 0x00007ffc93ce7000 	C:\WINDOWS\SYSTEM32\ntdll.dll
0x00007ffc93280000 - 0x00007ffc9334b000 	C:\WINDOWS\System32\KERNEL32.DLL
0x00007ffc90ec0000 - 0x00007ffc912c1000 	C:\WINDOWS\System32\KERNELBASE.dll
0x00007ffc90c80000 - 0x00007ffc90dcc000 	C:\WINDOWS\System32\ucrtbase.dll
0x00007ffc40fe0000 - 0x00007ffc40ff8000 	C:\Users\amang\.vscode\extensions\redhat.java-1.56.0-win32-x64\jre\21.0.12.1-win32-x86_64\bin\jli.dll
0x00007ffc92530000 - 0x00007ffc92707000 	C:\WINDOWS\System32\USER32.dll
0x00007ffc90e90000 - 0x00007ffc90eb7000 	C:\WINDOWS\System32\win32u.dll
0x00007ffc93250000 - 0x00007ffc9327b000 	C:\WINDOWS\System32\GDI32.dll
0x00007ffc91390000 - 0x00007ffc914b8000 	C:\WINDOWS\System32\gdi32full.dll
0x00007ffc90de0000 - 0x00007ffc90e83000 	C:\WINDOWS\System32\msvcp_win.dll
0x00007ffc52150000 - 0x00007ffc5216e000 	C:\Users\amang\.vscode\extensions\redhat.java-1.56.0-win32-x64\jre\21.0.12.1-win32-x86_64\bin\VCRUNTIME140.dll
0x00007ffc727f0000 - 0x00007ffc72a80000 	C:\WINDOWS\WinSxS\amd64_microsoft.windows.common-controls_6595b64144ccf1df_6.0.26100.9549_none_3e0a0396e3330090\COMCTL32.dll
0x00007ffc918d0000 - 0x00007ffc91979000 	C:\WINDOWS\System32\msvcrt.dll
0x00007ffc92970000 - 0x00007ffc929a1000 	C:\WINDOWS\System32\IMM32.DLL
0x00007ffc65300000 - 0x00007ffc6530c000 	C:\Users\amang\.vscode\extensions\redhat.java-1.56.0-win32-x64\jre\21.0.12.1-win32-x86_64\bin\vcruntime140_1.dll
0x00007ffc13160000 - 0x00007ffc131ed000 	C:\Users\amang\.vscode\extensions\redhat.java-1.56.0-win32-x64\jre\21.0.12.1-win32-x86_64\bin\msvcp140.dll
0x00007ffbe1f70000 - 0x00007ffbe2d12000 	C:\Users\amang\.vscode\extensions\redhat.java-1.56.0-win32-x64\jre\21.0.12.1-win32-x86_64\bin\server\jvm.dll
0x00007ffc92a60000 - 0x00007ffc92b1b000 	C:\WINDOWS\System32\ADVAPI32.dll
0x00007ffc929b0000 - 0x00007ffc92a58000 	C:\WINDOWS\System32\sechost.dll
0x00007ffc917b0000 - 0x00007ffc918c8000 	C:\WINDOWS\System32\RPCRT4.dll
0x00007ffc928e0000 - 0x00007ffc92961000 	C:\WINDOWS\System32\WS2_32.dll
0x00007ffc90ad0000 - 0x00007ffc90b2e000 	C:\WINDOWS\SYSTEM32\POWRPROF.dll
0x00007ffc8dc10000 - 0x00007ffc8dc47000 	C:\WINDOWS\SYSTEM32\WINMM.dll
0x00007ffc7fee0000 - 0x00007ffc7feeb000 	C:\WINDOWS\SYSTEM32\VERSION.dll
0x00007ffc90ab0000 - 0x00007ffc90ac5000 	C:\WINDOWS\SYSTEM32\UMPDC.dll
0x00007ffc8f920000 - 0x00007ffc8f93b000 	C:\WINDOWS\SYSTEM32\kernel.appcore.dll
0x00007ffc61ba0000 - 0x00007ffc61baa000 	C:\Users\amang\.vscode\extensions\redhat.java-1.56.0-win32-x64\jre\21.0.12.1-win32-x86_64\bin\jimage.dll
0x00007ffc8e3e0000 - 0x00007ffc8e62c000 	C:\WINDOWS\SYSTEM32\DBGHELP.DLL
0x00007ffc92130000 - 0x00007ffc924ba000 	C:\WINDOWS\System32\combase.dll
0x00007ffc92d00000 - 0x00007ffc92dd9000 	C:\WINDOWS\System32\OLEAUT32.dll
0x00007ffc7e7a0000 - 0x00007ffc7e7db000 	C:\WINDOWS\SYSTEM32\dbgcore.DLL
0x00007ffc912d0000 - 0x00007ffc9137c000 	C:\WINDOWS\System32\bcryptPrimitives.dll
0x00007ffc608c0000 - 0x00007ffc608cf000 	C:\Users\amang\.vscode\extensions\redhat.java-1.56.0-win32-x64\jre\21.0.12.1-win32-x86_64\bin\instrument.dll
0x00007ffc3ff60000 - 0x00007ffc3ff80000 	C:\Users\amang\.vscode\extensions\redhat.java-1.56.0-win32-x64\jre\21.0.12.1-win32-x86_64\bin\java.dll
0x00007ffc91980000 - 0x00007ffc9211c000 	C:\WINDOWS\System32\SHELL32.dll
0x00007ffc8e6a0000 - 0x00007ffc8ef4d000 	C:\WINDOWS\SYSTEM32\windows.storage.dll
0x00007ffc927a0000 - 0x00007ffc92899000 	C:\WINDOWS\System32\SHCORE.dll
0x00007ffc93350000 - 0x00007ffc933b6000 	C:\WINDOWS\System32\shlwapi.dll
0x00007ffc90b90000 - 0x00007ffc90bb9000 	C:\WINDOWS\SYSTEM32\profapi.dll
0x00007ffc254f0000 - 0x00007ffc25508000 	C:\Users\amang\.vscode\extensions\redhat.java-1.56.0-win32-x64\jre\21.0.12.1-win32-x86_64\bin\zip.dll
0x00007ffc60990000 - 0x00007ffc609a0000 	C:\Users\amang\.vscode\extensions\redhat.java-1.56.0-win32-x64\jre\21.0.12.1-win32-x86_64\bin\net.dll
0x00007ffc7f570000 - 0x00007ffc7f69a000 	C:\WINDOWS\SYSTEM32\WINHTTP.dll
0x00007ffc8fee0000 - 0x00007ffc8ff4c000 	C:\WINDOWS\system32\mswsock.dll
0x00007ffc25520000 - 0x00007ffc25536000 	C:\Users\amang\.vscode\extensions\redhat.java-1.56.0-win32-x64\jre\21.0.12.1-win32-x86_64\bin\nio.dll
0x00007ffc605c0000 - 0x00007ffc605d0000 	C:\Users\amang\.vscode\extensions\redhat.java-1.56.0-win32-x64\jre\21.0.12.1-win32-x86_64\bin\verify.dll
0x00007ffc1e170000 - 0x00007ffc1e197000 	C:\Users\amang\.gradle\native\660c5614fbf4a5f2a75b1949f50a0caf5cd603558e7d8a26e50b933a0cfb79d1\windows-amd64\native-platform.dll
0x00007ffc0b130000 - 0x00007ffc0b1a7000 	C:\Users\amang\.gradle\native\0.2.8\x86_64-windows-gnu\gradle-fileevents.dll
0x00007ffc59fb0000 - 0x00007ffc59fba000 	C:\Users\amang\.vscode\extensions\redhat.java-1.56.0-win32-x64\jre\21.0.12.1-win32-x86_64\bin\management.dll
0x00007ffc55f40000 - 0x00007ffc55f4c000 	C:\Users\amang\.vscode\extensions\redhat.java-1.56.0-win32-x64\jre\21.0.12.1-win32-x86_64\bin\management_ext.dll
0x00007ffc928a0000 - 0x00007ffc928a8000 	C:\WINDOWS\System32\PSAPI.DLL
0x00007ffc8f380000 - 0x00007ffc8f3b3000 	C:\WINDOWS\SYSTEM32\IPHLPAPI.DLL
0x00007ffc93a30000 - 0x00007ffc93a3a000 	C:\WINDOWS\System32\NSI.dll
0x00007ffc53c60000 - 0x00007ffc53c69000 	C:\Users\amang\.vscode\extensions\redhat.java-1.56.0-win32-x64\jre\21.0.12.1-win32-x86_64\bin\extnet.dll
0x00007ffc901d0000 - 0x00007ffc901eb000 	C:\WINDOWS\SYSTEM32\CRYPTSP.dll
0x00007ffc8f880000 - 0x00007ffc8f8b9000 	C:\WINDOWS\system32\rsaenh.dll
0x00007ffc8ff90000 - 0x00007ffc8ffc4000 	C:\WINDOWS\SYSTEM32\USERENV.dll
0x00007ffc90b60000 - 0x00007ffc90b8a000 	C:\WINDOWS\SYSTEM32\bcrypt.dll
0x00007ffc901f0000 - 0x00007ffc901fc000 	C:\WINDOWS\SYSTEM32\CRYPTBASE.dll
0x00007ffc53a90000 - 0x00007ffc53a9e000 	C:\Users\amang\.vscode\extensions\redhat.java-1.56.0-win32-x64\jre\21.0.12.1-win32-x86_64\bin\sunmscapi.dll
0x00007ffc914c0000 - 0x00007ffc9163f000 	C:\WINDOWS\System32\CRYPT32.dll
0x00007ffc90430000 - 0x00007ffc90460000 	C:\WINDOWS\SYSTEM32\ncrypt.dll
0x00007ffc903e0000 - 0x00007ffc9041f000 	C:\WINDOWS\SYSTEM32\NTASN1.dll
0x00007ffc5b330000 - 0x00007ffc5b338000 	C:\WINDOWS\system32\wshunix.dll

JVMTI agents:
C:\Users\amang\.gradle\wrapper\dists\gradle-9.3.1-all\9ot9r568e8zfvvd4mn8rbu1j0\gradle-9.3.1\lib\agents\gradle-instrumentation-agent-9.3.1.jar path:C:\Users\amang\.vscode\extensions\redhat.java-1.56.0-win32-x64\jre\21.0.12.1-win32-x86_64\bin\instrument.dll, loaded, initialized, instrumentlib options:none

dbghelp: loaded successfully - version: 4.0.5 - missing functions: none
symbol engine: initialized successfully - sym options: 0x614 - pdb path: .;C:\Users\amang\.vscode\extensions\redhat.java-1.56.0-win32-x64\jre\21.0.12.1-win32-x86_64\bin;C:\WINDOWS\SYSTEM32;C:\WINDOWS\WinSxS\amd64_microsoft.windows.common-controls_6595b64144ccf1df_6.0.26100.9549_none_3e0a0396e3330090;C:\Users\amang\.vscode\extensions\redhat.java-1.56.0-win32-x64\jre\21.0.12.1-win32-x86_64\bin\server;C:\Users\amang\.gradle\native\660c5614fbf4a5f2a75b1949f50a0caf5cd603558e7d8a26e50b933a0cfb79d1\windows-amd64;C:\Users\amang\.gradle\native\0.2.8\x86_64-windows-gnu

VM Arguments:
jvm_args: --add-opens=java.base/java.lang=ALL-UNNAMED --add-opens=java.base/java.lang.invoke=ALL-UNNAMED --add-opens=java.base/java.util=ALL-UNNAMED --add-opens=java.prefs/java.util.prefs=ALL-UNNAMED --add-exports=jdk.compiler/com.sun.tools.javac.api=ALL-UNNAMED --add-exports=jdk.compiler/com.sun.tools.javac.util=ALL-UNNAMED --add-opens=java.base/java.util=ALL-UNNAMED --add-opens=java.prefs/java.util.prefs=ALL-UNNAMED --add-opens=java.base/java.nio.charset=ALL-UNNAMED --add-opens=java.base/java.net=ALL-UNNAMED --add-opens=java.base/java.util.concurrent=ALL-UNNAMED --add-opens=java.base/java.util.concurrent.atomic=ALL-UNNAMED --add-opens=java.xml/javax.xml.namespace=ALL-UNNAMED --add-opens=java.base/java.time=ALL-UNNAMED -XX:MaxMetaspaceSize=4G -XX:ReservedCodeCacheSize=512m -XX:+HeapDumpOnOutOfMemoryError -Xmx8G -Dfile.encoding=UTF-8 -Duser.country=US -Duser.language=en -Duser.variant -javaagent:C:\Users\amang\.gradle\wrapper\dists\gradle-9.3.1-all\9ot9r568e8zfvvd4mn8rbu1j0\gradle-9.3.1\lib\agents\gradle-instrumentation-agent-9.3.1.jar 
java_command: org.gradle.launcher.daemon.bootstrap.GradleDaemon 9.3.1
java_class_path (initial): C:\Users\amang\.gradle\wrapper\dists\gradle-9.3.1-all\9ot9r568e8zfvvd4mn8rbu1j0\gradle-9.3.1\lib\gradle-daemon-main-9.3.1.jar
Launcher Type: SUN_STANDARD

[Global flags]
     intx CICompilerCount                          = 4                                         {product} {ergonomic}
     uint ConcGCThreads                            = 3                                         {product} {ergonomic}
     uint G1ConcRefinementThreads                  = 10                                        {product} {ergonomic}
   size_t G1HeapRegionSize                         = 4194304                                   {product} {ergonomic}
    uintx GCDrainStackTargetSize                   = 64                                        {product} {ergonomic}
     bool HeapDumpOnOutOfMemoryError               = true                                   {manageable} {command line}
   size_t InitialHeapSize                          = 264241152                                 {product} {ergonomic}
   size_t MarkStackSize                            = 4194304                                   {product} {ergonomic}
   size_t MaxHeapSize                              = 8589934592                                {product} {command line}
   size_t MaxMetaspaceSize                         = 4294967296                                {product} {command line}
   size_t MaxNewSize                               = 5150605312                                {product} {ergonomic}
   size_t MinHeapDeltaBytes                        = 4194304                                   {product} {ergonomic}
   size_t MinHeapSize                              = 8388608                                   {product} {ergonomic}
    uintx NonNMethodCodeHeapSize                   = 5839372                                {pd product} {ergonomic}
    uintx NonProfiledCodeHeapSize                  = 265515770                              {pd product} {ergonomic}
    uintx ProfiledCodeHeapSize                     = 265515770                              {pd product} {ergonomic}
    uintx ReservedCodeCacheSize                    = 536870912                              {pd product} {command line}
     bool SegmentedCodeCache                       = true                                      {product} {ergonomic}
   size_t SoftMaxHeapSize                          = 8589934592                             {manageable} {ergonomic}
     bool UseCompressedOops                        = true                           {product lp64_product} {ergonomic}
     bool UseG1GC                                  = true                                      {product} {ergonomic}
     bool UseLargePagesIndividualAllocation        = false                                  {pd product} {ergonomic}

Logging:
Log output configuration:
 #0: stdout all=warning uptime,level,tags foldmultilines=false
 #1: stderr all=off uptime,level,tags foldmultilines=false

Release file:
JAVA_VERSION="21.0.12.1" 
MODULES="java.base java.compiler java.datatransfer java.xml java.prefs java.desktop java.instrument java.logging java.management java.security.sasl java.naming java.rmi java.management.rmi java.net.http java.scripting java.security.jgss java.transaction.xa java.sql java.sql.rowset java.xml.crypto java.se java.smartcardio jdk.accessibility jdk.internal.jvmstat jdk.attach jdk.charsets jdk.internal.opt jdk.zipfs jdk.compiler jdk.crypto.ec jdk.crypto.cryptoki jdk.crypto.mscapi jdk.dynalink jdk.internal.ed jdk.editpad jdk.hotspot.agent jdk.httpserver jdk.internal.le jdk.internal.vm.ci jdk.internal.vm.compiler jdk.internal.vm.compiler.management jdk.jartool jdk.javadoc jdk.jcmd jdk.management jdk.management.agent jdk.jconsole jdk.jdeps jdk.jdwp.agent jdk.jdi jdk.jfr jdk.jshell jdk.jsobject jdk.jstatd jdk.localedata jdk.management.jfr jdk.naming.dns jdk.naming.rmi jdk.net jdk.nio.mapmode jdk.random jdk.sctp jdk.security.auth jdk.security.jgss jdk.unsupported jdk.unsupported.desktop jdk.xml.dom" 

Environment Variables:
JAVA_HOME=C:\Program Files\Java\jdk-26.0.2.1\
PATH=C:\Program Files\Common Files\Oracle\Java\javapath;c:\Users\amang\AppData\Local\Programs\cursor\resources\app\bin;C:\Program Files\Google\Chrome\Application;C:\WINDOWS\system32;C:\WINDOWS;C:\WINDOWS\System32\Wbem;C:\WINDOWS\System32\WindowsPowerShell\v1.0\;C:\WINDOWS\System32\OpenSSH\;C:\MinGW\bin;C:\MinGW\msys\1.0;C:\Program Files\dotnet\;C:\Users\amang\AppData\Local\Programs\Python\Python312\Scripts\;C:\Users\amang\AppData\Local\Programs\Python\Python312\;C:\Users\amang\AppData\Local\Microsoft\WindowsApps;C:\MinGW\bin;C:\MinGW\msys\1.0;C:\Users\amang\AppData\Local\GitHubDesktop\bin;c:\Users\amang\AppData\Local\Programs\cursor\resources\app\bin;C:\Program Files\Java\jdk-24\bin;C:\MinGW\bin;C:\Program Files\Java\jdk-26.0.2.1\bin;C:\Program Files\nodejs\;C:\Program Files\Git\cmd;C:\Program Files\Common Files\Oracle\Java\javapath;c:\Users\amang\AppData\Local\Programs\cursor\resources\app\bin;C:\Program Files\Google\Chrome\Application;C:\WINDOWS\system32;C:\WINDOWS;C:\WINDOWS\System32\Wbem;C:\WINDOWS\System32\WindowsPowerShell\v1.0\;C:\WINDOWS\System32\OpenSSH\;C:\MinGW\bin;C:\MinGW\msys\1.0;C:\Program Files\dotnet\;C:\Users\amang\AppData\Local\Programs\Python\Python312\Scripts\;C:\Users\amang\AppData\Local\Programs\Python\Python312\;C:\Users\amang\AppData\Local\Microsoft\WindowsApps;C:\MinGW\bin;C:\MinGW\msys\1.0;C:\Users\amang\AppData\Local\GitHubDesktop\bin;c:\Users\amang\AppData\Local\Programs\cursor\resources\app\bin;C:\Program Files\Java\jdk-24\bin;C:\MinGW\bin;C:\Program Files\Java\jdk-26.0.2.1\bin;C:\Program Files\nodejs\;C:\Program Files\Git\cmd;C:\Users\amang\AppData\Local\Programs\Python\Python313\Scripts\;C:\Users\amang\AppData\Local\Programs\Python\Python313\;C:\Program Files\MySQL\MySQL Shell 8.0\bin\;C:\Users\amang\AppData\Local\Programs\Python\Python314\Scripts\;C:\Users\amang\AppData\Local\Programs\Python\Python314\;C:\Users\amang\AppData\Local\Programs\Python\Python312\Scripts\;C:\Users\amang\AppData\Local\Programs\Python\Python312\;C:\Users\amang\AppData\Local\Microsoft\WindowsApps;C:\MinGW\bin;C:\MinGW\msys\1.0;C:\Users\amang\AppData\Local\Programs\Microsoft VS Code\bin;C:\MinGW\bin;C:\Users\amang\AppData\Local\PowerToys\DSCModules\;C:\Users\amang\AppData\Roaming\npm;C:\Users\amang\.dotnet\tools;C:\Users\amang\OneDrive\Desktop\flutter\bin;C:\Users\amang\AppData\Local\Programs\Python\Python314;C:\Users\amang\AppData\Local\Programs\Python\Python314\Scripts;C:\Users\amang\.local\bin
USERNAME=amang9920
OS=Windows_NT
PROCESSOR_IDENTIFIER=Intel64 Family 6 Model 154 Stepping 3, GenuineIntel
TMP=C:\Users\amang\AppData\Local\Temp
TEMP=C:\Users\amang\AppData\Local\Temp




Periodic native trim disabled

---------------  S Y S T E M  ---------------

OS:
 Windows 11 , 64 bit Build 26100 (10.0.26100.9549)
OS uptime: 1 days 2:38 hours
Hyper-V role detected

CPU: total 12 (initial active 12) (6 cores per cpu, 2 threads per core) family 6 model 154 stepping 3 microcode 0x42c, cx8, cmov, fxsr, ht, mmx, 3dnowpref, sse, sse2, sse3, ssse3, sse4.1, sse4.2, popcnt, lzcnt, tsc, tscinvbit, avx, avx2, aes, erms, clmul, bmi1, bmi2, adx, sha, fma, vzeroupper, clflush, clflushopt, clwb, hv, serialize, rdtscp, rdpid, fsrm, f16c, cet_ibt, cet_ss
Processor Information for processor 0
  Max Mhz: 2000, Current Mhz: 1520, Mhz Limit: 2000
Processor Information for processor 1
  Max Mhz: 2000, Current Mhz: 2000, Mhz Limit: 2000
Processor Information for processor 2
  Max Mhz: 2000, Current Mhz: 2000, Mhz Limit: 2000
Processor Information for processor 3
  Max Mhz: 2000, Current Mhz: 2000, Mhz Limit: 2000
Processor Information for processor 4
  Max Mhz: 2000, Current Mhz: 2000, Mhz Limit: 2000
Processor Information for processor 5
  Max Mhz: 2000, Current Mhz: 2000, Mhz Limit: 2000
Processor Information for processor 6
  Max Mhz: 2000, Current Mhz: 1520, Mhz Limit: 2000
Processor Information for processor 7
  Max Mhz: 2000, Current Mhz: 2000, Mhz Limit: 2000
Processor Information for processor 8
  Max Mhz: 2000, Current Mhz: 1500, Mhz Limit: 1500
Processor Information for processor 9
  Max Mhz: 2000, Current Mhz: 1500, Mhz Limit: 1500
Processor Information for processor 10
  Max Mhz: 2000, Current Mhz: 1500, Mhz Limit: 1500
Processor Information for processor 11
  Max Mhz: 2000, Current Mhz: 1500, Mhz Limit: 1500

Memory: 4k page, system-wide physical 16108M (948M free)
TotalPageFile size 39600M (AvailPageFile size 0M)
current process WorkingSet (physical memory assigned to process): 329M, peak: 332M
current process commit charge ("private bytes"): 369M, peak: 419M

vm_info: OpenJDK 64-Bit Server VM (21.0.12.1+1-LTS) for windows-amd64 JRE (21.0.12.1+1-LTS), built on 2026-08-18T00:00:00Z by "admin" with MS VC++ 17.12 (VS2022)

END.
